Executando com parâmetros:
  path       = instances/homogeneous_fleet/70_100/P101_2_10_1.fcvrp
  seed       = 1
  restarts   = 1
  iterMax    = 5000
  randShift  = 1
  randSwap   = 1
Executando instancia P101_2_10_1.fcvrp na seed 1
------------------------------------------------------------------------------------------------------------------------------------------------
|  Restart |       Iter |       Best Feas. |             Best |      Current |       CapPen |  MinVisPen |  MaxVisPen |   Pool |    Time(s) |
------------------------------------------------------------------------------------------------------------------------------------------------
|        1 |          0 |           386.00 |           386.00 |       386.00 |        77.00 |      77.00 |      77.00 |      2 |     0.5572 |
|        1 |        500 |           328.00 |           328.00 |       348.00 |         0.21 |       0.01 |       0.01 |    599 |     2.1675 |
|        1 |       1000 |           328.00 |           328.00 |       344.00 |         0.01 |       0.01 |       0.01 |   1023 |     3.4844 |
|        1 |       1500 |           328.00 |           328.00 |       362.00 |         0.03 |       0.01 |       0.01 |   1411 |     4.8274 |
|        1 |       2000 |           328.00 |           328.00 |       391.00 |         0.01 |       0.01 |       0.01 |   1743 |     6.1519 |
|        1 |       2500 |           328.00 |           328.00 |       348.76 |         0.01 |       0.01 |       0.01 |   2151 |     7.5010 |
|        1 |       3000 |           328.00 |           328.00 |       406.00 |         0.01 |       0.01 |       0.01 |   2497 |     8.8838 |
|        1 |       3500 |           328.00 |           328.00 |       362.04 |         0.06 |       0.01 |       0.01 |   2866 |    10.2066 |
|        1 |       4000 |           328.00 |           328.00 |       376.00 |         0.01 |       0.01 |       0.01 |   3238 |    11.5588 |
|        1 |       4500 |           328.00 |           328.00 |       337.00 |         0.01 |       0.01 |       0.01 |   3478 |    12.8449 |
|        1 |       5000 |           328.00 |           328.00 |       369.00 |         0.02 |       0.01 |       0.01 |   3764 |    14.1897 |
Version identifier: 22.1.1.0 | 2022-11-28 | 9160aff4d
CPXPARAM_MIP_Tolerances_UpperCutoff              328.5
Tried aggregator 1 time.
MIP Presolve eliminated 84 rows and 365 columns.
MIP Presolve modified 608 coefficients.
Reduced MIP has 28 rows, 220 columns, and 3358 nonzeros.
Reduced MIP has 220 binaries, 0 generals, 0 SOSs, and 0 indicators.
Presolve time = 0.04 sec. (33.40 ticks)
Probing fixed 49 vars, tightened 0 bounds.
Probing time = 0.01 sec. (8.00 ticks)
Tried aggregator 1 time.
MIP Presolve eliminated 0 rows and 50 columns.
MIP Presolve modified 1 coefficients.
Reduced MIP has 28 rows, 170 columns, and 2673 nonzeros.
Reduced MIP has 170 binaries, 0 generals, 0 SOSs, and 0 indicators.
Presolve time = 0.00 sec. (2.92 ticks)
Probing fixed 4 vars, tightened 0 bounds.
Probing time = 0.01 sec. (5.49 ticks)
Tried aggregator 1 time.
Detecting symmetries...
MIP Presolve eliminated 0 rows and 4 columns.
Reduced MIP has 28 rows, 166 columns, and 2616 nonzeros.
Reduced MIP has 166 binaries, 0 generals, 0 SOSs, and 0 indicators.
Presolve time = 0.00 sec. (2.04 ticks)
Probing time = 0.00 sec. (2.89 ticks)
Clique table members: 63.
MIP emphasis: balance optimality and feasibility.
MIP search method: dynamic search.
Parallel mode: deterministic, using up to 4 threads.
Root relaxation solution time = 0.00 sec. (0.60 ticks)

        Nodes                                         Cuts/
   Node  Left     Objective  IInf  Best Integer    Best Bound    ItCnt     Gap

*     0     0      integral     0      328.0000      328.0000       39    0.00%
Elapsed time = 0.08 sec. (58.43 ticks, tree = 0.00 MB, solutions = 1)

Root node processing (before b&c):
  Real time             =    0.08 sec. (58.44 ticks)
Parallel b&c, 4 threads:
  Real time             =    0.00 sec. (0.00 ticks)
  Sync time (average)   =    0.00 sec.
  Wait time (average)   =    0.00 sec.
                          ------------
Total (root+branch&cut) =    0.08 sec. (58.44 ticks)
termination_status(sp) = OPTIMAL
objective_value(sp) = 327.9999999999998
#1: 0 (0) -> 27 (17) -> 31 (34) -> 70 (50) -> 30 (67) -> 20 (81) -> 51 (92) -> 33 (105) -> 79 (121) -> 29 (138) -> 24 (155) -> 55 (166) -> 25 (183) -> 39 (197) -> 23 (214) -> 75 (227) -> 41 (241) -> 22 (258) -> 74 (271) -> 73 (284) -> 21 (298) -> 40 (312) -> 26 (329) -> 28 (346) -> 0 (346)
#2: 0 (0) -> 53 (11) -> 13 (25) -> 94 (41) -> 6 (54) -> 96 (70) -> 99 (86) -> 93 (102) -> 98 (118) -> 37 (132) -> 100 (148) -> 14 (162) -> 38 (176) -> 44 (194) -> 16 (208) -> 17 (222) -> 45 (240) -> 46 (258) -> 47 (276) -> 19 (290) -> 48 (308) -> 82 (324) -> 18 (338) -> 52 (349) -> 0 (349)

Cost: 328.0
Executando instancia P101_2_10_1.fcvrp na seed 2
------------------------------------------------------------------------------------------------------------------------------------------------
|  Restart |       Iter |       Best Feas. |             Best |      Current |       CapPen |  MinVisPen |  MaxVisPen |   Pool |    Time(s) |
------------------------------------------------------------------------------------------------------------------------------------------------
|        1 |          0 |           400.00 |           400.00 |       400.00 |        74.72 |      74.72 |      74.72 |      2 |     0.0095 |
|        1 |        500 |           328.00 |           328.00 |       339.86 |         0.03 |       0.01 |       0.01 |    746 |     3.0482 |
|        1 |       1000 |           328.00 |           328.00 |       345.00 |         0.30 |       0.01 |       0.01 |   1092 |     4.3283 |
|        1 |       1500 |           328.00 |           328.00 |       367.00 |         0.12 |       0.01 |       0.01 |   1446 |     5.6257 |
|        1 |       2000 |           328.00 |           328.00 |       356.00 |         0.03 |       0.01 |       0.01 |   1735 |     6.9908 |
|        1 |       2500 |           328.00 |           328.00 |       335.00 |         0.01 |       0.01 |       0.01 |   2061 |     8.3260 |
|        1 |       3000 |           328.00 |           328.00 |       347.00 |         0.20 |       0.01 |       0.01 |   2311 |     9.6401 |
|        1 |       3500 |           328.00 |           328.00 |       355.00 |         0.15 |       0.01 |       0.01 |   2705 |    10.9183 |
|        1 |       4000 |           328.00 |           328.00 |       359.00 |         0.01 |       0.01 |       0.01 |   3038 |    12.2796 |
|        1 |       4500 |           328.00 |           328.00 |       376.97 |         0.26 |       0.01 |       0.01 |   3429 |    13.6530 |
|        1 |       5000 |           328.00 |           328.00 |       360.00 |         0.01 |       0.01 |       0.01 |   3747 |    14.9234 |
Version identifier: 22.1.1.0 | 2022-11-28 | 9160aff4d
CPXPARAM_MIP_Tolerances_UpperCutoff              328.5
Tried aggregator 1 time.
MIP Presolve eliminated 80 rows and 505 columns.
MIP Presolve modified 1203 coefficients.
Reduced MIP has 32 rows, 213 columns, and 3577 nonzeros.
Reduced MIP has 213 binaries, 0 generals, 0 SOSs, and 0 indicators.
Presolve time = 0.05 sec. (42.70 ticks)
Probing fixed 46 vars, tightened 0 bounds.
Probing changed sense of 2 constraints.
Probing time = 0.01 sec. (7.09 ticks)
Tried aggregator 1 time.
MIP Presolve eliminated 0 rows and 46 columns.
MIP Presolve modified 360 coefficients.
Reduced MIP has 32 rows, 167 columns, and 2653 nonzeros.
Reduced MIP has 167 binaries, 0 generals, 0 SOSs, and 0 indicators.
Presolve time = 0.00 sec. (3.09 ticks)
Probing fixed 3 vars, tightened 0 bounds.
Probing time = 0.01 sec. (4.50 ticks)
Tried aggregator 1 time.
Detecting symmetries...
MIP Presolve eliminated 0 rows and 3 columns.
Reduced MIP has 32 rows, 164 columns, and 2596 nonzeros.
Reduced MIP has 164 binaries, 0 generals, 0 SOSs, and 0 indicators.
Presolve time = 0.00 sec. (2.14 ticks)
Probing time = 0.00 sec. (2.69 ticks)
Clique table members: 47.
MIP emphasis: balance optimality and feasibility.
MIP search method: dynamic search.
Parallel mode: deterministic, using up to 4 threads.
Root relaxation solution time = 0.00 sec. (0.81 ticks)

        Nodes                                         Cuts/
   Node  Left     Objective  IInf  Best Integer    Best Bound    ItCnt     Gap

*     0     0      integral     0      328.0000      328.0000       55    0.00%
Elapsed time = 0.09 sec. (68.52 ticks, tree = 0.00 MB, solutions = 1)

Root node processing (before b&c):
  Real time             =    0.09 sec. (68.55 ticks)
Parallel b&c, 4 threads:
  Real time             =    0.00 sec. (0.00 ticks)
  Sync time (average)   =    0.00 sec.
  Wait time (average)   =    0.00 sec.
                          ------------
Total (root+branch&cut) =    0.09 sec. (68.55 ticks)
termination_status(sp) = OPTIMAL
objective_value(sp) = 328.0
#1: 0 (0) -> 27 (17) -> 31 (34) -> 70 (50) -> 30 (67) -> 20 (81) -> 51 (92) -> 33 (105) -> 79 (121) -> 29 (138) -> 24 (155) -> 55 (166) -> 25 (183) -> 39 (197) -> 23 (214) -> 75 (227) -> 22 (244) -> 41 (258) -> 74 (271) -> 73 (284) -> 21 (298) -> 40 (312) -> 26 (329) -> 28 (346) -> 0 (346)
#2: 0 (0) -> 52 (11) -> 18 (25) -> 82 (41) -> 48 (59) -> 19 (73) -> 47 (91) -> 46 (109) -> 45 (127) -> 17 (141) -> 16 (155) -> 44 (173) -> 38 (187) -> 14 (201) -> 100 (217) -> 37 (231) -> 98 (247) -> 93 (263) -> 99 (279) -> 96 (295) -> 6 (308) -> 94 (324) -> 13 (338) -> 53 (349) -> 0 (349)

Cost: 328.0
Executando instancia P101_2_10_1.fcvrp na seed 3
------------------------------------------------------------------------------------------------------------------------------------------------
|  Restart |       Iter |       Best Feas. |             Best |      Current |       CapPen |  MinVisPen |  MaxVisPen |   Pool |    Time(s) |
------------------------------------------------------------------------------------------------------------------------------------------------
|        1 |          0 |           376.00 |           376.00 |       376.00 |        73.97 |      73.97 |      73.97 |      2 |     0.0079 |
|        1 |        500 |           328.00 |           328.00 |       361.00 |         0.02 |       0.01 |       0.01 |    554 |     1.6666 |
|        1 |       1000 |           328.00 |           328.00 |       368.00 |         0.06 |       0.01 |       0.01 |    903 |     2.9970 |
|        1 |       1500 |           328.00 |           328.00 |       336.00 |         0.01 |       0.01 |       0.01 |   1195 |     4.3144 |
|        1 |       2000 |           328.00 |           328.00 |       357.92 |         0.24 |       0.01 |       0.01 |   1463 |     5.6870 |
|        1 |       2500 |           328.00 |           328.00 |       383.00 |         0.05 |       0.01 |       0.01 |   1847 |     6.9913 |
|        1 |       3000 |           328.00 |           328.00 |       356.42 |         0.05 |       0.01 |       0.01 |   2217 |     8.3420 |
|        1 |       3500 |           328.00 |           328.00 |       365.00 |         0.04 |       0.01 |       0.01 |   2646 |     9.6177 |
|        1 |       4000 |           328.00 |           328.00 |       329.00 |         0.02 |       0.01 |       0.01 |   2993 |    10.9834 |
|        1 |       4500 |           328.00 |           328.00 |       343.00 |         0.01 |       0.01 |       0.01 |   3246 |    12.2844 |
|        1 |       5000 |           328.00 |           328.00 |       351.00 |         0.01 |       0.01 |       0.01 |   3511 |    13.6436 |
Version identifier: 22.1.1.0 | 2022-11-28 | 9160aff4d
CPXPARAM_MIP_Tolerances_UpperCutoff              328.5
Tried aggregator 1 time.
MIP Presolve eliminated 81 rows and 381 columns.
MIP Presolve modified 571 coefficients.
Reduced MIP has 31 rows, 177 columns, and 2860 nonzeros.
Reduced MIP has 177 binaries, 0 generals, 0 SOSs, and 0 indicators.
Presolve time = 0.04 sec. (30.96 ticks)
Probing fixed 35 vars, tightened 0 bounds.
Probing changed sense of 2 constraints.
Probing time = 0.01 sec. (5.11 ticks)
Tried aggregator 1 time.
MIP Presolve eliminated 0 rows and 35 columns.
MIP Presolve modified 261 coefficients.
Reduced MIP has 31 rows, 142 columns, and 2232 nonzeros.
Reduced MIP has 142 binaries, 0 generals, 0 SOSs, and 0 indicators.
Presolve time = 0.00 sec. (2.52 ticks)
Probing fixed 7 vars, tightened 0 bounds.
Probing changed sense of 1 constraints.
Probing time = 0.01 sec. (3.34 ticks)
Tried aggregator 1 time.
Detecting symmetries...
MIP Presolve eliminated 0 rows and 7 columns.
Reduced MIP has 31 rows, 135 columns, and 2125 nonzeros.
Reduced MIP has 135 binaries, 0 generals, 0 SOSs, and 0 indicators.
Presolve time = 0.00 sec. (1.64 ticks)
Probing fixed 1 vars, tightened 0 bounds.
Probing time = 0.01 sec. (3.18 ticks)
Clique table members: 67.
MIP emphasis: balance optimality and feasibility.
MIP search method: dynamic search.
Parallel mode: deterministic, using up to 4 threads.
Root relaxation solution time = 0.00 sec. (0.65 ticks)

        Nodes                                         Cuts/
   Node  Left     Objective  IInf  Best Integer    Best Bound    ItCnt     Gap

*     0     0      integral     0      328.0000      328.0000       41    0.00%
Elapsed time = 0.07 sec. (52.83 ticks, tree = 0.00 MB, solutions = 1)

Root node processing (before b&c):
  Real time             =    0.07 sec. (52.84 ticks)
Parallel b&c, 4 threads:
  Real time             =    0.00 sec. (0.00 ticks)
  Sync time (average)   =    0.00 sec.
  Wait time (average)   =    0.00 sec.
                          ------------
Total (root+branch&cut) =    0.07 sec. (52.84 ticks)
termination_status(sp) = OPTIMAL
objective_value(sp) = 328.0
#1: 0 (0) -> 27 (17) -> 31 (34) -> 70 (50) -> 30 (67) -> 20 (81) -> 51 (92) -> 33 (105) -> 79 (121) -> 29 (138) -> 24 (155) -> 55 (166) -> 25 (183) -> 39 (197) -> 23 (214) -> 75 (227) -> 22 (244) -> 41 (258) -> 74 (271) -> 73 (284) -> 21 (298) -> 40 (312) -> 26 (329) -> 28 (346) -> 0 (346)
#2: 0 (0) -> 52 (11) -> 18 (25) -> 82 (41) -> 48 (59) -> 19 (73) -> 47 (91) -> 46 (109) -> 45 (127) -> 17 (141) -> 16 (155) -> 44 (173) -> 38 (187) -> 14 (201) -> 100 (217) -> 37 (231) -> 98 (247) -> 93 (263) -> 99 (279) -> 96 (295) -> 6 (308) -> 94 (324) -> 13 (338) -> 53 (349) -> 0 (349)

Cost: 328.0
Executando instancia P101_2_10_1.fcvrp na seed 4
------------------------------------------------------------------------------------------------------------------------------------------------
|  Restart |       Iter |       Best Feas. |             Best |      Current |       CapPen |  MinVisPen |  MaxVisPen |   Pool |    Time(s) |
------------------------------------------------------------------------------------------------------------------------------------------------
|        1 |          0 |           387.00 |           387.00 |       387.00 |        71.06 |      71.06 |      71.06 |      2 |     0.0109 |
|        1 |        500 |           328.00 |           328.00 |       334.00 |         0.01 |       0.01 |       0.01 |    500 |     1.9492 |
|        1 |       1000 |           328.00 |           328.00 |       329.00 |         0.01 |       0.01 |       0.01 |    848 |     3.3134 |
|        1 |       1500 |           328.00 |           328.00 |       329.00 |         0.05 |       0.01 |       0.01 |   1148 |     4.6749 |
|        1 |       2000 |           328.00 |           328.00 |       352.77 |         0.02 |       0.01 |       0.01 |   1428 |     6.1057 |
|        1 |       2500 |           328.00 |           328.00 |       354.00 |         0.03 |       0.01 |       0.01 |   1780 |     7.4896 |
|        1 |       3000 |           328.00 |           328.00 |       349.00 |         0.02 |       0.01 |       0.01 |   2159 |     8.9527 |
|        1 |       3500 |           328.00 |           328.00 |       384.27 |         0.05 |       0.01 |       0.01 |   2466 |    10.2777 |
|        1 |       4000 |           328.00 |           328.00 |       385.00 |         0.01 |       0.01 |       0.01 |   2899 |    11.6497 |
|        1 |       4500 |           328.00 |           328.00 |       366.48 |         0.01 |       0.01 |       0.01 |   3197 |    13.0406 |
|        1 |       5000 |           328.00 |           328.00 |       387.00 |         0.25 |       0.01 |       0.01 |   3509 |    14.4114 |
Version identifier: 22.1.1.0 | 2022-11-28 | 9160aff4d
CPXPARAM_MIP_Tolerances_UpperCutoff              328.5
Tried aggregator 1 time.
MIP Presolve eliminated 77 rows and 428 columns.
MIP Presolve modified 1036 coefficients.
Reduced MIP has 35 rows, 211 columns, and 3785 nonzeros.
Reduced MIP has 211 binaries, 0 generals, 0 SOSs, and 0 indicators.
Presolve time = 0.04 sec. (38.32 ticks)
Probing fixed 58 vars, tightened 0 bounds.
Probing changed sense of 3 constraints.
Probing time = 0.01 sec. (6.94 ticks)
Tried aggregator 1 time.
MIP Presolve eliminated 3 rows and 80 columns.
MIP Presolve modified 323 coefficients.
Reduced MIP has 32 rows, 131 columns, and 2173 nonzeros.
Reduced MIP has 131 binaries, 0 generals, 0 SOSs, and 0 indicators.
Presolve time = 0.01 sec. (6.18 ticks)
Probing fixed 3 vars, tightened 0 bounds.
Probing changed sense of 2 constraints.
Probing time = 0.01 sec. (3.07 ticks)
Tried aggregator 1 time.
Detecting symmetries...
MIP Presolve eliminated 0 rows and 3 columns.
Reduced MIP has 32 rows, 128 columns, and 2127 nonzeros.
Reduced MIP has 128 binaries, 0 generals, 0 SOSs, and 0 indicators.
Presolve time = 0.00 sec. (1.63 ticks)
Probing time = 0.00 sec. (2.51 ticks)
Clique table members: 45.
MIP emphasis: balance optimality and feasibility.
MIP search method: dynamic search.
Parallel mode: deterministic, using up to 4 threads.
Root relaxation solution time = 0.00 sec. (0.75 ticks)

        Nodes                                         Cuts/
   Node  Left     Objective  IInf  Best Integer    Best Bound    ItCnt     Gap

*     0     0      integral     0      328.0000      328.0000       55    0.00%
Elapsed time = 0.09 sec. (64.38 ticks, tree = 0.00 MB, solutions = 1)

Root node processing (before b&c):
  Real time             =    0.09 sec. (64.41 ticks)
Parallel b&c, 4 threads:
  Real time             =    0.00 sec. (0.00 ticks)
  Sync time (average)   =    0.00 sec.
  Wait time (average)   =    0.00 sec.
                          ------------
Total (root+branch&cut) =    0.09 sec. (64.41 ticks)
termination_status(sp) = OPTIMAL
objective_value(sp) = 328.0
#1: 0 (0) -> 27 (17) -> 31 (34) -> 70 (50) -> 30 (67) -> 20 (81) -> 51 (92) -> 33 (105) -> 79 (121) -> 29 (138) -> 24 (155) -> 55 (166) -> 25 (183) -> 39 (197) -> 23 (214) -> 75 (227) -> 41 (241) -> 22 (258) -> 74 (271) -> 73 (284) -> 21 (298) -> 40 (312) -> 26 (329) -> 28 (346) -> 0 (346)
#2: 0 (0) -> 53 (11) -> 13 (25) -> 94 (41) -> 6 (54) -> 96 (70) -> 99 (86) -> 93 (102) -> 98 (118) -> 37 (132) -> 100 (148) -> 14 (162) -> 38 (176) -> 44 (194) -> 16 (208) -> 17 (222) -> 45 (240) -> 46 (258) -> 47 (276) -> 19 (290) -> 48 (308) -> 82 (324) -> 18 (338) -> 52 (349) -> 0 (349)

Cost: 328.0
Executando instancia P101_2_10_1.fcvrp na seed 5
------------------------------------------------------------------------------------------------------------------------------------------------
|  Restart |       Iter |       Best Feas. |             Best |      Current |       CapPen |  MinVisPen |  MaxVisPen |   Pool |    Time(s) |
------------------------------------------------------------------------------------------------------------------------------------------------
|        1 |          0 |           369.00 |           369.00 |       369.00 |        84.29 |      84.29 |      84.29 |      2 |     0.0059 |
|        1 |        500 |           340.00 |           338.56 |       354.65 |         0.15 |       0.01 |       0.01 |    378 |     1.3876 |
|        1 |       1000 |           340.00 |           338.56 |       353.00 |         0.01 |       0.01 |       0.01 |    796 |     2.7057 |
|        1 |        500 |           329.00 |           329.00 |       349.00 |         0.01 |       0.01 |       0.01 |   1253 |     4.3315 |
|        1 |        500 |           328.00 |           328.00 |       338.00 |         0.01 |       0.01 |       0.01 |   1613 |     5.8222 |
|        1 |       1000 |           328.00 |           328.00 |       356.00 |         0.03 |       0.01 |       0.01 |   1976 |     7.1346 |
|        1 |       1500 |           328.00 |           328.00 |       344.20 |         0.02 |       0.01 |       0.01 |   2334 |     8.3926 |
|        1 |       2000 |           328.00 |           328.00 |       362.00 |         0.36 |       0.01 |       0.01 |   2577 |     9.6722 |
|        1 |       2500 |           328.00 |           328.00 |       331.00 |         0.01 |       0.01 |       0.01 |   2940 |    11.0545 |
|        1 |       3000 |           328.00 |           328.00 |       363.00 |         0.09 |       0.01 |       0.01 |   3238 |    12.4080 |
|        1 |       3500 |           328.00 |           328.00 |       349.00 |         0.28 |       0.01 |       0.01 |   3517 |    13.7407 |
|        1 |       4000 |           328.00 |           328.00 |       380.00 |         0.01 |       0.01 |       0.01 |   3814 |    15.0650 |
|        1 |       4500 |           328.00 |           328.00 |       340.73 |         0.02 |       0.01 |       0.01 |   4134 |    16.3618 |
|        1 |       5000 |           328.00 |           328.00 |       335.24 |         0.27 |       0.01 |       0.01 |   4411 |    17.6551 |
Version identifier: 22.1.1.0 | 2022-11-28 | 9160aff4d
CPXPARAM_MIP_Tolerances_UpperCutoff              328.5
Tried aggregator 1 time.
MIP Presolve eliminated 74 rows and 442 columns.
MIP Presolve modified 874 coefficients.
Reduced MIP has 38 rows, 333 columns, and 6495 nonzeros.
Reduced MIP has 333 binaries, 0 generals, 0 SOSs, and 0 indicators.
Presolve time = 0.02 sec. (15.16 ticks)
Probing fixed 110 vars, tightened 0 bounds.
Probing time = 0.02 sec. (17.19 ticks)
Tried aggregator 1 time.
MIP Presolve eliminated 1 rows and 123 columns.
MIP Presolve modified 5 coefficients.
Reduced MIP has 37 rows, 210 columns, and 4189 nonzeros.
Reduced MIP has 210 binaries, 0 generals, 0 SOSs, and 0 indicators.
Presolve time = 0.01 sec. (5.47 ticks)
Probing fixed 6 vars, tightened 0 bounds.
Probing time = 0.01 sec. (8.68 ticks)
Tried aggregator 1 time.
Detecting symmetries...
MIP Presolve eliminated 1 rows and 16 columns.
MIP Presolve modified 171 coefficients.
Reduced MIP has 36 rows, 194 columns, and 3791 nonzeros.
Reduced MIP has 194 binaries, 0 generals, 0 SOSs, and 0 indicators.
Presolve time = 0.01 sec. (7.37 ticks)
Probing fixed 8 vars, tightened 0 bounds.
Probing time = 0.01 sec. (7.38 ticks)
Clique table members: 74.
MIP emphasis: balance optimality and feasibility.
MIP search method: dynamic search.
Parallel mode: deterministic, using up to 4 threads.
Root relaxation solution time = 0.00 sec. (1.15 ticks)

        Nodes                                         Cuts/
   Node  Left     Objective  IInf  Best Integer    Best Bound    ItCnt     Gap

*     0     0      integral     0      328.0000      328.0000       46    0.00%
Elapsed time = 0.10 sec. (66.19 ticks, tree = 0.00 MB, solutions = 1)

Root node processing (before b&c):
  Real time             =    0.10 sec. (66.22 ticks)
Parallel b&c, 4 threads:
  Real time             =    0.00 sec. (0.00 ticks)
  Sync time (average)   =    0.00 sec.
  Wait time (average)   =    0.00 sec.
                          ------------
Total (root+branch&cut) =    0.10 sec. (66.22 ticks)
termination_status(sp) = OPTIMAL
objective_value(sp) = 328.0
#1: 0 (0) -> 27 (17) -> 31 (34) -> 70 (50) -> 30 (67) -> 20 (81) -> 51 (92) -> 33 (105) -> 79 (121) -> 29 (138) -> 24 (155) -> 55 (166) -> 25 (183) -> 39 (197) -> 23 (214) -> 75 (227) -> 22 (244) -> 41 (258) -> 74 (271) -> 73 (284) -> 21 (298) -> 40 (312) -> 26 (329) -> 28 (346) -> 0 (346)
#2: 0 (0) -> 53 (11) -> 13 (25) -> 94 (41) -> 6 (54) -> 96 (70) -> 99 (86) -> 93 (102) -> 98 (118) -> 37 (132) -> 100 (148) -> 14 (162) -> 38 (176) -> 44 (194) -> 16 (208) -> 17 (222) -> 45 (240) -> 46 (258) -> 47 (276) -> 19 (290) -> 48 (308) -> 82 (324) -> 18 (338) -> 52 (349) -> 0 (349)

Cost: 328.0
