Executando com parâmetros:
  path       = instances/homogeneous_fleet/70_100/P101_4_51_3.fcvrp
  seed       = 1
  restarts   = 1
  iterMax    = 5000
  randShift  = 1
  randSwap   = 1
Executando instancia P101_4_51_3.fcvrp na seed 1
------------------------------------------------------------------------------------------------------------------------------------------------
|  Restart |       Iter |       Best Feas. |             Best |      Current |       CapPen |  MinVisPen |  MaxVisPen |   Pool |    Time(s) |
------------------------------------------------------------------------------------------------------------------------------------------------
|        1 |          0 |           690.00 |           690.00 |       690.00 |        71.06 |      71.06 |      71.06 |      4 |     0.6930 |
|        1 |        500 |           651.00 |           648.06 |       686.79 |         0.46 |       0.01 |       0.01 |    672 |     2.4862 |
|        1 |       1000 |           651.00 |           648.06 |       680.00 |         0.17 |       0.01 |       0.01 |   1383 |     4.4410 |
|        1 |       1500 |           651.00 |           648.06 |       665.00 |         0.11 |       0.01 |       0.01 |   1863 |     6.3302 |
|        1 |        500 |           641.00 |           641.00 |       699.00 |         0.14 |       0.01 |       0.01 |   2675 |     9.4152 |
|        1 |       1000 |           641.00 |           641.00 |       681.71 |         0.31 |       0.01 |       0.01 |   3295 |    11.3692 |
|        1 |       1500 |           641.00 |           641.00 |       705.78 |         0.28 |       0.01 |       0.01 |   3869 |    13.3889 |
|        1 |       2000 |           641.00 |           641.00 |       678.41 |         0.14 |       0.01 |       0.01 |   4435 |    15.5930 |
|        1 |       2500 |           641.00 |           641.00 |       676.18 |         0.02 |       0.01 |       0.01 |   4959 |    17.4071 |
|        1 |       3000 |           641.00 |           641.00 |       670.00 |         0.07 |       0.01 |       0.01 |   5473 |    19.4299 |
|        1 |       3500 |           641.00 |           641.00 |       653.18 |         0.17 |       0.01 |       0.01 |   6029 |    21.2052 |
|        1 |       4000 |           641.00 |           641.00 |       670.00 |         0.01 |       0.01 |       0.01 |   6576 |    23.0849 |
|        1 |       4500 |           641.00 |           641.00 |       674.00 |         0.24 |       0.01 |       0.01 |   7257 |    25.0019 |
|        1 |       5000 |           641.00 |           641.00 |       667.00 |         0.09 |       0.01 |       0.01 |   7937 |    26.9341 |
Version identifier: 22.1.1.0 | 2022-11-28 | 9160aff4d
CPXPARAM_MIP_Tolerances_UpperCutoff              641.5
Tried aggregator 1 time.
MIP Presolve eliminated 29 rows and 246 columns.
MIP Presolve modified 4163 coefficients.
Reduced MIP has 126 rows, 2770 columns, and 90449 nonzeros.
Reduced MIP has 2770 binaries, 0 generals, 0 SOSs, and 0 indicators.
Presolve time = 0.19 sec. (93.07 ticks)
Tried aggregator 1 time.
Detecting symmetries...
Reduced MIP has 126 rows, 2770 columns, and 90449 nonzeros.
Reduced MIP has 2770 binaries, 0 generals, 0 SOSs, and 0 indicators.
Presolve time = 0.13 sec. (67.48 ticks)
Probing fixed 371 vars, tightened 0 bounds.
Probing changed sense of 4 constraints.
Probing time = 1.10 sec. (361.40 ticks)
Clique table members: 1525.
MIP emphasis: balance optimality and feasibility.
MIP search method: dynamic search.
Parallel mode: deterministic, using up to 4 threads.
Root relaxation solution time = 0.14 sec. (99.93 ticks)

        Nodes                                         Cuts/
   Node  Left     Objective  IInf  Best Integer    Best Bound    ItCnt     Gap

*     0     0      integral     0      638.0000      638.0000      448    0.00%
Elapsed time = 1.63 sec. (650.63 ticks, tree = 0.00 MB, solutions = 1)

Root node processing (before b&c):
  Real time             =    1.63 sec. (650.72 ticks)
Parallel b&c, 4 threads:
  Real time             =    0.00 sec. (0.00 ticks)
  Sync time (average)   =    0.00 sec.
  Wait time (average)   =    0.00 sec.
                          ------------
Total (root+branch&cut) =    1.63 sec. (650.72 ticks)
termination_status(sp) = OPTIMAL
objective_value(sp) = 638.0000000000001
#1: 0 (0) -> 6 (4) -> 94 (19) -> 95 (34) -> 97 (49) -> 92 (64) -> 59 (80) -> 99 (95) -> 93 (110) -> 98 (125) -> 37 (133) -> 100 (148) -> 91 (159) -> 85 (183) -> 61 (196) -> 16 (207) -> 86 (231) -> 38 (255) -> 44 (273) -> 14 (295) -> 42 (301) -> 43 (307) -> 15 (315) -> 57 (328) -> 2 (335) -> 13 (357) -> 0 (357)
#2: 0 (0) -> 52 (9) -> 7 (13) -> 48 (45) -> 19 (60) -> 11 (76) -> 62 (95) -> 10 (111) -> 32 (134) -> 90 (145) -> 63 (155) -> 64 (173) -> 49 (203) -> 36 (208) -> 47 (240) -> 46 (249) -> 8 (262) -> 45 (271) -> 17 (282) -> 84 (306) -> 5 (329) -> 60 (345) -> 83 (369) -> 18 (384) -> 89 (395) -> 0 (395)
#3: 0 (0) -> 53 (16) -> 58 (29) -> 40 (36) -> 21 (46) -> 73 (60) -> 74 (74) -> 41 (81) -> 22 (99) -> 75 (117) -> 56 (121) -> 23 (150) -> 67 (173) -> 39 (197) -> 4 (220) -> 25 (225) -> 55 (229) -> 54 (245) -> 24 (250) -> 29 (263) -> 68 (286) -> 80 (301) -> 12 (317) -> 26 (334) -> 28 (347) -> 0 (347)
#4: 0 (0) -> 31 (24) -> 70 (34) -> 30 (58) -> 20 (68) -> 66 (86) -> 71 (96) -> 35 (104) -> 34 (118) -> 9 (131) -> 51 (143) -> 33 (154) -> 79 (169) -> 3 (182) -> 77 (197) -> 76 (210) -> 50 (222) -> 1 (232) -> 69 (255) -> 27 (272) -> 0 (272)

Cost: 638.0
Executando instancia P101_4_51_3.fcvrp na seed 2
------------------------------------------------------------------------------------------------------------------------------------------------
|  Restart |       Iter |       Best Feas. |             Best |      Current |       CapPen |  MinVisPen |  MaxVisPen |   Pool |    Time(s) |
------------------------------------------------------------------------------------------------------------------------------------------------
|        1 |          0 |           702.00 |           702.00 |       702.00 |        73.97 |      73.97 |      73.97 |      4 |     0.0133 |
|        1 |        500 |           648.00 |           647.07 |       667.05 |         0.57 |       0.01 |       0.01 |    833 |     3.2289 |
|        1 |       1000 |           648.00 |           647.07 |       669.00 |         0.05 |       0.01 |       0.01 |   1397 |     5.2473 |
|        1 |       1500 |           648.00 |           644.52 |       662.00 |         0.01 |       0.01 |       0.01 |   1974 |     7.1314 |
|        1 |       2000 |           648.00 |           644.52 |       706.00 |         0.12 |       0.01 |       0.01 |   2585 |     9.0078 |
|        1 |        500 |           647.00 |           644.52 |       665.85 |         0.23 |       0.01 |       0.01 |   3310 |    11.4117 |
|        1 |       1000 |           647.00 |           644.52 |       678.82 |         0.32 |       0.01 |       0.01 |   3920 |    13.2785 |
|        1 |       1500 |           647.00 |           644.52 |       691.00 |         0.05 |       0.01 |       0.01 |   4565 |    15.0738 |
|        1 |       2000 |           647.00 |           644.52 |       684.00 |         0.06 |       0.01 |       0.01 |   5240 |    16.9500 |
|        1 |       2500 |           647.00 |           644.52 |       667.32 |         1.44 |       0.01 |       0.01 |   5817 |    18.7576 |
|        1 |       3000 |           647.00 |           644.52 |       678.00 |         0.02 |       0.01 |       0.01 |   6365 |    20.5632 |
|        1 |        500 |           640.00 |           640.00 |       647.51 |         0.18 |       0.01 |       0.01 |   6906 |    22.4973 |
|        1 |        500 |           639.00 |           639.00 |       683.00 |         0.03 |       0.01 |       0.01 |   7387 |    24.4408 |
|        1 |       1000 |           639.00 |           639.00 |       656.91 |         0.06 |       0.01 |       0.01 |   7871 |    26.1947 |
|        1 |       1500 |           639.00 |           639.00 |       694.00 |         0.06 |       0.01 |       0.01 |   8512 |    28.0409 |
|        1 |       2000 |           639.00 |           639.00 |       658.07 |         0.19 |       0.01 |       0.01 |   9026 |    29.8154 |
|        1 |       2500 |           639.00 |           639.00 |       682.00 |         0.10 |       0.01 |       0.01 |   9652 |    31.7167 |
|        1 |       3000 |           639.00 |           639.00 |       697.00 |         0.11 |       0.01 |       0.01 |  10292 |    33.5028 |
|        1 |       3500 |           639.00 |           639.00 |       660.00 |         0.02 |       0.01 |       0.01 |  10952 |    35.3742 |
|        1 |       4000 |           639.00 |           639.00 |       684.84 |         0.02 |       0.01 |       0.01 |  11547 |    37.1489 |
|        1 |       4500 |           639.00 |           639.00 |       680.00 |         0.20 |       0.01 |       0.01 |  12245 |    38.9498 |
|        1 |       5000 |           639.00 |           639.00 |       698.00 |         1.38 |       0.01 |       0.01 |  12785 |    40.6242 |
Version identifier: 22.1.1.0 | 2022-11-28 | 9160aff4d
CPXPARAM_MIP_Tolerances_UpperCutoff              639.5
Tried aggregator 1 time.
MIP Presolve eliminated 32 rows and 445 columns.
MIP Presolve modified 7777 coefficients.
Reduced MIP has 122 rows, 3341 columns, and 105071 nonzeros.
Reduced MIP has 3341 binaries, 0 generals, 0 SOSs, and 0 indicators.
Presolve time = 0.23 sec. (128.54 ticks)
Tried aggregator 1 time.
Detecting symmetries...
Reduced MIP has 122 rows, 3341 columns, and 105071 nonzeros.
Reduced MIP has 3341 binaries, 0 generals, 0 SOSs, and 0 indicators.
Presolve time = 0.14 sec. (82.68 ticks)
Probing fixed 311 vars, tightened 0 bounds.
Probing time = 0.95 sec. (423.45 ticks)
Clique table members: 1879.
MIP emphasis: balance optimality and feasibility.
MIP search method: dynamic search.
Parallel mode: deterministic, using up to 4 threads.
Root relaxation solution time = 0.18 sec. (124.79 ticks)

        Nodes                                         Cuts/
   Node  Left     Objective  IInf  Best Integer    Best Bound    ItCnt     Gap

      0     0      634.6667    20                    634.6667      485         
*     0+    0                          638.0000      634.6667             0.52%
      0     0        cutoff            638.0000      638.0000      791    0.00%
Elapsed time = 1.84 sec. (867.59 ticks, tree = 0.01 MB, solutions = 1)

Root node processing (before b&c):
  Real time             =    1.84 sec. (867.70 ticks)
Parallel b&c, 4 threads:
  Real time             =    0.00 sec. (0.00 ticks)
  Sync time (average)   =    0.00 sec.
  Wait time (average)   =    0.00 sec.
                          ------------
Total (root+branch&cut) =    1.84 sec. (867.70 ticks)
termination_status(sp) = OPTIMAL
objective_value(sp) = 638.0
#1: 0 (0) -> 6 (4) -> 96 (19) -> 99 (34) -> 59 (50) -> 92 (65) -> 37 (73) -> 98 (88) -> 93 (103) -> 85 (127) -> 61 (140) -> 16 (151) -> 86 (175) -> 44 (193) -> 38 (217) -> 14 (239) -> 42 (245) -> 43 (251) -> 15 (259) -> 57 (272) -> 2 (279) -> 87 (290) -> 97 (305) -> 95 (320) -> 94 (335) -> 13 (357) -> 0 (357)
#2: 0 (0) -> 27 (17) -> 69 (40) -> 1 (50) -> 50 (62) -> 76 (75) -> 77 (90) -> 3 (103) -> 79 (118) -> 33 (129) -> 51 (141) -> 9 (154) -> 34 (168) -> 35 (176) -> 71 (186) -> 66 (204) -> 20 (214) -> 30 (238) -> 70 (248) -> 31 (272) -> 0 (272)
#3: 0 (0) -> 52 (9) -> 7 (13) -> 48 (45) -> 19 (60) -> 11 (76) -> 62 (95) -> 10 (111) -> 32 (134) -> 90 (145) -> 63 (155) -> 64 (173) -> 49 (203) -> 36 (208) -> 47 (240) -> 46 (249) -> 8 (262) -> 45 (271) -> 17 (282) -> 84 (306) -> 5 (329) -> 60 (345) -> 83 (369) -> 18 (384) -> 89 (395) -> 0 (395)
#4: 0 (0) -> 28 (13) -> 26 (30) -> 12 (46) -> 80 (61) -> 68 (84) -> 29 (97) -> 24 (102) -> 54 (118) -> 55 (122) -> 25 (127) -> 4 (150) -> 39 (174) -> 67 (197) -> 23 (226) -> 56 (230) -> 75 (248) -> 41 (255) -> 22 (273) -> 74 (287) -> 73 (301) -> 21 (311) -> 40 (318) -> 58 (331) -> 53 (347) -> 0 (347)

Cost: 638.0
Executando instancia P101_4_51_3.fcvrp na seed 3
------------------------------------------------------------------------------------------------------------------------------------------------
|  Restart |       Iter |       Best Feas. |             Best |      Current |       CapPen |  MinVisPen |  MaxVisPen |   Pool |    Time(s) |
------------------------------------------------------------------------------------------------------------------------------------------------
|        1 |          0 |           693.00 |           693.00 |       693.00 |        64.91 |      64.91 |      64.91 |      4 |     0.0120 |
|        1 |        500 |           644.00 |           644.00 |       672.00 |         0.02 |       0.01 |       0.01 |   1550 |     5.1092 |
|        1 |       1000 |           644.00 |           644.00 |       667.23 |         0.01 |       0.01 |       0.01 |   2143 |     6.8863 |
|        1 |       1500 |           644.00 |           644.00 |       687.00 |         0.07 |       0.01 |       0.01 |   2704 |     8.7177 |
|        1 |       2000 |           644.00 |           644.00 |       672.00 |         0.01 |       0.01 |       0.01 |   3281 |    10.5730 |
|        1 |        500 |           641.00 |           641.00 |       684.00 |         0.86 |       0.01 |       0.01 |   3906 |    12.8352 |
|        1 |       1000 |           641.00 |           641.00 |       656.00 |         0.25 |       0.01 |       0.01 |   4472 |    14.6359 |
|        1 |       1500 |           641.00 |           641.00 |       701.00 |         0.07 |       0.01 |       0.01 |   5164 |    16.3008 |
|        1 |       2000 |           641.00 |           641.00 |       652.00 |         0.13 |       0.01 |       0.01 |   5732 |    18.0483 |
|        1 |       2500 |           641.00 |           641.00 |       679.00 |         0.02 |       0.01 |       0.01 |   6346 |    19.8244 |
|        1 |       3000 |           641.00 |           641.00 |       679.31 |         0.34 |       0.01 |       0.01 |   6851 |    21.5569 |
|        1 |       3500 |           641.00 |           641.00 |       704.00 |         0.28 |       0.01 |       0.01 |   7327 |    23.2937 |
|        1 |       4000 |           641.00 |           641.00 |       672.94 |         0.08 |       0.01 |       0.01 |   8003 |    25.0215 |
|        1 |       4500 |           641.00 |           641.00 |       701.00 |         0.12 |       0.01 |       0.01 |   8575 |    26.7744 |
|        1 |       5000 |           641.00 |           641.00 |       684.12 |         0.13 |       0.01 |       0.01 |   9241 |    28.5279 |
Version identifier: 22.1.1.0 | 2022-11-28 | 9160aff4d
CPXPARAM_MIP_Tolerances_UpperCutoff              641.5
Tried aggregator 1 time.
MIP Presolve eliminated 27 rows and 411 columns.
MIP Presolve modified 4392 coefficients.
Reduced MIP has 127 rows, 3483 columns, and 116058 nonzeros.
Reduced MIP has 3483 binaries, 0 generals, 0 SOSs, and 0 indicators.
Presolve time = 0.25 sec. (140.14 ticks)
Tried aggregator 1 time.
Detecting symmetries...
Reduced MIP has 127 rows, 3483 columns, and 116058 nonzeros.
Reduced MIP has 3483 binaries, 0 generals, 0 SOSs, and 0 indicators.
Presolve time = 0.18 sec. (92.90 ticks)
Probing fixed 333 vars, tightened 0 bounds.
Probing time = 1.15 sec. (466.31 ticks)
Clique table members: 1823.
MIP emphasis: balance optimality and feasibility.
MIP search method: dynamic search.
Parallel mode: deterministic, using up to 4 threads.
Root relaxation solution time = 0.12 sec. (110.74 ticks)

        Nodes                                         Cuts/
   Node  Left     Objective  IInf  Best Integer    Best Bound    ItCnt     Gap

      0     0      635.1882    56                    635.1882      409         
*     0+    0                          638.0000      635.1882             0.44%
      0     0        cutoff            638.0000      635.1882      755    0.44%
Elapsed time = 2.00 sec. (950.62 ticks, tree = 0.01 MB, solutions = 1)

Root node processing (before b&c):
  Real time             =    2.00 sec. (950.74 ticks)
Parallel b&c, 4 threads:
  Real time             =    0.01 sec. (1.22 ticks)
  Sync time (average)   =    0.00 sec.
  Wait time (average)   =    0.00 sec.
                          ------------
Total (root+branch&cut) =    2.00 sec. (951.96 ticks)
termination_status(sp) = OPTIMAL
objective_value(sp) = 638.0
#1: 0 (0) -> 52 (9) -> 7 (13) -> 48 (45) -> 19 (60) -> 11 (76) -> 62 (95) -> 10 (111) -> 32 (134) -> 90 (145) -> 63 (155) -> 64 (173) -> 49 (203) -> 36 (208) -> 47 (240) -> 46 (249) -> 8 (262) -> 45 (271) -> 17 (282) -> 84 (306) -> 5 (329) -> 60 (345) -> 83 (369) -> 18 (384) -> 89 (395) -> 0 (395)
#2: 0 (0) -> 53 (16) -> 58 (29) -> 40 (36) -> 21 (46) -> 72 (60) -> 74 (74) -> 22 (92) -> 41 (99) -> 75 (117) -> 56 (121) -> 23 (150) -> 67 (173) -> 39 (197) -> 4 (220) -> 25 (225) -> 55 (229) -> 54 (245) -> 24 (250) -> 29 (263) -> 68 (286) -> 80 (301) -> 12 (317) -> 26 (334) -> 28 (347) -> 0 (347)
#3: 0 (0) -> 31 (24) -> 70 (34) -> 30 (58) -> 20 (68) -> 66 (86) -> 71 (96) -> 35 (104) -> 34 (118) -> 9 (131) -> 51 (143) -> 81 (158) -> 33 (169) -> 3 (182) -> 77 (197) -> 76 (210) -> 50 (222) -> 1 (232) -> 69 (255) -> 27 (272) -> 0 (272)
#4: 0 (0) -> 6 (4) -> 96 (19) -> 99 (34) -> 59 (50) -> 92 (65) -> 37 (73) -> 98 (88) -> 93 (103) -> 85 (127) -> 61 (140) -> 16 (151) -> 86 (175) -> 44 (193) -> 38 (217) -> 14 (239) -> 42 (245) -> 43 (251) -> 15 (259) -> 57 (272) -> 2 (279) -> 87 (290) -> 97 (305) -> 95 (320) -> 94 (335) -> 13 (357) -> 0 (357)

Cost: 638.0
Executando instancia P101_4_51_3.fcvrp na seed 4
------------------------------------------------------------------------------------------------------------------------------------------------
|  Restart |       Iter |       Best Feas. |             Best |      Current |       CapPen |  MinVisPen |  MaxVisPen |   Pool |    Time(s) |
------------------------------------------------------------------------------------------------------------------------------------------------
|        1 |          0 |           726.00 |           726.00 |       726.00 |        61.73 |      61.73 |      61.73 |      4 |     0.0121 |
|        1 |        500 |           643.00 |           643.00 |       672.00 |         0.16 |       0.01 |       0.01 |   1143 |     3.3606 |
|        1 |       1000 |           643.00 |           643.00 |       689.00 |         0.12 |       0.01 |       0.01 |   1785 |     5.0673 |
|        1 |       1500 |           643.00 |           643.00 |       655.00 |         0.01 |       0.01 |       0.01 |   2327 |     6.7856 |
|        1 |       2000 |           643.00 |           643.00 |       694.00 |         0.16 |       0.01 |       0.01 |   2873 |     8.5388 |
|        1 |       2500 |           643.00 |           643.00 |       681.24 |         0.07 |       0.01 |       0.01 |   3500 |    10.3184 |
|        1 |       3000 |           643.00 |           643.00 |       664.00 |         0.11 |       0.01 |       0.01 |   4087 |    12.0660 |
|        1 |       3500 |           643.00 |           641.97 |       661.38 |         0.04 |       0.01 |       0.01 |   4538 |    13.7404 |
|        1 |       4000 |           643.00 |           641.97 |       679.35 |         0.39 |       0.01 |       0.01 |   5051 |    15.4828 |
|        1 |       4500 |           643.00 |           641.97 |       654.00 |         0.01 |       0.01 |       0.01 |   5715 |    17.3069 |
|        1 |       5000 |           643.00 |           641.97 |       663.99 |         0.08 |       0.01 |       0.01 |   6269 |    19.0337 |
Version identifier: 22.1.1.0 | 2022-11-28 | 9160aff4d
CPXPARAM_MIP_Tolerances_UpperCutoff              643.5
Tried aggregator 1 time.
MIP Presolve eliminated 27 rows and 261 columns.
MIP Presolve modified 3077 coefficients.
Reduced MIP has 128 rows, 2767 columns, and 92322 nonzeros.
Reduced MIP has 2767 binaries, 0 generals, 0 SOSs, and 0 indicators.
Presolve time = 0.17 sec. (96.37 ticks)
Tried aggregator 1 time.
Detecting symmetries...
Reduced MIP has 128 rows, 2767 columns, and 92322 nonzeros.
Reduced MIP has 2767 binaries, 0 generals, 0 SOSs, and 0 indicators.
Presolve time = 0.12 sec. (71.13 ticks)
Probing fixed 285 vars, tightened 0 bounds.
Probing changed sense of 3 constraints.
Probing time = 0.81 sec. (372.98 ticks)
Clique table members: 1522.
MIP emphasis: balance optimality and feasibility.
MIP search method: dynamic search.
Parallel mode: deterministic, using up to 4 threads.
Root relaxation solution time = 0.12 sec. (101.33 ticks)

        Nodes                                         Cuts/
   Node  Left     Objective  IInf  Best Integer    Best Bound    ItCnt     Gap

      0     0      636.8339    44                    636.8339      450         
*     0+    0                          639.0000      636.8339             0.34%
      0     0        cutoff            639.0000      639.0000      620    0.00%
Elapsed time = 1.51 sec. (766.79 ticks, tree = 0.01 MB, solutions = 1)

Clique cuts applied:  3
Zero-half cuts applied:  3
Gomory fractional cuts applied:  1

Root node processing (before b&c):
  Real time             =    1.51 sec. (767.14 ticks)
Parallel b&c, 4 threads:
  Real time             =    0.00 sec. (0.00 ticks)
  Sync time (average)   =    0.00 sec.
  Wait time (average)   =    0.00 sec.
                          ------------
Total (root+branch&cut) =    1.51 sec. (767.14 ticks)
termination_status(sp) = OPTIMAL
objective_value(sp) = 638.9999999999987
#1: 0 (0) -> 53 (16) -> 58 (29) -> 40 (36) -> 21 (46) -> 72 (60) -> 74 (74) -> 41 (81) -> 22 (99) -> 75 (117) -> 56 (121) -> 23 (150) -> 67 (173) -> 39 (197) -> 4 (220) -> 25 (225) -> 55 (229) -> 54 (245) -> 24 (250) -> 29 (263) -> 3 (276) -> 77 (291) -> 68 (314) -> 80 (329) -> 12 (345) -> 26 (362) -> 0 (362)
#2: 0 (0) -> 52 (9) -> 7 (13) -> 48 (45) -> 19 (60) -> 11 (76) -> 62 (95) -> 10 (111) -> 32 (134) -> 90 (145) -> 63 (155) -> 64 (173) -> 49 (203) -> 36 (208) -> 47 (240) -> 46 (249) -> 8 (262) -> 45 (271) -> 17 (282) -> 84 (306) -> 5 (329) -> 60 (345) -> 83 (369) -> 18 (384) -> 89 (395) -> 0 (395)
#3: 0 (0) -> 27 (17) -> 69 (40) -> 1 (50) -> 31 (74) -> 70 (84) -> 30 (108) -> 20 (118) -> 66 (136) -> 71 (146) -> 35 (154) -> 34 (168) -> 9 (181) -> 51 (193) -> 81 (208) -> 33 (219) -> 50 (231) -> 76 (244) -> 28 (257) -> 0 (257)
#4: 0 (0) -> 6 (4) -> 96 (19) -> 99 (34) -> 59 (50) -> 92 (65) -> 37 (73) -> 98 (88) -> 93 (103) -> 85 (127) -> 61 (140) -> 16 (151) -> 86 (175) -> 44 (193) -> 38 (217) -> 14 (239) -> 42 (245) -> 43 (251) -> 15 (259) -> 57 (272) -> 2 (279) -> 87 (290) -> 97 (305) -> 95 (320) -> 94 (335) -> 13 (357) -> 0 (357)

Cost: 639.0
Executando instancia P101_4_51_3.fcvrp na seed 5
------------------------------------------------------------------------------------------------------------------------------------------------
|  Restart |       Iter |       Best Feas. |             Best |      Current |       CapPen |  MinVisPen |  MaxVisPen |   Pool |    Time(s) |
------------------------------------------------------------------------------------------------------------------------------------------------
|        1 |          0 |           705.00 |           705.00 |       705.00 |        69.64 |      69.64 |      69.64 |      4 |     0.0099 |
|        1 |        500 |           641.00 |           641.00 |       645.00 |         0.03 |       0.01 |       0.01 |   1315 |     4.0127 |
|        1 |       1000 |           641.00 |           641.00 |       669.00 |         0.01 |       0.01 |       0.01 |   1768 |     5.7644 |
|        1 |       1500 |           641.00 |           641.00 |       666.90 |         0.06 |       0.01 |       0.01 |   2349 |     7.5424 |
|        1 |       2000 |           641.00 |           641.00 |       696.00 |         0.46 |       0.01 |       0.01 |   2835 |     9.2947 |
|        1 |       2500 |           641.00 |           641.00 |       651.00 |         0.01 |       0.01 |       0.01 |   3316 |    10.9917 |
|        1 |       3000 |           641.00 |           641.00 |       661.85 |         0.41 |       0.01 |       0.01 |   3900 |    12.7155 |
|        1 |       3500 |           641.00 |           641.00 |       688.12 |         0.01 |       0.01 |       0.01 |   4555 |    14.5034 |
|        1 |       4000 |           641.00 |           641.00 |       664.79 |         0.17 |       0.01 |       0.01 |   5227 |    16.2842 |
|        1 |       4500 |           641.00 |           641.00 |       681.00 |         0.08 |       0.01 |       0.01 |   5718 |    18.0085 |
|        1 |       5000 |           641.00 |           641.00 |       660.00 |         0.02 |       0.01 |       0.01 |   6219 |    19.7923 |
Version identifier: 22.1.1.0 | 2022-11-28 | 9160aff4d
CPXPARAM_MIP_Tolerances_UpperCutoff              641.5
Tried aggregator 1 time.
MIP Presolve eliminated 32 rows and 362 columns.
MIP Presolve modified 6677 coefficients.
Reduced MIP has 122 rows, 2817 columns, and 88765 nonzeros.
Reduced MIP has 2817 binaries, 0 generals, 0 SOSs, and 0 indicators.
Presolve time = 0.20 sec. (104.53 ticks)
Tried aggregator 1 time.
Detecting symmetries...
Reduced MIP has 122 rows, 2817 columns, and 88765 nonzeros.
Reduced MIP has 2817 binaries, 0 generals, 0 SOSs, and 0 indicators.
Presolve time = 0.12 sec. (63.92 ticks)
Probing fixed 395 vars, tightened 0 bounds.
Probing changed sense of 4 constraints.
Probing time = 0.85 sec. (360.99 ticks)
Clique table members: 1449.
MIP emphasis: balance optimality and feasibility.
MIP search method: dynamic search.
Parallel mode: deterministic, using up to 4 threads.
Root relaxation solution time = 0.08 sec. (72.50 ticks)

        Nodes                                         Cuts/
   Node  Left     Objective  IInf  Best Integer    Best Bound    ItCnt     Gap

      0     0      635.4058    42                    635.4058      354         
*     0+    0                          639.0000      635.4058             0.56%
      0     0        cutoff            639.0000      639.0000      597    0.00%
Elapsed time = 1.59 sec. (711.50 ticks, tree = 0.01 MB, solutions = 1)

Clique cuts applied:  2
Zero-half cuts applied:  1
Gomory fractional cuts applied:  3

Root node processing (before b&c):
  Real time             =    1.59 sec. (711.84 ticks)
Parallel b&c, 4 threads:
  Real time             =    0.00 sec. (0.00 ticks)
  Sync time (average)   =    0.00 sec.
  Wait time (average)   =    0.00 sec.
                          ------------
Total (root+branch&cut) =    1.59 sec. (711.84 ticks)
termination_status(sp) = OPTIMAL
objective_value(sp) = 639.0000000000057
#1: 0 (0) -> 52 (9) -> 7 (13) -> 48 (45) -> 19 (60) -> 11 (76) -> 62 (95) -> 10 (111) -> 32 (134) -> 90 (145) -> 63 (155) -> 64 (173) -> 49 (203) -> 36 (208) -> 47 (240) -> 46 (249) -> 8 (262) -> 45 (271) -> 17 (282) -> 84 (306) -> 5 (329) -> 60 (345) -> 83 (369) -> 18 (384) -> 89 (395) -> 0 (395)
#2: 0 (0) -> 53 (16) -> 58 (29) -> 40 (36) -> 21 (46) -> 73 (60) -> 74 (74) -> 41 (81) -> 22 (99) -> 75 (117) -> 56 (121) -> 23 (150) -> 67 (173) -> 39 (197) -> 25 (202) -> 55 (206) -> 4 (229) -> 54 (245) -> 24 (250) -> 29 (263) -> 3 (276) -> 77 (291) -> 68 (314) -> 80 (329) -> 12 (345) -> 26 (362) -> 0 (362)
#3: 0 (0) -> 28 (13) -> 76 (26) -> 50 (38) -> 33 (49) -> 81 (64) -> 51 (76) -> 9 (89) -> 34 (103) -> 35 (111) -> 71 (121) -> 66 (139) -> 20 (149) -> 30 (173) -> 70 (183) -> 31 (207) -> 1 (217) -> 69 (240) -> 27 (257) -> 0 (257)
#4: 0 (0) -> 6 (4) -> 96 (19) -> 99 (34) -> 59 (50) -> 92 (65) -> 37 (73) -> 98 (88) -> 93 (103) -> 85 (127) -> 61 (140) -> 16 (151) -> 86 (175) -> 38 (199) -> 44 (217) -> 14 (239) -> 42 (245) -> 43 (251) -> 15 (259) -> 57 (272) -> 2 (279) -> 87 (290) -> 97 (305) -> 95 (320) -> 94 (335) -> 13 (357) -> 0 (357)

Cost: 639.0
