Executando com parâmetros:
  path       = instances/homogeneous_fleet/70_100/P101_4_30_3.fcvrp
  seed       = 1
  restarts   = 1
  iterMax    = 5000
  randShift  = 1
  randSwap   = 1
Executando instancia P101_4_30_3.fcvrp na seed 1
------------------------------------------------------------------------------------------------------------------------------------------------
|  Restart |       Iter |       Best Feas. |             Best |      Current |       CapPen |  MinVisPen |  MaxVisPen |   Pool |    Time(s) |
------------------------------------------------------------------------------------------------------------------------------------------------
|        1 |          0 |           673.00 |           673.00 |       673.00 |        57.54 |      57.54 |      57.54 |      4 |     0.5611 |
|        1 |        500 |           629.00 |           628.71 |       646.00 |         0.14 |       0.01 |       0.01 |    981 |     2.6474 |
|        1 |       1000 |           629.00 |           628.71 |       678.00 |         0.06 |       0.01 |       0.01 |   1470 |     4.3914 |
|        1 |       1500 |           629.00 |           628.71 |       652.05 |         0.57 |       0.01 |       0.01 |   2054 |     6.0673 |
|        1 |       2000 |           629.00 |           628.71 |       662.00 |         0.03 |       0.01 |       0.01 |   2636 |     7.9286 |
|        1 |        500 |           623.00 |           622.33 |       632.00 |         0.07 |       0.01 |       0.01 |   3324 |    10.3157 |
|        1 |        500 |           620.00 |           620.00 |       660.94 |         0.19 |       0.01 |       0.01 |   4130 |    12.6523 |
|        1 |       1000 |           620.00 |           620.00 |       641.00 |         0.79 |       0.01 |       0.01 |   4748 |    14.9427 |
|        1 |       1500 |           620.00 |           620.00 |       655.50 |         0.16 |       0.01 |       0.01 |   5396 |    17.0591 |
|        1 |       2000 |           620.00 |           620.00 |       641.00 |         0.11 |       0.01 |       0.01 |   5829 |    18.8069 |
|        1 |       2500 |           620.00 |           620.00 |       647.00 |         0.20 |       0.01 |       0.01 |   6361 |    20.5632 |
|        1 |       3000 |           620.00 |           620.00 |       641.00 |         0.03 |       0.01 |       0.01 |   6901 |    22.2911 |
|        1 |       3500 |           620.00 |           620.00 |       642.00 |         0.04 |       0.01 |       0.01 |   7290 |    23.9936 |
|        1 |       4000 |           620.00 |           620.00 |       644.43 |         0.24 |       0.01 |       0.01 |   7728 |    25.6448 |
|        1 |       4500 |           620.00 |           620.00 |       647.00 |         0.11 |       0.01 |       0.01 |   8257 |    27.3351 |
|        1 |       5000 |           620.00 |           620.00 |       644.00 |         0.16 |       0.01 |       0.01 |   8589 |    28.9035 |
Version identifier: 22.1.1.0 | 2022-11-28 | 9160aff4d
CPXPARAM_MIP_Tolerances_UpperCutoff              620.5
Tried aggregator 1 time.
MIP Presolve eliminated 19 rows and 492 columns.
MIP Presolve modified 1397 coefficients.
Reduced MIP has 115 rows, 3700 columns, and 124878 nonzeros.
Reduced MIP has 3700 binaries, 0 generals, 0 SOSs, and 0 indicators.
Presolve time = 0.33 sec. (143.80 ticks)
Tried aggregator 1 time.
Detecting symmetries...
Reduced MIP has 115 rows, 3700 columns, and 124878 nonzeros.
Reduced MIP has 3700 binaries, 0 generals, 0 SOSs, and 0 indicators.
Presolve time = 0.21 sec. (92.93 ticks)
Probing fixed 133 vars, tightened 0 bounds.
Probing time = 1.27 sec. (354.22 ticks)
Clique table members: 876.
MIP emphasis: balance optimality and feasibility.
MIP search method: dynamic search.
Parallel mode: deterministic, using up to 4 threads.
Root relaxation solution time = 0.18 sec. (39.83 ticks)

        Nodes                                         Cuts/
   Node  Left     Objective  IInf  Best Integer    Best Bound    ItCnt     Gap

      0     0      611.3143    21                    611.3143      334         
*     0+    0                          617.0000      611.3143             0.92%
      0     0        cutoff            617.0000      617.0000     1108    0.00%
Elapsed time = 2.95 sec. (1088.88 ticks, tree = 0.01 MB, solutions = 1)

Clique cuts applied:  5
Zero-half cuts applied:  3
Gomory fractional cuts applied:  1

Root node processing (before b&c):
  Real time             =    2.96 sec. (1089.39 ticks)
Parallel b&c, 4 threads:
  Real time             =    0.00 sec. (0.00 ticks)
  Sync time (average)   =    0.00 sec.
  Wait time (average)   =    0.00 sec.
                          ------------
Total (root+branch&cut) =    2.96 sec. (1089.39 ticks)
termination_status(sp) = OPTIMAL
objective_value(sp) = 617.0
#1: 0 (0) -> 53 (13) -> 40 (20) -> 21 (33) -> 73 (48) -> 72 (63) -> 74 (78) -> 22 (95) -> 41 (102) -> 75 (114) -> 56 (123) -> 39 (142) -> 67 (173) -> 25 (186) -> 55 (195) -> 54 (208) -> 24 (225) -> 29 (238) -> 68 (269) -> 80 (286) -> 12 (304) -> 26 (317) -> 0 (317)
#2: 0 (0) -> 52 (13) -> 7 (20) -> 88 (44) -> 62 (60) -> 10 (75) -> 32 (92) -> 90 (101) -> 63 (117) -> 11 (132) -> 64 (148) -> 49 (175) -> 36 (184) -> 47 (200) -> 19 (213) -> 48 (240) -> 82 (257) -> 8 (264) -> 45 (280) -> 17 (291) -> 84 (315) -> 5 (331) -> 60 (347) -> 83 (364) -> 18 (377) -> 89 (386) -> 0 (386)
#3: 0 (0) -> 6 (16) -> 94 (40) -> 95 (64) -> 97 (76) -> 92 (85) -> 59 (101) -> 99 (113) -> 93 (122) -> 98 (134) -> 37 (153) -> 100 (165) -> 91 (174) -> 85 (198) -> 61 (214) -> 16 (225) -> 86 (249) -> 44 (265) -> 14 (283) -> 43 (290) -> 15 (308) -> 42 (315) -> 87 (339) -> 2 (348) -> 13 (366) -> 0 (366)
#4: 0 (0) -> 28 (13) -> 76 (25) -> 50 (52) -> 3 (68) -> 79 (85) -> 33 (102) -> 81 (119) -> 9 (134) -> 34 (143) -> 35 (152) -> 71 (167) -> 65 (183) -> 66 (199) -> 20 (212) -> 30 (236) -> 70 (242) -> 31 (266) -> 1 (275) -> 69 (281) -> 27 (294) -> 0 (294)

Cost: 617.0
Executando instancia P101_4_30_3.fcvrp na seed 2
------------------------------------------------------------------------------------------------------------------------------------------------
|  Restart |       Iter |       Best Feas. |             Best |      Current |       CapPen |  MinVisPen |  MaxVisPen |   Pool |    Time(s) |
------------------------------------------------------------------------------------------------------------------------------------------------
|        1 |          0 |           693.00 |           693.00 |       693.00 |        72.50 |      72.50 |      72.50 |      4 |     0.0100 |
|        1 |        500 |           630.00 |           630.00 |       637.00 |         0.04 |       0.01 |       0.01 |    615 |     2.6575 |
|        1 |       1000 |           630.00 |           630.00 |       672.00 |         0.04 |       0.01 |       0.01 |   1291 |     5.1213 |
|        1 |        500 |           620.00 |           620.00 |       641.00 |         0.01 |       0.01 |       0.01 |   2049 |     8.4983 |
|        1 |        500 |           619.00 |           619.00 |       648.00 |         0.03 |       0.01 |       0.01 |   2685 |    12.0576 |
|        1 |       1000 |           619.00 |           619.00 |       660.00 |         0.04 |       0.01 |       0.01 |   3272 |    14.7171 |
|        1 |       1500 |           619.00 |           619.00 |       625.00 |         0.53 |       0.01 |       0.01 |   3786 |    16.6614 |
|        1 |       2000 |           619.00 |           619.00 |       634.00 |         0.31 |       0.01 |       0.01 |   4229 |    18.5544 |
|        1 |       2500 |           619.00 |           619.00 |       658.00 |         0.03 |       0.01 |       0.01 |   4778 |    20.4040 |
|        1 |       3000 |           619.00 |           619.00 |       641.00 |         0.06 |       0.01 |       0.01 |   5381 |    22.2972 |
|        1 |       3500 |           619.00 |           619.00 |       640.00 |         0.27 |       0.01 |       0.01 |   5878 |    24.0798 |
|        1 |       4000 |           619.00 |           619.00 |       635.03 |         0.04 |       0.01 |       0.01 |   6531 |    25.9448 |
|        1 |       4500 |           619.00 |           619.00 |       643.22 |         0.08 |       0.01 |       0.01 |   7038 |    27.6969 |
|        1 |       5000 |           619.00 |           619.00 |       633.00 |         0.02 |       0.01 |       0.01 |   7660 |    29.4571 |
Version identifier: 22.1.1.0 | 2022-11-28 | 9160aff4d
CPXPARAM_MIP_Tolerances_UpperCutoff              619.5
Tried aggregator 1 time.
MIP Presolve eliminated 16 rows and 282 columns.
MIP Presolve modified 1126 coefficients.
Reduced MIP has 118 rows, 2876 columns, and 99143 nonzeros.
Reduced MIP has 2876 binaries, 0 generals, 0 SOSs, and 0 indicators.
Presolve time = 0.21 sec. (110.33 ticks)
Tried aggregator 1 time.
Detecting symmetries...
Reduced MIP has 118 rows, 2876 columns, and 99143 nonzeros.
Reduced MIP has 2876 binaries, 0 generals, 0 SOSs, and 0 indicators.
Presolve time = 0.13 sec. (71.66 ticks)
Probing fixed 285 vars, tightened 0 bounds.
Probing time = 0.80 sec. (421.47 ticks)
Clique table members: 947.
MIP emphasis: balance optimality and feasibility.
MIP search method: dynamic search.
Parallel mode: deterministic, using up to 4 threads.
Root relaxation solution time = 0.09 sec. (98.45 ticks)

        Nodes                                         Cuts/
   Node  Left     Objective  IInf  Best Integer    Best Bound    ItCnt     Gap

      0     0      611.1357    30                    611.1357      391         
*     0+    0                          617.0000      611.1357             0.95%
      0     0        cutoff            617.0000      617.0000      970    0.00%
Elapsed time = 1.92 sec. (1123.14 ticks, tree = 0.01 MB, solutions = 1)

Clique cuts applied:  4
Mixed integer rounding cuts applied:  2
Zero-half cuts applied:  1
Gomory fractional cuts applied:  1

Root node processing (before b&c):
  Real time             =    1.92 sec. (1123.52 ticks)
Parallel b&c, 4 threads:
  Real time             =    0.00 sec. (0.00 ticks)
  Sync time (average)   =    0.00 sec.
  Wait time (average)   =    0.00 sec.
                          ------------
Total (root+branch&cut) =    1.92 sec. (1123.52 ticks)
termination_status(sp) = OPTIMAL
objective_value(sp) = 617.0000000000002
#1: 0 (0) -> 89 (9) -> 18 (22) -> 83 (39) -> 60 (55) -> 5 (71) -> 84 (95) -> 17 (106) -> 45 (122) -> 8 (129) -> 82 (146) -> 48 (173) -> 19 (186) -> 47 (202) -> 36 (211) -> 49 (238) -> 64 (254) -> 11 (269) -> 63 (285) -> 90 (294) -> 32 (311) -> 10 (326) -> 62 (342) -> 88 (366) -> 7 (373) -> 52 (386) -> 0 (386)
#2: 0 (0) -> 28 (13) -> 26 (26) -> 12 (44) -> 76 (56) -> 77 (68) -> 3 (84) -> 79 (101) -> 29 (114) -> 68 (145) -> 80 (162) -> 54 (175) -> 55 (184) -> 25 (197) -> 39 (216) -> 67 (247) -> 23 (264) -> 41 (271) -> 22 (288) -> 74 (303) -> 72 (318) -> 73 (333) -> 21 (346) -> 40 (353) -> 53 (366) -> 0 (366)
#3: 0 (0) -> 31 (24) -> 70 (30) -> 30 (54) -> 20 (67) -> 66 (83) -> 71 (98) -> 65 (114) -> 35 (123) -> 34 (132) -> 9 (147) -> 81 (164) -> 33 (181) -> 50 (208) -> 1 (217) -> 69 (223) -> 27 (236) -> 0 (236)
#4: 0 (0) -> 13 (18) -> 94 (42) -> 95 (66) -> 97 (78) -> 87 (102) -> 2 (111) -> 57 (120) -> 15 (138) -> 43 (145) -> 42 (152) -> 14 (170) -> 44 (186) -> 86 (210) -> 16 (221) -> 61 (237) -> 85 (261) -> 91 (270) -> 98 (282) -> 37 (301) -> 92 (310) -> 59 (326) -> 93 (335) -> 99 (347) -> 96 (359) -> 6 (375) -> 0 (375)

Cost: 617.0
Executando instancia P101_4_30_3.fcvrp na seed 3
------------------------------------------------------------------------------------------------------------------------------------------------
|  Restart |       Iter |       Best Feas. |             Best |      Current |       CapPen |  MinVisPen |  MaxVisPen |   Pool |    Time(s) |
------------------------------------------------------------------------------------------------------------------------------------------------
|        1 |          0 |           666.00 |           666.00 |       666.00 |        68.26 |      68.26 |      68.26 |      4 |     0.0096 |
|        1 |        500 |           618.00 |           618.00 |       662.00 |         0.44 |       0.01 |       0.01 |   1597 |     5.8945 |
|        1 |       1000 |           618.00 |           618.00 |       656.00 |         0.53 |       0.01 |       0.01 |   2271 |     7.6752 |
|        1 |       1500 |           618.00 |           618.00 |       629.00 |         1.57 |       0.01 |       0.01 |   2850 |     9.3848 |
|        1 |       2000 |           618.00 |           618.00 |       691.00 |         0.26 |       0.01 |       0.01 |   3375 |    11.0431 |
|        1 |       2500 |           618.00 |           618.00 |       647.37 |         0.10 |       0.01 |       0.01 |   3996 |    12.8501 |
|        1 |       3000 |           618.00 |           618.00 |       638.00 |         0.18 |       0.01 |       0.01 |   4546 |    14.5504 |
|        1 |       3500 |           618.00 |           618.00 |       645.00 |         1.37 |       0.01 |       0.01 |   5156 |    16.3602 |
|        1 |        500 |           615.00 |           615.00 |       644.43 |         0.16 |       0.01 |       0.01 |   5960 |    19.3874 |
|        1 |       1000 |           615.00 |           615.00 |       637.00 |         0.01 |       0.01 |       0.01 |   6616 |    21.3334 |
|        1 |       1500 |           615.00 |           615.00 |       654.00 |         0.04 |       0.01 |       0.01 |   7241 |    23.0948 |
|        1 |       2000 |           615.00 |           615.00 |       629.00 |         0.01 |       0.01 |       0.01 |   7806 |    24.8218 |
|        1 |       2500 |           615.00 |           615.00 |       649.00 |         0.25 |       0.01 |       0.01 |   8335 |    26.6118 |
|        1 |       3000 |           615.00 |           615.00 |       655.23 |         0.12 |       0.01 |       0.01 |   8859 |    28.4119 |
|        1 |       3500 |           615.00 |           615.00 |       664.00 |         0.53 |       0.01 |       0.01 |   9417 |    30.2078 |
|        1 |       4000 |           615.00 |           615.00 |       651.00 |         0.16 |       0.01 |       0.01 |   9974 |    32.2005 |
|        1 |       4500 |           615.00 |           615.00 |       703.31 |         0.26 |       0.01 |       0.01 |  10463 |    34.2393 |
|        1 |       5000 |           615.00 |           615.00 |       654.00 |         0.09 |       0.01 |       0.01 |  11041 |    36.2991 |
Version identifier: 22.1.1.0 | 2022-11-28 | 9160aff4d
CPXPARAM_MIP_Tolerances_UpperCutoff              615.5
Tried aggregator 1 time.
MIP Presolve eliminated 20 rows and 375 columns.
MIP Presolve modified 1100 coefficients.
Reduced MIP has 114 rows, 3127 columns, and 105945 nonzeros.
Reduced MIP has 3127 binaries, 0 generals, 0 SOSs, and 0 indicators.
Presolve time = 0.24 sec. (118.71 ticks)
Tried aggregator 1 time.
Detecting symmetries...
Reduced MIP has 114 rows, 3127 columns, and 105945 nonzeros.
Reduced MIP has 3127 binaries, 0 generals, 0 SOSs, and 0 indicators.
Presolve time = 0.16 sec. (76.80 ticks)
Probing fixed 136 vars, tightened 0 bounds.
Probing time = 0.66 sec. (321.42 ticks)
Clique table members: 562.
MIP emphasis: balance optimality and feasibility.
MIP search method: dynamic search.
Parallel mode: deterministic, using up to 4 threads.
Root relaxation solution time = 0.11 sec. (38.26 ticks)

        Nodes                                         Cuts/
   Node  Left     Objective  IInf  Best Integer    Best Bound    ItCnt     Gap

      0     0      608.9500    28                    608.9500      396         
*     0+    0                          615.0000      608.9500             0.98%
      0     0        cutoff            615.0000      615.0000     1097    0.00%
Elapsed time = 1.71 sec. (858.88 ticks, tree = 0.01 MB, solutions = 1)

Clique cuts applied:  5
Mixed integer rounding cuts applied:  2
Zero-half cuts applied:  13
Gomory fractional cuts applied:  1

Root node processing (before b&c):
  Real time             =    1.71 sec. (859.32 ticks)
Parallel b&c, 4 threads:
  Real time             =    0.00 sec. (0.00 ticks)
  Sync time (average)   =    0.00 sec.
  Wait time (average)   =    0.00 sec.
                          ------------
Total (root+branch&cut) =    1.71 sec. (859.32 ticks)
termination_status(sp) = OPTIMAL
objective_value(sp) = 615.0000000000032
#1: 0 (0) -> 28 (13) -> 26 (26) -> 12 (44) -> 80 (61) -> 68 (92) -> 29 (105) -> 24 (122) -> 54 (135) -> 55 (144) -> 25 (157) -> 67 (188) -> 39 (207) -> 56 (216) -> 75 (228) -> 22 (245) -> 41 (252) -> 74 (267) -> 72 (282) -> 73 (297) -> 21 (310) -> 40 (317) -> 53 (330) -> 0 (330)
#2: 0 (0) -> 89 (9) -> 18 (22) -> 83 (39) -> 60 (55) -> 5 (71) -> 84 (95) -> 17 (106) -> 45 (122) -> 8 (129) -> 82 (146) -> 48 (173) -> 19 (186) -> 47 (202) -> 36 (211) -> 49 (238) -> 64 (254) -> 11 (269) -> 63 (285) -> 90 (294) -> 32 (311) -> 10 (326) -> 62 (342) -> 88 (366) -> 7 (373) -> 52 (386) -> 0 (386)
#3: 0 (0) -> 31 (24) -> 70 (30) -> 30 (54) -> 20 (67) -> 66 (83) -> 65 (99) -> 71 (114) -> 35 (123) -> 34 (132) -> 9 (147) -> 81 (164) -> 33 (181) -> 79 (198) -> 3 (214) -> 77 (226) -> 50 (253) -> 1 (262) -> 69 (268) -> 27 (281) -> 0 (281)
#4: 0 (0) -> 13 (18) -> 2 (27) -> 87 (51) -> 42 (58) -> 15 (76) -> 43 (83) -> 14 (101) -> 44 (117) -> 86 (141) -> 16 (152) -> 61 (168) -> 85 (192) -> 91 (201) -> 100 (213) -> 37 (232) -> 98 (244) -> 93 (253) -> 99 (265) -> 59 (281) -> 92 (290) -> 97 (302) -> 95 (326) -> 94 (350) -> 6 (366) -> 0 (366)

Cost: 615.0
Executando instancia P101_4_30_3.fcvrp na seed 4
------------------------------------------------------------------------------------------------------------------------------------------------
|  Restart |       Iter |       Best Feas. |             Best |      Current |       CapPen |  MinVisPen |  MaxVisPen |   Pool |    Time(s) |
------------------------------------------------------------------------------------------------------------------------------------------------
|        1 |          0 |           655.00 |           655.00 |       655.00 |        68.94 |      68.94 |      68.94 |      4 |     0.0104 |
|        1 |        500 |           622.00 |           622.00 |       638.00 |         0.18 |       0.01 |       0.01 |    597 |     2.4630 |
|        1 |       1000 |           622.00 |           622.00 |       653.19 |         0.16 |       0.01 |       0.01 |   1212 |     4.2997 |
|        1 |        500 |           618.00 |           618.00 |       639.00 |         0.28 |       0.01 |       0.01 |   2332 |     8.1416 |
|        1 |        500 |           617.00 |           617.00 |       650.00 |         0.19 |       0.01 |       0.01 |   3340 |    11.4795 |
|        1 |       1000 |           617.00 |           617.00 |       650.21 |         0.04 |       0.01 |       0.01 |   3985 |    13.3691 |
|        1 |       1500 |           617.00 |           617.00 |       671.63 |         0.22 |       0.01 |       0.01 |   4536 |    15.0991 |
|        1 |       2000 |           617.00 |           617.00 |       719.02 |         0.06 |       0.01 |       0.01 |   5307 |    16.9938 |
|        1 |       2500 |           617.00 |           617.00 |       686.00 |         0.13 |       0.01 |       0.01 |   5938 |    18.8715 |
|        1 |       3000 |           617.00 |           617.00 |       649.89 |         0.05 |       0.01 |       0.01 |   6608 |    20.7370 |
|        1 |       3500 |           617.00 |           617.00 |       643.11 |         0.12 |       0.01 |       0.01 |   7185 |    22.4347 |
|        1 |       4000 |           617.00 |           617.00 |       665.33 |         0.11 |       0.01 |       0.01 |   7875 |    24.2381 |
|        1 |       4500 |           617.00 |           617.00 |       637.00 |         0.16 |       0.01 |       0.01 |   8469 |    26.0666 |
|        1 |       5000 |           617.00 |           617.00 |       641.00 |         0.47 |       0.01 |       0.01 |   9028 |    27.7605 |
Version identifier: 22.1.1.0 | 2022-11-28 | 9160aff4d
CPXPARAM_MIP_Tolerances_UpperCutoff              617.5
Tried aggregator 1 time.
MIP Presolve eliminated 15 rows and 207 columns.
MIP Presolve modified 1009 coefficients.
Reduced MIP has 119 rows, 2447 columns, and 84279 nonzeros.
Reduced MIP has 2447 binaries, 0 generals, 0 SOSs, and 0 indicators.
Presolve time = 0.17 sec. (89.67 ticks)
Tried aggregator 1 time.
Detecting symmetries...
Reduced MIP has 119 rows, 2447 columns, and 84279 nonzeros.
Reduced MIP has 2447 binaries, 0 generals, 0 SOSs, and 0 indicators.
Presolve time = 0.10 sec. (59.01 ticks)
Probing fixed 250 vars, tightened 0 bounds.
Probing time = 0.64 sec. (347.94 ticks)
Clique table members: 2504.
MIP emphasis: balance optimality and feasibility.
MIP search method: dynamic search.
Parallel mode: deterministic, using up to 4 threads.
Root relaxation solution time = 0.08 sec. (87.52 ticks)

        Nodes                                         Cuts/
   Node  Left     Objective  IInf  Best Integer    Best Bound    ItCnt     Gap

      0     0      611.4615    27                    611.4615      395         
*     0+    0                          615.0000      611.4615             0.58%
      0     0        cutoff            615.0000      615.0000      848    0.00%
Elapsed time = 1.24 sec. (717.08 ticks, tree = 0.01 MB, solutions = 1)

Root node processing (before b&c):
  Real time             =    1.24 sec. (717.16 ticks)
Parallel b&c, 4 threads:
  Real time             =    0.00 sec. (0.00 ticks)
  Sync time (average)   =    0.00 sec.
  Wait time (average)   =    0.00 sec.
                          ------------
Total (root+branch&cut) =    1.24 sec. (717.16 ticks)
termination_status(sp) = OPTIMAL
objective_value(sp) = 615.0
#1: 0 (0) -> 27 (13) -> 69 (19) -> 1 (28) -> 50 (55) -> 33 (72) -> 81 (89) -> 9 (104) -> 34 (113) -> 35 (122) -> 71 (137) -> 65 (153) -> 66 (169) -> 20 (182) -> 30 (206) -> 70 (212) -> 31 (236) -> 0 (236)
#2: 0 (0) -> 52 (13) -> 7 (20) -> 88 (44) -> 62 (60) -> 10 (75) -> 32 (92) -> 90 (101) -> 63 (117) -> 11 (132) -> 64 (148) -> 49 (175) -> 36 (184) -> 47 (200) -> 19 (213) -> 48 (240) -> 82 (257) -> 8 (264) -> 45 (280) -> 17 (291) -> 84 (315) -> 5 (331) -> 60 (347) -> 83 (364) -> 18 (377) -> 89 (386) -> 0 (386)
#3: 0 (0) -> 6 (16) -> 94 (40) -> 95 (64) -> 97 (76) -> 92 (85) -> 59 (101) -> 99 (113) -> 93 (122) -> 98 (134) -> 37 (153) -> 100 (165) -> 91 (174) -> 85 (198) -> 61 (214) -> 16 (225) -> 86 (249) -> 44 (265) -> 14 (283) -> 43 (290) -> 15 (308) -> 42 (315) -> 87 (339) -> 2 (348) -> 13 (366) -> 0 (366)
#4: 0 (0) -> 53 (13) -> 40 (20) -> 21 (33) -> 73 (48) -> 72 (63) -> 74 (78) -> 22 (95) -> 41 (102) -> 75 (114) -> 56 (123) -> 39 (142) -> 67 (173) -> 25 (186) -> 55 (195) -> 54 (208) -> 24 (225) -> 29 (238) -> 79 (255) -> 3 (271) -> 77 (283) -> 68 (314) -> 80 (331) -> 12 (349) -> 26 (362) -> 28 (375) -> 0 (375)

Cost: 615.0
Executando instancia P101_4_30_3.fcvrp na seed 5
------------------------------------------------------------------------------------------------------------------------------------------------
|  Restart |       Iter |       Best Feas. |             Best |      Current |       CapPen |  MinVisPen |  MaxVisPen |   Pool |    Time(s) |
------------------------------------------------------------------------------------------------------------------------------------------------
|        1 |          0 |           669.00 |           669.00 |       669.00 |        62.98 |      62.98 |      62.98 |      4 |     0.0118 |
|        1 |        500 |           625.00 |           617.31 |       661.37 |         0.14 |       0.01 |       0.01 |   1179 |     2.7934 |
|        1 |       1000 |           625.00 |           617.31 |       638.00 |         0.03 |       0.01 |       0.01 |   1831 |     4.5049 |
|        1 |        500 |           624.00 |           617.31 |       682.36 |         0.25 |       0.01 |       0.01 |   2766 |     7.9414 |
|        1 |       1000 |           624.00 |           617.31 |       639.32 |         0.13 |       0.01 |       0.01 |   3327 |     9.7156 |
|        1 |       1500 |           624.00 |           617.31 |       649.00 |         0.34 |       0.01 |       0.01 |   3889 |    11.5087 |
|        1 |       2000 |           624.00 |           617.31 |       640.00 |         0.23 |       0.01 |       0.01 |   4593 |    13.3788 |
|        1 |        500 |           616.00 |           616.00 |       688.00 |         0.02 |       0.01 |       0.01 |   5514 |    16.6819 |
|        1 |       1000 |           616.00 |           616.00 |       648.00 |         0.06 |       0.01 |       0.01 |   6132 |    18.5654 |
|        1 |       1500 |           616.00 |           616.00 |       648.00 |         0.06 |       0.01 |       0.01 |   6699 |    20.3560 |
|        1 |       2000 |           616.00 |           616.00 |       631.00 |         0.11 |       0.01 |       0.01 |   7338 |    22.1480 |
|        1 |       2500 |           616.00 |           616.00 |       660.49 |         0.04 |       0.01 |       0.01 |   7722 |    23.8660 |
|        1 |       3000 |           616.00 |           616.00 |       628.19 |         0.01 |       0.01 |       0.01 |   8243 |    25.6425 |
|        1 |       3500 |           616.00 |           616.00 |       636.00 |         0.10 |       0.01 |       0.01 |   8770 |    27.4019 |
|        1 |       4000 |           616.00 |           616.00 |       645.00 |         0.06 |       0.01 |       0.01 |   9321 |    29.2807 |
|        1 |       4500 |           616.00 |           616.00 |       650.00 |         0.46 |       0.01 |       0.01 |   9862 |    31.1545 |
|        1 |       5000 |           616.00 |           616.00 |       656.28 |         0.04 |       0.01 |       0.01 |  10315 |    33.0387 |
Version identifier: 22.1.1.0 | 2022-11-28 | 9160aff4d
CPXPARAM_MIP_Tolerances_UpperCutoff              616.5
Tried aggregator 1 time.
MIP Presolve eliminated 18 rows and 376 columns.
MIP Presolve modified 1404 coefficients.
Reduced MIP has 116 rows, 3354 columns, and 114239 nonzeros.
Reduced MIP has 3354 binaries, 0 generals, 0 SOSs, and 0 indicators.
Presolve time = 0.33 sec. (139.80 ticks)
Tried aggregator 1 time.
Detecting symmetries...
Reduced MIP has 116 rows, 3354 columns, and 114239 nonzeros.
Reduced MIP has 3354 binaries, 0 generals, 0 SOSs, and 0 indicators.
Presolve time = 0.19 sec. (91.33 ticks)
Probing fixed 171 vars, tightened 0 bounds.
Probing time = 1.29 sec. (361.29 ticks)
Clique table members: 3578.
MIP emphasis: balance optimality and feasibility.
MIP search method: dynamic search.
Parallel mode: deterministic, using up to 4 threads.
Root relaxation solution time = 0.14 sec. (37.28 ticks)

        Nodes                                         Cuts/
   Node  Left     Objective  IInf  Best Integer    Best Bound    ItCnt     Gap

      0     0      610.6106    27                    610.6106      354         
*     0+    0                          616.0000      610.6106             0.87%
      0     0        cutoff            616.0000      616.0000     1046    0.00%
Elapsed time = 2.60 sec. (962.74 ticks, tree = 0.01 MB, solutions = 1)

Clique cuts applied:  2
Zero-half cuts applied:  5
Gomory fractional cuts applied:  1

Root node processing (before b&c):
  Real time             =    2.61 sec. (963.19 ticks)
Parallel b&c, 4 threads:
  Real time             =    0.00 sec. (0.00 ticks)
  Sync time (average)   =    0.00 sec.
  Wait time (average)   =    0.00 sec.
                          ------------
Total (root+branch&cut) =    2.61 sec. (963.19 ticks)
termination_status(sp) = OPTIMAL
objective_value(sp) = 616.0
#1: 0 (0) -> 89 (9) -> 18 (22) -> 83 (39) -> 60 (55) -> 5 (71) -> 84 (95) -> 17 (106) -> 45 (122) -> 8 (129) -> 82 (146) -> 48 (173) -> 19 (186) -> 47 (202) -> 36 (211) -> 49 (238) -> 64 (254) -> 11 (269) -> 63 (285) -> 90 (294) -> 32 (311) -> 10 (326) -> 62 (342) -> 88 (366) -> 7 (373) -> 52 (386) -> 0 (386)
#2: 0 (0) -> 28 (13) -> 26 (26) -> 12 (44) -> 80 (61) -> 68 (92) -> 3 (108) -> 79 (125) -> 78 (137) -> 34 (146) -> 29 (159) -> 24 (176) -> 54 (189) -> 55 (198) -> 25 (211) -> 67 (242) -> 39 (261) -> 56 (270) -> 75 (282) -> 22 (299) -> 41 (306) -> 74 (321) -> 72 (336) -> 73 (351) -> 21 (364) -> 40 (371) -> 53 (384) -> 0 (384)
#3: 0 (0) -> 27 (13) -> 69 (19) -> 1 (28) -> 50 (55) -> 33 (72) -> 81 (89) -> 9 (104) -> 35 (113) -> 71 (128) -> 65 (144) -> 66 (160) -> 20 (173) -> 30 (197) -> 70 (203) -> 31 (227) -> 0 (227)
#4: 0 (0) -> 6 (16) -> 94 (40) -> 95 (64) -> 97 (76) -> 92 (85) -> 59 (101) -> 99 (113) -> 93 (122) -> 98 (134) -> 37 (153) -> 100 (165) -> 91 (174) -> 85 (198) -> 61 (214) -> 16 (225) -> 86 (249) -> 44 (265) -> 14 (283) -> 43 (290) -> 15 (308) -> 42 (315) -> 87 (339) -> 2 (348) -> 13 (366) -> 0 (366)

Cost: 616.0
