Executando com parâmetros:
  path       = instances/homogeneous_fleet/70_100/P101_2_30_2.fcvrp
  seed       = 1
  restarts   = 1
  iterMax    = 5000
  randShift  = 1
  randSwap   = 1
Executando instancia P101_2_30_2.fcvrp na seed 1
------------------------------------------------------------------------------------------------------------------------------------------------
|  Restart |       Iter |       Best Feas. |             Best |      Current |       CapPen |  MinVisPen |  MaxVisPen |   Pool |    Time(s) |
------------------------------------------------------------------------------------------------------------------------------------------------
|        1 |          0 |           386.00 |           386.00 |       386.00 |        79.36 |      79.36 |      79.36 |      2 |     0.5588 |
|        1 |        500 |           334.00 |           334.00 |       343.00 |         0.01 |       0.01 |       0.01 |    497 |     0.8401 |
|        1 |       1000 |           334.00 |           334.00 |       343.08 |         0.04 |       0.01 |       0.01 |    872 |     1.4816 |
|        1 |       1500 |           334.00 |           334.00 |       346.42 |         0.04 |       0.01 |       0.01 |   1301 |     2.1680 |
|        1 |       2000 |           334.00 |           334.00 |       352.57 |         0.02 |       0.01 |       0.01 |   1706 |     2.8092 |
|        1 |       2500 |           334.00 |           331.83 |       384.00 |         0.01 |       0.01 |       0.01 |   2115 |     3.4311 |
|        1 |       3000 |           334.00 |           331.83 |       354.84 |         0.04 |       0.01 |       0.01 |   2508 |     4.0728 |
|        1 |       3500 |           334.00 |           331.83 |       344.26 |         0.02 |       0.01 |       0.01 |   2938 |     4.7173 |
|        1 |       4000 |           334.00 |           331.83 |       370.64 |         0.35 |       0.01 |       0.01 |   3329 |     5.3731 |
|        1 |       4500 |           334.00 |           331.83 |       340.22 |         0.01 |       0.01 |       0.01 |   3766 |     6.0617 |
|        1 |       5000 |           334.00 |           331.83 |       354.00 |         0.01 |       0.01 |       0.01 |   4135 |     6.7029 |
Version identifier: 22.1.1.0 | 2022-11-28 | 9160aff4d
CPXPARAM_MIP_Tolerances_UpperCutoff              334.5
Tried aggregator 1 time.
MIP Presolve eliminated 76 rows and 596 columns.
MIP Presolve modified 4038 coefficients.
Reduced MIP has 56 rows, 1331 columns, and 34841 nonzeros.
Reduced MIP has 1331 binaries, 0 generals, 0 SOSs, and 0 indicators.
Presolve time = 0.09 sec. (52.66 ticks)
Tried aggregator 1 time.
Detecting symmetries...
Reduced MIP has 56 rows, 1331 columns, and 34841 nonzeros.
Reduced MIP has 1331 binaries, 0 generals, 0 SOSs, and 0 indicators.
Presolve time = 0.04 sec. (26.00 ticks)
Probing fixed 446 vars, tightened 0 bounds.
Probing changed sense of 2 constraints.
Probing time = 0.17 sec. (76.40 ticks)
Clique table members: 124.
MIP emphasis: balance optimality and feasibility.
MIP search method: dynamic search.
Parallel mode: deterministic, using up to 4 threads.
Root relaxation solution time = 0.02 sec. (13.56 ticks)

        Nodes                                         Cuts/
   Node  Left     Objective  IInf  Best Integer    Best Bound    ItCnt     Gap

      0     0      332.9722    25                    332.9722      153         
*     0+    0                          334.0000      332.9722             0.31%
      0     0        cutoff            334.0000                    154    0.00%
Elapsed time = 0.35 sec. (184.43 ticks, tree = 0.01 MB, solutions = 1)

Root node processing (before b&c):
  Real time             =    0.35 sec. (184.49 ticks)
Parallel b&c, 4 threads:
  Real time             =    0.00 sec. (0.00 ticks)
  Sync time (average)   =    0.00 sec.
  Wait time (average)   =    0.00 sec.
                          ------------
Total (root+branch&cut) =    0.35 sec. (184.49 ticks)
termination_status(sp) = OPTIMAL
objective_value(sp) = 334.0
#1: 0 (0) -> 28 (13) -> 26 (26) -> 40 (33) -> 2 (42) -> 41 (49) -> 22 (66) -> 74 (81) -> 72 (96) -> 73 (111) -> 21 (124) -> 4 (140) -> 25 (153) -> 55 (162) -> 54 (175) -> 80 (192) -> 68 (223) -> 77 (235) -> 33 (252) -> 9 (267) -> 35 (276) -> 71 (291) -> 66 (307) -> 32 (324) -> 90 (333) -> 10 (348) -> 30 (372) -> 1 (381) -> 69 (387) -> 27 (400) -> 0 (400)
#2: 0 (0) -> 13 (18) -> 95 (42) -> 97 (54) -> 87 (78) -> 42 (85) -> 37 (104) -> 92 (113) -> 59 (129) -> 93 (138) -> 85 (162) -> 84 (186) -> 17 (197) -> 45 (213) -> 8 (220) -> 48 (247) -> 7 (254) -> 88 (278) -> 31 (302) -> 0 (302)

Cost: 334.0
Executando instancia P101_2_30_2.fcvrp na seed 2
------------------------------------------------------------------------------------------------------------------------------------------------
|  Restart |       Iter |       Best Feas. |             Best |      Current |       CapPen |  MinVisPen |  MaxVisPen |   Pool |    Time(s) |
------------------------------------------------------------------------------------------------------------------------------------------------
|        1 |          0 |           367.00 |           367.00 |       367.00 |        76.23 |      76.23 |      76.23 |      2 |     0.0026 |
|        1 |        500 |           335.00 |           330.92 |       338.00 |         0.01 |       0.01 |       0.01 |    617 |     0.8181 |
|        1 |        500 |           334.00 |           330.52 |       351.00 |         0.12 |       0.01 |       0.01 |   1030 |     1.4757 |
|        1 |       1000 |           334.00 |           330.52 |       371.20 |         0.03 |       0.01 |       0.01 |   1434 |     2.0930 |
|        1 |       1500 |           334.00 |           330.38 |       350.00 |         0.02 |       0.01 |       0.01 |   1796 |     2.6956 |
|        1 |       2000 |           334.00 |           330.38 |       377.81 |         0.03 |       0.01 |       0.01 |   2189 |     3.3032 |
|        1 |       2500 |           334.00 |           330.17 |       336.00 |         0.01 |       0.01 |       0.01 |   2605 |     3.9320 |
|        1 |       3000 |           334.00 |           330.17 |       360.00 |         0.06 |       0.01 |       0.01 |   3032 |     4.5620 |
|        1 |       3500 |           334.00 |           329.30 |       343.00 |         0.01 |       0.01 |       0.01 |   3366 |     5.1569 |
|        1 |       4000 |           334.00 |           329.19 |       378.93 |         0.02 |       0.01 |       0.01 |   3716 |     5.7721 |
|        1 |       4500 |           334.00 |           329.19 |       346.00 |         0.05 |       0.01 |       0.01 |   4117 |     6.4070 |
|        1 |       5000 |           334.00 |           329.19 |       381.84 |         0.21 |       0.01 |       0.01 |   4543 |     7.0269 |
Version identifier: 22.1.1.0 | 2022-11-28 | 9160aff4d
CPXPARAM_MIP_Tolerances_UpperCutoff              334.5
Tried aggregator 1 time.
MIP Presolve eliminated 77 rows and 725 columns.
MIP Presolve modified 7290 coefficients.
Reduced MIP has 55 rows, 1450 columns, and 36058 nonzeros.
Reduced MIP has 1450 binaries, 0 generals, 0 SOSs, and 0 indicators.
Presolve time = 0.10 sec. (59.35 ticks)
Tried aggregator 1 time.
Detecting symmetries...
Reduced MIP has 55 rows, 1450 columns, and 36058 nonzeros.
Reduced MIP has 1450 binaries, 0 generals, 0 SOSs, and 0 indicators.
Presolve time = 0.04 sec. (26.91 ticks)
Probing fixed 539 vars, tightened 0 bounds.
Probing changed sense of 4 constraints.
Probing time = 0.19 sec. (81.86 ticks)
Clique table members: 109.
MIP emphasis: balance optimality and feasibility.
MIP search method: dynamic search.
Parallel mode: deterministic, using up to 4 threads.
Root relaxation solution time = 0.02 sec. (14.69 ticks)

        Nodes                                         Cuts/
   Node  Left     Objective  IInf  Best Integer    Best Bound    ItCnt     Gap

      0     0      332.2051    21                    332.2051      172         
*     0+    0                          334.0000      332.2051             0.54%
      0     0        cutoff            334.0000      334.0000      261    0.00%
Elapsed time = 0.42 sec. (208.76 ticks, tree = 0.01 MB, solutions = 1)

Clique cuts applied:  2
Zero-half cuts applied:  2
Gomory fractional cuts applied:  2

Root node processing (before b&c):
  Real time             =    0.42 sec. (208.90 ticks)
Parallel b&c, 4 threads:
  Real time             =    0.00 sec. (0.00 ticks)
  Sync time (average)   =    0.00 sec.
  Wait time (average)   =    0.00 sec.
                          ------------
Total (root+branch&cut) =    0.42 sec. (208.90 ticks)
termination_status(sp) = OPTIMAL
objective_value(sp) = 334.0
#1: 0 (0) -> 31 (24) -> 88 (48) -> 7 (55) -> 48 (82) -> 8 (89) -> 45 (105) -> 84 (129) -> 61 (145) -> 16 (156) -> 91 (165) -> 85 (189) -> 93 (198) -> 98 (210) -> 37 (229) -> 42 (236) -> 87 (260) -> 2 (269) -> 13 (287) -> 94 (311) -> 0 (311)
#2: 0 (0) -> 27 (13) -> 69 (19) -> 1 (28) -> 30 (52) -> 10 (67) -> 90 (76) -> 32 (93) -> 66 (109) -> 71 (124) -> 35 (133) -> 9 (148) -> 33 (165) -> 3 (181) -> 68 (212) -> 80 (229) -> 54 (242) -> 55 (251) -> 25 (264) -> 75 (276) -> 41 (283) -> 22 (300) -> 74 (315) -> 72 (330) -> 73 (345) -> 21 (358) -> 40 (365) -> 26 (378) -> 28 (391) -> 0 (391)

Cost: 334.0
Executando instancia P101_2_30_2.fcvrp na seed 3
------------------------------------------------------------------------------------------------------------------------------------------------
|  Restart |       Iter |       Best Feas. |             Best |      Current |       CapPen |  MinVisPen |  MaxVisPen |   Pool |    Time(s) |
------------------------------------------------------------------------------------------------------------------------------------------------
|        1 |          0 |           377.00 |           377.00 |       377.00 |        74.72 |      74.72 |      74.72 |      2 |     0.0030 |
|        1 |        500 |           334.00 |           330.53 |       372.00 |         0.12 |       0.01 |       0.01 |    805 |     1.2440 |
|        1 |       1000 |           334.00 |           330.53 |       345.39 |         0.50 |       0.01 |       0.01 |   1257 |     1.8709 |
|        1 |       1500 |           334.00 |           330.14 |       408.87 |         0.05 |       0.01 |       0.01 |   1710 |     2.5157 |
|        1 |       2000 |           334.00 |           330.14 |       334.00 |         0.02 |       0.01 |       0.01 |   2160 |     3.1765 |
|        1 |       2500 |           334.00 |           330.14 |       347.00 |         0.03 |       0.01 |       0.01 |   2541 |     3.8175 |
|        1 |       3000 |           334.00 |           330.14 |       338.00 |         0.01 |       0.01 |       0.01 |   2939 |     4.4567 |
|        1 |       3500 |           334.00 |           330.14 |       343.00 |         0.02 |       0.01 |       0.01 |   3351 |     5.1222 |
|        1 |       4000 |           334.00 |           330.14 |       351.00 |         0.03 |       0.01 |       0.01 |   3713 |     5.7325 |
|        1 |       4500 |           334.00 |           330.14 |       351.08 |         0.13 |       0.01 |       0.01 |   4072 |     6.3327 |
|        1 |       5000 |           334.00 |           329.38 |       359.00 |         0.10 |       0.01 |       0.01 |   4441 |     6.9827 |
Version identifier: 22.1.1.0 | 2022-11-28 | 9160aff4d
CPXPARAM_MIP_Tolerances_UpperCutoff              334.5
Tried aggregator 1 time.
MIP Presolve eliminated 82 rows and 597 columns.
MIP Presolve modified 7865 coefficients.
Reduced MIP has 49 rows, 1370 columns, and 31819 nonzeros.
Reduced MIP has 1370 binaries, 0 generals, 0 SOSs, and 0 indicators.
Presolve time = 0.10 sec. (56.64 ticks)
Tried aggregator 1 time.
Detecting symmetries...
Reduced MIP has 49 rows, 1370 columns, and 31819 nonzeros.
Reduced MIP has 1370 binaries, 0 generals, 0 SOSs, and 0 indicators.
Presolve time = 0.04 sec. (22.70 ticks)
Probing fixed 509 vars, tightened 0 bounds.
Probing changed sense of 2 constraints.
Probing time = 0.17 sec. (72.93 ticks)
Clique table members: 103.
MIP emphasis: balance optimality and feasibility.
MIP search method: dynamic search.
Parallel mode: deterministic, using up to 4 threads.
Root relaxation solution time = 0.01 sec. (13.07 ticks)

        Nodes                                         Cuts/
   Node  Left     Objective  IInf  Best Integer    Best Bound    ItCnt     Gap

      0     0      331.8205    23                    331.8205      151         
*     0+    0                          334.0000      331.8205             0.65%
      0     0        cutoff            334.0000                    172    0.00%
Elapsed time = 0.36 sec. (180.95 ticks, tree = 0.01 MB, solutions = 1)

Root node processing (before b&c):
  Real time             =    0.36 sec. (181.01 ticks)
Parallel b&c, 4 threads:
  Real time             =    0.00 sec. (0.00 ticks)
  Sync time (average)   =    0.00 sec.
  Wait time (average)   =    0.00 sec.
                          ------------
Total (root+branch&cut) =    0.36 sec. (181.01 ticks)
termination_status(sp) = OPTIMAL
objective_value(sp) = 334.0
#1: 0 (0) -> 31 (24) -> 88 (48) -> 7 (55) -> 48 (82) -> 8 (89) -> 45 (105) -> 84 (129) -> 61 (145) -> 16 (156) -> 91 (165) -> 85 (189) -> 93 (198) -> 98 (210) -> 37 (229) -> 42 (236) -> 87 (260) -> 2 (269) -> 13 (287) -> 94 (311) -> 0 (311)
#2: 0 (0) -> 27 (13) -> 69 (19) -> 1 (28) -> 30 (52) -> 10 (67) -> 90 (76) -> 32 (93) -> 66 (109) -> 71 (124) -> 35 (133) -> 9 (148) -> 33 (165) -> 3 (181) -> 68 (212) -> 80 (229) -> 54 (242) -> 25 (255) -> 56 (264) -> 75 (276) -> 22 (293) -> 41 (300) -> 74 (315) -> 72 (330) -> 73 (345) -> 21 (358) -> 40 (365) -> 26 (378) -> 28 (391) -> 0 (391)

Cost: 334.0
Executando instancia P101_2_30_2.fcvrp na seed 4
------------------------------------------------------------------------------------------------------------------------------------------------
|  Restart |       Iter |       Best Feas. |             Best |      Current |       CapPen |  MinVisPen |  MaxVisPen |   Pool |    Time(s) |
------------------------------------------------------------------------------------------------------------------------------------------------
|        1 |          0 |           389.00 |           389.00 |       389.00 |        86.01 |      86.01 |      86.01 |      2 |     0.0023 |
|        1 |        500 |           334.00 |           332.93 |       345.00 |         0.01 |       0.01 |       0.01 |   1106 |     1.6192 |
|        1 |       1000 |           334.00 |           330.56 |       350.00 |         0.01 |       0.01 |       0.01 |   1517 |     2.2365 |
|        1 |       1500 |           334.00 |           330.56 |       351.00 |         0.01 |       0.01 |       0.01 |   1957 |     2.8803 |
|        1 |       2000 |           334.00 |           330.56 |       359.00 |         0.06 |       0.01 |       0.01 |   2329 |     3.5166 |
|        1 |       2500 |           334.00 |           330.56 |       344.00 |         0.10 |       0.01 |       0.01 |   2712 |     4.1506 |
|        1 |       3000 |           334.00 |           328.77 |       345.00 |         0.29 |       0.01 |       0.01 |   3094 |     4.7593 |
|        1 |       3500 |           334.00 |           328.77 |       346.15 |         0.01 |       0.01 |       0.01 |   3492 |     5.3766 |
|        1 |       4000 |           334.00 |           328.77 |       354.00 |         0.01 |       0.01 |       0.01 |   3868 |     5.9819 |
|        1 |       4500 |           334.00 |           328.77 |       358.00 |         0.01 |       0.01 |       0.01 |   4291 |     6.6074 |
|        1 |       5000 |           334.00 |           328.77 |       360.00 |         0.01 |       0.01 |       0.01 |   4696 |     7.2203 |
Version identifier: 22.1.1.0 | 2022-11-28 | 9160aff4d
CPXPARAM_MIP_Tolerances_UpperCutoff              334.5
Tried aggregator 1 time.
MIP Presolve eliminated 76 rows and 706 columns.
MIP Presolve modified 6331 coefficients.
Reduced MIP has 56 rows, 1532 columns, and 39287 nonzeros.
Reduced MIP has 1532 binaries, 0 generals, 0 SOSs, and 0 indicators.
Presolve time = 0.10 sec. (59.76 ticks)
Tried aggregator 1 time.
Detecting symmetries...
Reduced MIP has 56 rows, 1532 columns, and 39287 nonzeros.
Reduced MIP has 1532 binaries, 0 generals, 0 SOSs, and 0 indicators.
Presolve time = 0.04 sec. (28.14 ticks)
Probing fixed 558 vars, tightened 0 bounds.
Probing changed sense of 3 constraints.
Probing time = 0.22 sec. (95.67 ticks)
Clique table members: 108.
MIP emphasis: balance optimality and feasibility.
MIP search method: dynamic search.
Parallel mode: deterministic, using up to 4 threads.
Root relaxation solution time = 0.02 sec. (16.86 ticks)

        Nodes                                         Cuts/
   Node  Left     Objective  IInf  Best Integer    Best Bound    ItCnt     Gap

      0     0      331.4683    26                    331.4683      184         
*     0+    0                          334.0000      331.4683             0.76%
      0     0        cutoff            334.0000                    214    0.00%
Elapsed time = 0.44 sec. (220.05 ticks, tree = 0.01 MB, solutions = 1)

Root node processing (before b&c):
  Real time             =    0.44 sec. (220.11 ticks)
Parallel b&c, 4 threads:
  Real time             =    0.00 sec. (0.00 ticks)
  Sync time (average)   =    0.00 sec.
  Wait time (average)   =    0.00 sec.
                          ------------
Total (root+branch&cut) =    0.44 sec. (220.11 ticks)
termination_status(sp) = OPTIMAL
objective_value(sp) = 334.0
#1: 0 (0) -> 31 (24) -> 88 (48) -> 7 (55) -> 48 (82) -> 8 (89) -> 45 (105) -> 84 (129) -> 61 (145) -> 16 (156) -> 91 (165) -> 85 (189) -> 93 (198) -> 98 (210) -> 37 (229) -> 42 (236) -> 87 (260) -> 2 (269) -> 13 (287) -> 94 (311) -> 0 (311)
#2: 0 (0) -> 28 (13) -> 26 (26) -> 40 (33) -> 21 (46) -> 73 (61) -> 72 (76) -> 74 (91) -> 22 (108) -> 41 (115) -> 75 (127) -> 25 (140) -> 55 (149) -> 54 (162) -> 80 (179) -> 68 (210) -> 3 (226) -> 33 (243) -> 9 (258) -> 35 (267) -> 71 (282) -> 66 (298) -> 32 (315) -> 90 (324) -> 10 (339) -> 30 (363) -> 1 (372) -> 69 (378) -> 27 (391) -> 0 (391)

Cost: 334.0
Executando instancia P101_2_30_2.fcvrp na seed 5
------------------------------------------------------------------------------------------------------------------------------------------------
|  Restart |       Iter |       Best Feas. |             Best |      Current |       CapPen |  MinVisPen |  MaxVisPen |   Pool |    Time(s) |
------------------------------------------------------------------------------------------------------------------------------------------------
|        1 |          0 |           352.00 |           352.00 |       352.00 |        85.15 |      85.15 |      85.15 |      2 |     0.0027 |
|        1 |        500 |           334.00 |           331.20 |       338.00 |         0.07 |       0.01 |       0.01 |    488 |     0.7143 |
|        1 |       1000 |           334.00 |           330.18 |       341.00 |         0.01 |       0.01 |       0.01 |    926 |     1.3706 |
|        1 |       1500 |           334.00 |           330.18 |       359.00 |         0.27 |       0.01 |       0.01 |   1291 |     2.0079 |
|        1 |       2000 |           334.00 |           330.18 |       340.00 |         0.01 |       0.01 |       0.01 |   1699 |     2.6338 |
|        1 |       2500 |           334.00 |           330.18 |       345.00 |         0.02 |       0.01 |       0.01 |   2065 |     3.2538 |
|        1 |       3000 |           334.00 |           330.18 |       338.15 |         0.01 |       0.01 |       0.01 |   2505 |     3.8901 |
|        1 |       3500 |           334.00 |           330.18 |       345.00 |         0.01 |       0.01 |       0.01 |   2933 |     4.5510 |
|        1 |       4000 |           334.00 |           328.97 |       333.20 |         0.08 |       0.01 |       0.01 |   3317 |     5.1729 |
|        1 |       4500 |           334.00 |           328.97 |       341.85 |         0.19 |       0.01 |       0.01 |   3677 |     5.7960 |
|        1 |       5000 |           334.00 |           328.97 |       359.31 |         0.14 |       0.01 |       0.01 |   4036 |     6.4164 |
Version identifier: 22.1.1.0 | 2022-11-28 | 9160aff4d
CPXPARAM_MIP_Tolerances_UpperCutoff              334.5
Tried aggregator 1 time.
MIP Presolve eliminated 76 rows and 811 columns.
MIP Presolve modified 6246 coefficients.
Reduced MIP has 56 rows, 1369 columns, and 35061 nonzeros.
Reduced MIP has 1369 binaries, 0 generals, 0 SOSs, and 0 indicators.
Presolve time = 0.10 sec. (56.62 ticks)
Tried aggregator 1 time.
Detecting symmetries...
Reduced MIP has 56 rows, 1369 columns, and 35061 nonzeros.
Reduced MIP has 1369 binaries, 0 generals, 0 SOSs, and 0 indicators.
Presolve time = 0.04 sec. (26.74 ticks)
Probing fixed 406 vars, tightened 0 bounds.
Probing changed sense of 2 constraints.
Probing time = 0.17 sec. (74.75 ticks)
Clique table members: 137.
MIP emphasis: balance optimality and feasibility.
MIP search method: dynamic search.
Parallel mode: deterministic, using up to 4 threads.
Root relaxation solution time = 0.02 sec. (14.95 ticks)

        Nodes                                         Cuts/
   Node  Left     Objective  IInf  Best Integer    Best Bound    ItCnt     Gap

      0     0      332.5000    16                    332.5000      168         
*     0+    0                          334.0000      332.5000             0.45%
      0     0        cutoff            334.0000                    177    0.00%
Elapsed time = 0.37 sec. (189.24 ticks, tree = 0.01 MB, solutions = 1)

Root node processing (before b&c):
  Real time             =    0.37 sec. (189.30 ticks)
Parallel b&c, 4 threads:
  Real time             =    0.00 sec. (0.00 ticks)
  Sync time (average)   =    0.00 sec.
  Wait time (average)   =    0.00 sec.
                          ------------
Total (root+branch&cut) =    0.37 sec. (189.30 ticks)
termination_status(sp) = OPTIMAL
objective_value(sp) = 334.0
#1: 0 (0) -> 31 (24) -> 88 (48) -> 7 (55) -> 48 (82) -> 8 (89) -> 45 (105) -> 84 (129) -> 61 (145) -> 16 (156) -> 91 (165) -> 85 (189) -> 93 (198) -> 98 (210) -> 37 (229) -> 42 (236) -> 87 (260) -> 13 (278) -> 94 (302) -> 0 (302)
#2: 0 (0) -> 28 (13) -> 26 (26) -> 40 (33) -> 2 (42) -> 41 (49) -> 22 (66) -> 74 (81) -> 72 (96) -> 73 (111) -> 21 (124) -> 4 (140) -> 25 (153) -> 55 (162) -> 54 (175) -> 80 (192) -> 68 (223) -> 77 (235) -> 33 (252) -> 9 (267) -> 35 (276) -> 71 (291) -> 66 (307) -> 32 (324) -> 90 (333) -> 10 (348) -> 30 (372) -> 1 (381) -> 69 (387) -> 27 (400) -> 0 (400)

Cost: 334.0
