Executando com parâmetros:
  path       = instances/homogeneous_fleet/70_100/P101_3_10_4.fcvrp
  seed       = 1
  restarts   = 1
  iterMax    = 5000
  randShift  = 1
  randSwap   = 1
Executando instancia P101_3_10_4.fcvrp na seed 1
------------------------------------------------------------------------------------------------------------------------------------------------
|  Restart |       Iter |       Best Feas. |             Best |      Current |       CapPen |  MinVisPen |  MaxVisPen |   Pool |    Time(s) |
------------------------------------------------------------------------------------------------------------------------------------------------
|        1 |          0 |           547.00 |           547.00 |       547.00 |        78.57 |      78.57 |      78.57 |      3 |     0.5972 |
|        1 |        500 |           472.00 |           472.00 |       539.38 |         0.42 |       0.01 |       0.01 |   1154 |     5.9938 |
|        1 |       1000 |           472.00 |           472.00 |       524.00 |         0.01 |       0.01 |       0.01 |   1887 |     9.5292 |
|        1 |       1500 |           472.00 |           471.14 |       475.00 |         0.11 |       0.01 |       0.01 |   2530 |    13.0385 |
|        1 |       2000 |           472.00 |           471.14 |       532.36 |         0.04 |       0.01 |       0.01 |   3128 |    16.3593 |
|        1 |       2500 |           472.00 |           471.14 |       502.32 |         0.09 |       0.01 |       0.01 |   3806 |    19.7736 |
|        1 |        500 |           470.00 |           470.00 |       509.00 |         0.06 |       0.01 |       0.01 |   4547 |    24.0389 |
|        1 |       1000 |           470.00 |           470.00 |       503.00 |         0.44 |       0.01 |       0.01 |   5208 |    27.5333 |
|        1 |       1500 |           470.00 |           470.00 |       505.33 |         0.36 |       0.01 |       0.01 |   5761 |    30.8628 |
|        1 |       2000 |           470.00 |           470.00 |       505.00 |         0.08 |       0.01 |       0.01 |   6458 |    34.3196 |
|        1 |       2500 |           470.00 |           470.00 |       503.00 |         0.23 |       0.01 |       0.01 |   7076 |    37.7180 |
|        1 |       3000 |           470.00 |           470.00 |       504.00 |         0.05 |       0.01 |       0.01 |   7689 |    41.0826 |
|        1 |       3500 |           470.00 |           470.00 |       518.00 |         0.26 |       0.01 |       0.01 |   8352 |    44.5073 |
|        1 |       4000 |           470.00 |           470.00 |       514.16 |         0.06 |       0.01 |       0.01 |   8957 |    47.9224 |
|        1 |       4500 |           470.00 |           470.00 |       497.94 |         0.30 |       0.01 |       0.01 |   9594 |    51.3762 |
|        1 |       5000 |           470.00 |           470.00 |       509.72 |         0.30 |       0.01 |       0.01 |  10193 |    54.6726 |
Version identifier: 22.1.1.0 | 2022-11-28 | 9160aff4d
CPXPARAM_MIP_Tolerances_UpperCutoff              470.5
Tried aggregator 1 time.
MIP Presolve eliminated 26 rows and 112 columns.
MIP Presolve modified 3114 coefficients.
Reduced MIP has 87 rows, 1417 columns, and 39397 nonzeros.
Reduced MIP has 1417 binaries, 0 generals, 0 SOSs, and 0 indicators.
Presolve time = 0.07 sec. (50.54 ticks)
Probing fixed 89 vars, tightened 0 bounds.
Probing time = 0.17 sec. (82.99 ticks)
Tried aggregator 1 time.
Detecting symmetries...
MIP Presolve eliminated 1 rows and 98 columns.
MIP Presolve modified 2 coefficients.
Reduced MIP has 86 rows, 1319 columns, and 37081 nonzeros.
Reduced MIP has 1319 binaries, 0 generals, 0 SOSs, and 0 indicators.
Presolve time = 0.06 sec. (41.74 ticks)
Probing fixed 3 vars, tightened 0 bounds.
Probing time = 0.08 sec. (39.70 ticks)
Clique table members: 120.
MIP emphasis: balance optimality and feasibility.
MIP search method: dynamic search.
Parallel mode: deterministic, using up to 4 threads.
Root relaxation solution time = 0.03 sec. (26.60 ticks)

        Nodes                                         Cuts/
   Node  Left     Objective  IInf  Best Integer    Best Bound    ItCnt     Gap

      0     0      468.2258    17                    468.2258      228         
*     0+    0                          469.0000      468.2258             0.17%
      0     0        cutoff            469.0000      469.0000      291    0.00%
Elapsed time = 0.51 sec. (290.43 ticks, tree = 0.01 MB, solutions = 1)

Mixed integer rounding cuts applied:  2
Gomory fractional cuts applied:  9

Root node processing (before b&c):
  Real time             =    0.52 sec. (290.59 ticks)
Parallel b&c, 4 threads:
  Real time             =    0.00 sec. (0.00 ticks)
  Sync time (average)   =    0.00 sec.
  Wait time (average)   =    0.00 sec.
                          ------------
Total (root+branch&cut) =    0.52 sec. (290.59 ticks)
termination_status(sp) = OPTIMAL
objective_value(sp) = 468.9999999999998
#1: 0 (0) -> 52 (11) -> 7 (24) -> 48 (42) -> 47 (60) -> 19 (74) -> 11 (87) -> 63 (103) -> 90 (119) -> 32 (132) -> 10 (145) -> 31 (162) -> 70 (178) -> 30 (195) -> 20 (209) -> 51 (220) -> 9 (233) -> 35 (246) -> 34 (259) -> 78 (275) -> 81 (291) -> 33 (304) -> 50 (315) -> 1 (328) -> 69 (344) -> 27 (361) -> 0 (361)
#2: 0 (0) -> 89 (16) -> 18 (30) -> 60 (46) -> 5 (59) -> 84 (75) -> 17 (89) -> 61 (105) -> 16 (119) -> 44 (137) -> 38 (151) -> 14 (165) -> 91 (181) -> 100 (197) -> 98 (213) -> 37 (227) -> 92 (243) -> 59 (259) -> 99 (275) -> 96 (291) -> 6 (304) -> 94 (320) -> 13 (334) -> 0 (334)
#3: 0 (0) -> 53 (11) -> 58 (27) -> 40 (41) -> 2 (54) -> 57 (70) -> 15 (84) -> 41 (98) -> 22 (115) -> 74 (128) -> 73 (141) -> 21 (155) -> 72 (171) -> 56 (187) -> 23 (204) -> 39 (218) -> 25 (235) -> 55 (246) -> 54 (257) -> 24 (274) -> 29 (291) -> 68 (307) -> 80 (323) -> 12 (336) -> 26 (353) -> 28 (370) -> 0 (370)

Cost: 469.0
Executando instancia P101_3_10_4.fcvrp na seed 2
------------------------------------------------------------------------------------------------------------------------------------------------
|  Restart |       Iter |       Best Feas. |             Best |      Current |       CapPen |  MinVisPen |  MaxVisPen |   Pool |    Time(s) |
------------------------------------------------------------------------------------------------------------------------------------------------
|        1 |          0 |           546.00 |           546.00 |       546.00 |        71.06 |      71.06 |      71.06 |      3 |     0.0136 |
|        1 |        500 |           469.00 |           469.00 |       504.00 |         0.07 |       0.01 |       0.01 |   1206 |     6.2315 |
|        1 |       1000 |           469.00 |           469.00 |       507.00 |         0.01 |       0.01 |       0.01 |   1892 |     9.6761 |
|        1 |       1500 |           469.00 |           469.00 |       514.83 |         0.02 |       0.01 |       0.01 |   2528 |    13.0496 |
|        1 |       2000 |           469.00 |           469.00 |       518.00 |         0.06 |       0.01 |       0.01 |   3084 |    16.4250 |
|        1 |       2500 |           469.00 |           469.00 |       513.14 |         0.50 |       0.01 |       0.01 |   3557 |    19.5466 |
|        1 |       3000 |           469.00 |           469.00 |       491.00 |         0.03 |       0.01 |       0.01 |   4150 |    22.9877 |
|        1 |       3500 |           469.00 |           469.00 |       500.00 |         0.07 |       0.01 |       0.01 |   4766 |    26.4222 |
|        1 |       4000 |           469.00 |           469.00 |       491.35 |         0.02 |       0.01 |       0.01 |   5399 |    29.8193 |
|        1 |       4500 |           469.00 |           469.00 |       484.00 |         0.16 |       0.01 |       0.01 |   5964 |    33.1050 |
|        1 |       5000 |           469.00 |           469.00 |       529.67 |         0.24 |       0.01 |       0.01 |   6567 |    36.4924 |
Version identifier: 22.1.1.0 | 2022-11-28 | 9160aff4d
CPXPARAM_MIP_Tolerances_UpperCutoff              469.5
Tried aggregator 1 time.
MIP Presolve eliminated 29 rows and 142 columns.
MIP Presolve modified 2911 coefficients.
Reduced MIP has 84 rows, 1292 columns, and 34635 nonzeros.
Reduced MIP has 1292 binaries, 0 generals, 0 SOSs, and 0 indicators.
Presolve time = 0.07 sec. (44.73 ticks)
Probing fixed 68 vars, tightened 0 bounds.
Probing time = 0.13 sec. (64.76 ticks)
Tried aggregator 1 time.
Detecting symmetries...
MIP Presolve eliminated 0 rows and 78 columns.
MIP Presolve modified 2 coefficients.
Reduced MIP has 84 rows, 1214 columns, and 32905 nonzeros.
Reduced MIP has 1214 binaries, 0 generals, 0 SOSs, and 0 indicators.
Presolve time = 0.04 sec. (28.97 ticks)
Probing fixed 7 vars, tightened 0 bounds.
Probing time = 0.07 sec. (36.81 ticks)
Clique table members: 284.
MIP emphasis: balance optimality and feasibility.
MIP search method: dynamic search.
Parallel mode: deterministic, using up to 4 threads.
Root relaxation solution time = 0.02 sec. (19.31 ticks)

        Nodes                                         Cuts/
   Node  Left     Objective  IInf  Best Integer    Best Bound    ItCnt     Gap

      0     0      468.5000    14                    468.5000      188         
*     0+    0                          469.0000      468.5000             0.11%
      0     0        cutoff            469.0000      468.5000      188    0.11%
Elapsed time = 0.37 sec. (209.38 ticks, tree = 0.01 MB, solutions = 1)

Root node processing (before b&c):
  Real time             =    0.37 sec. (209.53 ticks)
Parallel b&c, 4 threads:
  Real time             =    0.00 sec. (0.00 ticks)
  Sync time (average)   =    0.00 sec.
  Wait time (average)   =    0.00 sec.
                          ------------
Total (root+branch&cut) =    0.37 sec. (209.53 ticks)
termination_status(sp) = OPTIMAL
objective_value(sp) = 469.0
#1: 0 (0) -> 13 (14) -> 94 (30) -> 6 (43) -> 96 (59) -> 99 (75) -> 59 (91) -> 98 (107) -> 37 (121) -> 92 (137) -> 97 (153) -> 87 (169) -> 57 (185) -> 15 (199) -> 43 (217) -> 14 (231) -> 38 (245) -> 44 (263) -> 16 (277) -> 61 (293) -> 17 (307) -> 84 (323) -> 5 (336) -> 60 (352) -> 18 (366) -> 89 (382) -> 0 (382)
#2: 0 (0) -> 27 (17) -> 69 (33) -> 1 (46) -> 50 (57) -> 33 (70) -> 81 (86) -> 78 (102) -> 34 (115) -> 35 (128) -> 9 (141) -> 51 (152) -> 20 (166) -> 30 (183) -> 70 (199) -> 31 (216) -> 10 (229) -> 32 (242) -> 90 (258) -> 63 (274) -> 11 (287) -> 19 (301) -> 48 (319) -> 7 (332) -> 52 (343) -> 0 (343)
#3: 0 (0) -> 53 (11) -> 58 (27) -> 40 (41) -> 21 (55) -> 72 (71) -> 74 (84) -> 22 (101) -> 41 (115) -> 75 (128) -> 56 (144) -> 23 (161) -> 39 (175) -> 25 (192) -> 55 (203) -> 54 (214) -> 24 (231) -> 29 (248) -> 3 (261) -> 68 (277) -> 80 (293) -> 12 (306) -> 26 (323) -> 28 (340) -> 0 (340)

Cost: 469.0
Executando instancia P101_3_10_4.fcvrp na seed 3
------------------------------------------------------------------------------------------------------------------------------------------------
|  Restart |       Iter |       Best Feas. |             Best |      Current |       CapPen |  MinVisPen |  MaxVisPen |   Pool |    Time(s) |
------------------------------------------------------------------------------------------------------------------------------------------------
|        1 |          0 |           564.00 |           564.00 |       564.00 |        71.77 |      71.77 |      71.77 |      3 |     0.0190 |
|        1 |        500 |           477.00 |           477.00 |       526.00 |         0.06 |       0.01 |       0.01 |   1056 |     5.5462 |
|        1 |       1000 |           477.00 |           477.00 |       507.29 |         0.45 |       0.01 |       0.01 |   1694 |     9.0074 |
|        1 |        500 |           476.00 |           476.00 |       513.00 |         0.12 |       0.01 |       0.01 |   2578 |    13.6252 |
|        1 |       1000 |           476.00 |           476.00 |       499.40 |         0.03 |       0.01 |       0.01 |   3221 |    16.9949 |
|        1 |       1500 |           476.00 |           476.00 |       521.00 |         0.14 |       0.01 |       0.01 |   3874 |    20.5472 |
|        1 |       2000 |           476.00 |           476.00 |       495.06 |         0.03 |       0.01 |       0.01 |   4439 |    23.8068 |
|        1 |        500 |           469.00 |           469.00 |       524.16 |         0.26 |       0.01 |       0.01 |   5735 |    31.4482 |
|        1 |       1000 |           469.00 |           469.00 |       502.68 |         0.23 |       0.01 |       0.01 |   6347 |    34.8869 |
|        1 |       1500 |           469.00 |           469.00 |       535.00 |         0.06 |       0.01 |       0.01 |   6984 |    38.1721 |
|        1 |       2000 |           469.00 |           469.00 |       506.00 |         0.01 |       0.01 |       0.01 |   7553 |    41.5219 |
|        1 |       2500 |           469.00 |           469.00 |       526.43 |         0.19 |       0.01 |       0.01 |   8216 |    44.9283 |
|        1 |       3000 |           469.00 |           469.00 |       507.00 |         0.26 |       0.01 |       0.01 |   8854 |    48.6733 |
|        1 |       3500 |           469.00 |           469.00 |       502.00 |         0.25 |       0.01 |       0.01 |   9522 |    52.1092 |
|        1 |       4000 |           469.00 |           469.00 |       487.61 |         0.03 |       0.01 |       0.01 |  10146 |    55.4974 |
|        1 |       4500 |           469.00 |           469.00 |       493.00 |         0.01 |       0.01 |       0.01 |  10722 |    58.8805 |
|        1 |       5000 |           469.00 |           469.00 |       495.53 |         0.08 |       0.01 |       0.01 |  11303 |    62.1614 |
Version identifier: 22.1.1.0 | 2022-11-28 | 9160aff4d
CPXPARAM_MIP_Tolerances_UpperCutoff              469.5
Tried aggregator 1 time.
MIP Presolve eliminated 26 rows and 169 columns.
MIP Presolve modified 3829 coefficients.
Reduced MIP has 87 rows, 1735 columns, and 47978 nonzeros.
Reduced MIP has 1735 binaries, 0 generals, 0 SOSs, and 0 indicators.
Presolve time = 0.11 sec. (69.93 ticks)
Tried aggregator 1 time.
Detecting symmetries...
MIP Presolve eliminated 0 rows and 2 columns.
MIP Presolve modified 1 coefficients.
Reduced MIP has 87 rows, 1733 columns, and 48257 nonzeros.
Reduced MIP has 1733 binaries, 0 generals, 0 SOSs, and 0 indicators.
Presolve time = 0.09 sec. (53.75 ticks)
Probing fixed 69 vars, tightened 0 bounds.
Probing time = 0.24 sec. (120.92 ticks)
Clique table members: 125.
MIP emphasis: balance optimality and feasibility.
MIP search method: dynamic search.
Parallel mode: deterministic, using up to 4 threads.
Root relaxation solution time = 0.04 sec. (28.71 ticks)

        Nodes                                         Cuts/
   Node  Left     Objective  IInf  Best Integer    Best Bound    ItCnt     Gap

      0     0      467.2947    32                    467.2947      211         
*     0+    0                          469.0000      467.2947             0.36%
      0     0        cutoff            469.0000      469.0000      322    0.00%
Elapsed time = 0.56 sec. (313.44 ticks, tree = 0.01 MB, solutions = 1)

Zero-half cuts applied:  2
Gomory fractional cuts applied:  1

Root node processing (before b&c):
  Real time             =    0.56 sec. (313.64 ticks)
Parallel b&c, 4 threads:
  Real time             =    0.00 sec. (0.00 ticks)
  Sync time (average)   =    0.00 sec.
  Wait time (average)   =    0.00 sec.
                          ------------
Total (root+branch&cut) =    0.56 sec. (313.64 ticks)
termination_status(sp) = OPTIMAL
objective_value(sp) = 469.0
#1: 0 (0) -> 89 (16) -> 18 (30) -> 60 (46) -> 5 (59) -> 84 (75) -> 17 (89) -> 61 (105) -> 16 (119) -> 44 (137) -> 38 (151) -> 14 (165) -> 43 (183) -> 15 (197) -> 57 (213) -> 87 (229) -> 97 (245) -> 37 (259) -> 98 (275) -> 92 (291) -> 59 (307) -> 99 (323) -> 96 (339) -> 6 (352) -> 94 (368) -> 13 (382) -> 0 (382)
#2: 0 (0) -> 52 (11) -> 7 (24) -> 48 (42) -> 19 (56) -> 11 (69) -> 63 (85) -> 90 (101) -> 32 (114) -> 10 (127) -> 31 (144) -> 70 (160) -> 30 (177) -> 20 (191) -> 51 (202) -> 9 (215) -> 35 (228) -> 34 (241) -> 78 (257) -> 81 (273) -> 33 (286) -> 50 (297) -> 1 (310) -> 69 (326) -> 27 (343) -> 0 (343)
#3: 0 (0) -> 53 (11) -> 58 (27) -> 40 (41) -> 21 (55) -> 72 (71) -> 74 (84) -> 22 (101) -> 41 (115) -> 75 (128) -> 56 (144) -> 23 (161) -> 39 (175) -> 25 (192) -> 55 (203) -> 54 (214) -> 24 (231) -> 29 (248) -> 3 (261) -> 68 (277) -> 80 (293) -> 12 (306) -> 26 (323) -> 28 (340) -> 0 (340)

Cost: 469.0
Executando instancia P101_3_10_4.fcvrp na seed 4
------------------------------------------------------------------------------------------------------------------------------------------------
|  Restart |       Iter |       Best Feas. |             Best |      Current |       CapPen |  MinVisPen |  MaxVisPen |   Pool |    Time(s) |
------------------------------------------------------------------------------------------------------------------------------------------------
|        1 |          0 |           539.00 |           539.00 |       539.00 |        79.36 |      79.36 |      79.36 |      3 |     0.0133 |
|        1 |        500 |           475.00 |           475.00 |       496.00 |         0.11 |       0.01 |       0.01 |   1254 |     6.6792 |
|        1 |       1000 |           475.00 |           471.04 |       506.00 |         0.01 |       0.01 |       0.01 |   1902 |    10.0435 |
|        1 |        500 |           469.00 |           469.00 |       492.00 |         0.12 |       0.01 |       0.01 |   2473 |    13.5701 |
|        1 |       1000 |           469.00 |           469.00 |       500.00 |         0.01 |       0.01 |       0.01 |   3042 |    16.9821 |
|        1 |       1500 |           469.00 |           469.00 |       544.00 |         0.11 |       0.01 |       0.01 |   3606 |    20.5154 |
|        1 |       2000 |           469.00 |           469.00 |       496.18 |         0.18 |       0.01 |       0.01 |   4257 |    23.9887 |
|        1 |       2500 |           469.00 |           469.00 |       480.00 |         0.23 |       0.01 |       0.01 |   4921 |    27.4465 |
|        1 |       3000 |           469.00 |           469.00 |       507.00 |         0.07 |       0.01 |       0.01 |   5622 |    30.9601 |
|        1 |       3500 |           469.00 |           469.00 |       542.47 |         0.25 |       0.01 |       0.01 |   6301 |    34.3397 |
|        1 |       4000 |           469.00 |           469.00 |       504.00 |         0.07 |       0.01 |       0.01 |   6888 |    37.6429 |
|        1 |       4500 |           469.00 |           469.00 |       497.00 |         0.08 |       0.01 |       0.01 |   7539 |    41.0654 |
|        1 |       5000 |           469.00 |           469.00 |       518.11 |         0.06 |       0.01 |       0.01 |   8173 |    44.6944 |
Version identifier: 22.1.1.0 | 2022-11-28 | 9160aff4d
CPXPARAM_MIP_Tolerances_UpperCutoff              469.5
Tried aggregator 1 time.
MIP Presolve eliminated 33 rows and 109 columns.
MIP Presolve modified 3000 coefficients.
Reduced MIP has 80 rows, 1101 columns, and 28449 nonzeros.
Reduced MIP has 1101 binaries, 0 generals, 0 SOSs, and 0 indicators.
Presolve time = 0.06 sec. (35.13 ticks)
Probing fixed 65 vars, tightened 0 bounds.
Probing time = 0.10 sec. (50.35 ticks)
Tried aggregator 1 time.
Detecting symmetries...
MIP Presolve eliminated 2 rows and 77 columns.
MIP Presolve modified 2 coefficients.
Reduced MIP has 78 rows, 1024 columns, and 26474 nonzeros.
Reduced MIP has 1024 binaries, 0 generals, 0 SOSs, and 0 indicators.
Presolve time = 0.04 sec. (27.39 ticks)
Probing time = 0.01 sec. (6.21 ticks)
Clique table members: 100.
MIP emphasis: balance optimality and feasibility.
MIP search method: dynamic search.
Parallel mode: deterministic, using up to 4 threads.
Root relaxation solution time = 0.02 sec. (14.21 ticks)

        Nodes                                         Cuts/
   Node  Left     Objective  IInf  Best Integer    Best Bound    ItCnt     Gap

      0     0      468.7564    27                    468.7564      162         
*     0+    0                          469.0000      468.7564             0.05%
      0     0        cutoff            469.0000      469.0000      186    0.00%
Elapsed time = 0.27 sec. (152.22 ticks, tree = 0.01 MB, solutions = 1)

Zero-half cuts applied:  3
Gomory fractional cuts applied:  3

Root node processing (before b&c):
  Real time             =    0.27 sec. (152.34 ticks)
Parallel b&c, 4 threads:
  Real time             =    0.00 sec. (0.00 ticks)
  Sync time (average)   =    0.00 sec.
  Wait time (average)   =    0.00 sec.
                          ------------
Total (root+branch&cut) =    0.27 sec. (152.34 ticks)
termination_status(sp) = OPTIMAL
objective_value(sp) = 469.0
#1: 0 (0) -> 27 (17) -> 69 (33) -> 1 (46) -> 50 (57) -> 33 (70) -> 81 (86) -> 78 (102) -> 34 (115) -> 35 (128) -> 9 (141) -> 51 (152) -> 20 (166) -> 30 (183) -> 70 (199) -> 31 (216) -> 10 (229) -> 32 (242) -> 90 (258) -> 63 (274) -> 11 (287) -> 19 (301) -> 48 (319) -> 7 (332) -> 52 (343) -> 0 (343)
#2: 0 (0) -> 28 (17) -> 26 (34) -> 12 (47) -> 80 (63) -> 68 (79) -> 3 (92) -> 29 (109) -> 24 (126) -> 54 (137) -> 55 (148) -> 25 (165) -> 39 (179) -> 23 (196) -> 56 (212) -> 75 (225) -> 22 (242) -> 41 (256) -> 74 (269) -> 72 (285) -> 21 (299) -> 40 (313) -> 58 (329) -> 53 (340) -> 0 (340)
#3: 0 (0) -> 89 (16) -> 18 (30) -> 60 (46) -> 5 (59) -> 84 (75) -> 17 (89) -> 61 (105) -> 16 (119) -> 44 (137) -> 38 (151) -> 14 (165) -> 43 (183) -> 15 (197) -> 57 (213) -> 87 (229) -> 97 (245) -> 37 (259) -> 98 (275) -> 92 (291) -> 59 (307) -> 99 (323) -> 96 (339) -> 6 (352) -> 94 (368) -> 13 (382) -> 0 (382)

Cost: 469.0
Executando instancia P101_3_10_4.fcvrp na seed 5
------------------------------------------------------------------------------------------------------------------------------------------------
|  Restart |       Iter |       Best Feas. |             Best |      Current |       CapPen |  MinVisPen |  MaxVisPen |   Pool |    Time(s) |
------------------------------------------------------------------------------------------------------------------------------------------------
|        1 |          0 |           540.00 |           540.00 |       540.00 |        72.50 |      72.50 |      72.50 |      3 |     0.0202 |
|        1 |        500 |           486.00 |           482.32 |       544.33 |         0.18 |       0.01 |       0.01 |   1430 |     7.5429 |
|        1 |        500 |           484.00 |           482.32 |       509.00 |         0.08 |       0.01 |       0.01 |   2155 |    11.3411 |
|        1 |        500 |           481.00 |           481.00 |       505.00 |         0.03 |       0.01 |       0.01 |   3234 |    17.2107 |
|        1 |       1000 |           481.00 |           481.00 |       517.21 |         0.08 |       0.01 |       0.01 |   3900 |    20.7294 |
|        1 |        500 |           474.00 |           470.41 |       504.00 |         0.02 |       0.01 |       0.01 |   5026 |    26.6141 |
|        1 |       1000 |           474.00 |           470.41 |       536.82 |         0.12 |       0.01 |       0.01 |   5732 |    30.1368 |
|        1 |       1500 |           474.00 |           470.41 |       520.75 |         0.05 |       0.01 |       0.01 |   6425 |    33.4108 |
|        1 |       2000 |           474.00 |           470.41 |       512.00 |         0.01 |       0.01 |       0.01 |   7071 |    36.8766 |
|        1 |       2500 |           474.00 |           470.41 |       509.00 |         0.01 |       0.01 |       0.01 |   7648 |    40.1991 |
|        1 |       3000 |           474.00 |           470.41 |       497.00 |         0.06 |       0.01 |       0.01 |   8290 |    43.7371 |
|        1 |       3500 |           474.00 |           470.41 |       510.00 |         0.11 |       0.01 |       0.01 |   8911 |    47.2718 |
|        1 |       4000 |           474.00 |           470.41 |       506.00 |         0.30 |       0.01 |       0.01 |   9523 |    50.6525 |
|        1 |       4500 |           474.00 |           470.41 |       503.63 |         0.22 |       0.01 |       0.01 |  10150 |    53.9205 |
|        1 |       5000 |           474.00 |           470.41 |       547.79 |         0.20 |       0.01 |       0.01 |  10840 |    57.4768 |
Version identifier: 22.1.1.0 | 2022-11-28 | 9160aff4d
CPXPARAM_MIP_Tolerances_UpperCutoff              474.5
Tried aggregator 1 time.
MIP Presolve eliminated 22 rows and 66 columns.
MIP Presolve modified 3936 coefficients.
Reduced MIP has 91 rows, 1846 columns, and 52660 nonzeros.
Reduced MIP has 1846 binaries, 0 generals, 0 SOSs, and 0 indicators.
Presolve time = 0.15 sec. (69.10 ticks)
Tried aggregator 1 time.
Detecting symmetries...
MIP Presolve eliminated 0 rows and 5 columns.
MIP Presolve modified 1 coefficients.
Reduced MIP has 91 rows, 1841 columns, and 53023 nonzeros.
Reduced MIP has 1841 binaries, 0 generals, 0 SOSs, and 0 indicators.
Presolve time = 0.08 sec. (49.26 ticks)
Probing fixed 107 vars, tightened 0 bounds.
Probing time = 0.29 sec. (145.54 ticks)
Clique table members: 124.
MIP emphasis: balance optimality and feasibility.
MIP search method: dynamic search.
Parallel mode: deterministic, using up to 4 threads.
Root relaxation solution time = 0.04 sec. (34.37 ticks)

        Nodes                                         Cuts/
   Node  Left     Objective  IInf  Best Integer    Best Bound    ItCnt     Gap

      0     0      468.3281    36                    468.3281      218         
*     0+    0                          471.0000      468.3281             0.57%
      0     0        cutoff            471.0000      471.0000      358    0.00%
Elapsed time = 0.76 sec. (391.71 ticks, tree = 0.01 MB, solutions = 1)

Clique cuts applied:  4
Mixed integer rounding cuts applied:  4
Zero-half cuts applied:  5
Gomory fractional cuts applied:  1

Root node processing (before b&c):
  Real time             =    0.76 sec. (391.94 ticks)
Parallel b&c, 4 threads:
  Real time             =    0.00 sec. (0.00 ticks)
  Sync time (average)   =    0.00 sec.
  Wait time (average)   =    0.00 sec.
                          ------------
Total (root+branch&cut) =    0.76 sec. (391.94 ticks)
termination_status(sp) = OPTIMAL
objective_value(sp) = 471.0
#1: 0 (0) -> 52 (11) -> 18 (25) -> 60 (41) -> 5 (54) -> 84 (70) -> 17 (84) -> 61 (100) -> 16 (114) -> 44 (132) -> 38 (146) -> 14 (160) -> 42 (178) -> 15 (192) -> 57 (208) -> 2 (221) -> 87 (237) -> 97 (253) -> 92 (269) -> 37 (283) -> 98 (299) -> 59 (315) -> 99 (331) -> 96 (347) -> 6 (360) -> 94 (376) -> 13 (390) -> 0 (390)
#2: 0 (0) -> 27 (17) -> 69 (33) -> 1 (46) -> 50 (57) -> 33 (70) -> 81 (86) -> 78 (102) -> 34 (115) -> 35 (128) -> 71 (144) -> 9 (157) -> 51 (168) -> 20 (182) -> 30 (199) -> 32 (212) -> 90 (228) -> 63 (244) -> 11 (257) -> 19 (271) -> 48 (289) -> 7 (302) -> 88 (318) -> 31 (335) -> 0 (335)
#3: 0 (0) -> 28 (17) -> 26 (34) -> 12 (47) -> 80 (63) -> 68 (79) -> 77 (92) -> 3 (105) -> 29 (122) -> 24 (139) -> 54 (150) -> 55 (161) -> 25 (178) -> 39 (192) -> 56 (208) -> 23 (225) -> 41 (239) -> 22 (256) -> 74 (269) -> 72 (285) -> 21 (299) -> 40 (313) -> 58 (329) -> 53 (340) -> 0 (340)

Cost: 471.0
