Executando com parâmetros:
  path       = instances/homogeneous_fleet/70_100/P101_3_51_4.fcvrp
  seed       = 1
  restarts   = 1
  iterMax    = 5000
  randShift  = 1
  randSwap   = 1
Executando instancia P101_3_51_4.fcvrp na seed 1
------------------------------------------------------------------------------------------------------------------------------------------------
|  Restart |       Iter |       Best Feas. |             Best |      Current |       CapPen |  MinVisPen |  MaxVisPen |   Pool |    Time(s) |
------------------------------------------------------------------------------------------------------------------------------------------------
|        1 |          0 |           586.00 |           586.00 |       586.00 |        74.72 |      74.72 |      74.72 |      3 |     0.5592 |
|        1 |        500 |           548.00 |           542.94 |       610.36 |         0.13 |       0.01 |       0.01 |    685 |     1.6465 |
|        1 |       1000 |           548.00 |           542.94 |       579.83 |         0.88 |       0.01 |       0.01 |   1283 |     2.8374 |
|        1 |       1500 |           548.00 |           542.94 |       614.00 |         0.41 |       0.01 |       0.01 |   1806 |     4.1486 |
|        1 |        500 |           544.00 |           542.94 |       578.00 |         0.10 |       0.01 |       0.01 |   2747 |     6.3233 |
|        1 |       1000 |           544.00 |           542.94 |       583.00 |         0.32 |       0.01 |       0.01 |   3300 |     7.5085 |
|        1 |       1500 |           544.00 |           542.94 |       612.00 |         0.59 |       0.01 |       0.01 |   3876 |     8.6655 |
|        1 |       2000 |           544.00 |           542.94 |       559.00 |         0.21 |       0.01 |       0.01 |   4352 |     9.8001 |
|        1 |       2500 |           544.00 |           542.94 |       574.00 |         0.41 |       0.01 |       0.01 |   4904 |    10.9717 |
|        1 |       3000 |           544.00 |           542.94 |       563.35 |         0.13 |       0.01 |       0.01 |   5379 |    12.1735 |
|        1 |       3500 |           544.00 |           542.94 |       563.00 |         0.09 |       0.01 |       0.01 |   5903 |    13.3355 |
|        1 |       4000 |           544.00 |           542.94 |       596.00 |         0.19 |       0.01 |       0.01 |   6383 |    14.4999 |
|        1 |       4500 |           544.00 |           542.94 |       557.57 |         0.10 |       0.01 |       0.01 |   6869 |    15.7205 |
|        1 |       5000 |           544.00 |           542.94 |       571.33 |         0.18 |       0.01 |       0.01 |   7443 |    16.9175 |
Version identifier: 22.1.1.0 | 2022-11-28 | 9160aff4d
CPXPARAM_MIP_Tolerances_UpperCutoff              544.5
Tried aggregator 1 time.
MIP Presolve eliminated 59 rows and 317 columns.
MIP Presolve modified 3700 coefficients.
Reduced MIP has 95 rows, 2397 columns, and 76362 nonzeros.
Reduced MIP has 2397 binaries, 0 generals, 0 SOSs, and 0 indicators.
Presolve time = 0.17 sec. (98.06 ticks)
Tried aggregator 1 time.
Detecting symmetries...
Reduced MIP has 95 rows, 2397 columns, and 76362 nonzeros.
Reduced MIP has 2397 binaries, 0 generals, 0 SOSs, and 0 indicators.
Presolve time = 0.10 sec. (60.07 ticks)
Probing fixed 789 vars, tightened 0 bounds.
Probing changed sense of 4 constraints.
Probing time = 0.55 sec. (258.50 ticks)
Clique table members: 543.
MIP emphasis: balance optimality and feasibility.
MIP search method: dynamic search.
Parallel mode: deterministic, using up to 4 threads.
Root relaxation solution time = 0.04 sec. (37.89 ticks)

        Nodes                                         Cuts/
   Node  Left     Objective  IInf  Best Integer    Best Bound    ItCnt     Gap

*     0     0      integral     0      542.0000      542.0000      224    0.00%
Elapsed time = 0.91 sec. (477.58 ticks, tree = 0.00 MB, solutions = 1)

Root node processing (before b&c):
  Real time             =    0.91 sec. (477.66 ticks)
Parallel b&c, 4 threads:
  Real time             =    0.00 sec. (0.00 ticks)
  Sync time (average)   =    0.00 sec.
  Wait time (average)   =    0.00 sec.
                          ------------
Total (root+branch&cut) =    0.91 sec. (477.66 ticks)
termination_status(sp) = OPTIMAL
objective_value(sp) = 541.9999999999998
#1: 0 (0) -> 6 (4) -> 94 (19) -> 95 (34) -> 97 (49) -> 92 (64) -> 59 (80) -> 99 (95) -> 93 (110) -> 98 (125) -> 37 (133) -> 100 (148) -> 91 (159) -> 85 (183) -> 61 (196) -> 16 (207) -> 44 (225) -> 38 (249) -> 14 (271) -> 42 (277) -> 15 (285) -> 57 (298) -> 2 (305) -> 58 (318) -> 53 (334) -> 0 (334)
#2: 0 (0) -> 40 (7) -> 21 (17) -> 73 (31) -> 41 (38) -> 22 (56) -> 75 (74) -> 56 (78) -> 23 (107) -> 39 (131) -> 25 (136) -> 55 (140) -> 4 (163) -> 54 (179) -> 24 (184) -> 29 (197) -> 34 (211) -> 35 (219) -> 65 (237) -> 66 (255) -> 71 (265) -> 9 (278) -> 51 (290) -> 33 (301) -> 3 (314) -> 77 (329) -> 76 (342) -> 12 (358) -> 26 (375) -> 0 (375)
#3: 0 (0) -> 27 (17) -> 69 (40) -> 1 (50) -> 31 (74) -> 70 (84) -> 30 (108) -> 32 (131) -> 90 (142) -> 63 (152) -> 10 (168) -> 62 (187) -> 7 (191) -> 48 (223) -> 19 (238) -> 49 (268) -> 36 (273) -> 46 (282) -> 8 (295) -> 45 (304) -> 84 (328) -> 5 (351) -> 83 (375) -> 18 (390) -> 52 (399) -> 0 (399)

Cost: 542.0
Executando instancia P101_3_51_4.fcvrp na seed 2
------------------------------------------------------------------------------------------------------------------------------------------------
|  Restart |       Iter |       Best Feas. |             Best |      Current |       CapPen |  MinVisPen |  MaxVisPen |   Pool |    Time(s) |
------------------------------------------------------------------------------------------------------------------------------------------------
|        1 |          0 |           623.00 |           623.00 |       623.00 |        66.90 |      66.90 |      66.90 |      3 |     0.0071 |
|        1 |        500 |           546.00 |           546.00 |       574.76 |         0.24 |       0.01 |       0.01 |    822 |     2.0921 |
|        1 |       1000 |           546.00 |           546.00 |       568.00 |         0.25 |       0.01 |       0.01 |   1307 |     3.3053 |
|        1 |       1500 |           546.00 |           546.00 |       566.00 |         0.06 |       0.01 |       0.01 |   1931 |     4.6154 |
|        1 |       2000 |           546.00 |           546.00 |       578.27 |         0.06 |       0.01 |       0.01 |   2474 |     5.8596 |
|        1 |       2500 |           546.00 |           546.00 |       577.96 |         0.06 |       0.01 |       0.01 |   2970 |     7.1351 |
|        1 |       3000 |           546.00 |           546.00 |       569.00 |         0.24 |       0.01 |       0.01 |   3413 |     8.4069 |
|        1 |       3500 |           546.00 |           546.00 |       591.00 |         0.37 |       0.01 |       0.01 |   3916 |     9.7152 |
|        1 |       4000 |           546.00 |           546.00 |       593.08 |         0.08 |       0.01 |       0.01 |   4442 |    10.9723 |
|        1 |       4500 |           546.00 |           545.11 |       568.00 |         0.01 |       0.01 |       0.01 |   4977 |    12.2435 |
|        1 |       5000 |           546.00 |           545.11 |       578.00 |         0.05 |       0.01 |       0.01 |   5438 |    13.5140 |
Version identifier: 22.1.1.0 | 2022-11-28 | 9160aff4d
CPXPARAM_MIP_Tolerances_UpperCutoff              546.5
Tried aggregator 1 time.
MIP Presolve eliminated 61 rows and 294 columns.
MIP Presolve modified 4524 coefficients.
Reduced MIP has 92 rows, 2311 columns, and 71004 nonzeros.
Reduced MIP has 2311 binaries, 0 generals, 0 SOSs, and 0 indicators.
Presolve time = 0.16 sec. (89.07 ticks)
Tried aggregator 1 time.
Detecting symmetries...
Reduced MIP has 92 rows, 2311 columns, and 71004 nonzeros.
Reduced MIP has 2311 binaries, 0 generals, 0 SOSs, and 0 indicators.
Presolve time = 0.09 sec. (54.57 ticks)
Probing fixed 740 vars, tightened 0 bounds.
Probing changed sense of 3 constraints.
Probing time = 0.52 sec. (239.67 ticks)
Clique table members: 953.
MIP emphasis: balance optimality and feasibility.
MIP search method: dynamic search.
Parallel mode: deterministic, using up to 4 threads.
Root relaxation solution time = 0.04 sec. (47.47 ticks)

        Nodes                                         Cuts/
   Node  Left     Objective  IInf  Best Integer    Best Bound    ItCnt     Gap

      0     0      543.6799    42                    543.6799      299         
*     0+    0                          546.0000      543.6799             0.42%
      0     0        cutoff            546.0000                    364    0.00%
Elapsed time = 0.90 sec. (471.62 ticks, tree = 0.01 MB, solutions = 1)

Root node processing (before b&c):
  Real time             =    0.90 sec. (471.69 ticks)
Parallel b&c, 4 threads:
  Real time             =    0.00 sec. (0.00 ticks)
  Sync time (average)   =    0.00 sec.
  Wait time (average)   =    0.00 sec.
                          ------------
Total (root+branch&cut) =    0.90 sec. (471.69 ticks)
termination_status(sp) = OPTIMAL
objective_value(sp) = 546.0
#1: 0 (0) -> 53 (16) -> 58 (29) -> 40 (36) -> 26 (53) -> 12 (69) -> 54 (85) -> 24 (90) -> 55 (94) -> 25 (99) -> 4 (122) -> 39 (146) -> 23 (175) -> 56 (179) -> 75 (197) -> 74 (211) -> 22 (229) -> 41 (236) -> 2 (243) -> 57 (256) -> 15 (264) -> 43 (270) -> 38 (294) -> 44 (312) -> 16 (323) -> 61 (336) -> 85 (360) -> 93 (375) -> 96 (390) -> 6 (394) -> 0 (394)
#2: 0 (0) -> 27 (17) -> 69 (40) -> 1 (50) -> 70 (60) -> 31 (84) -> 88 (95) -> 62 (114) -> 10 (130) -> 63 (140) -> 90 (151) -> 32 (174) -> 30 (198) -> 20 (208) -> 66 (226) -> 65 (244) -> 71 (254) -> 35 (262) -> 34 (276) -> 9 (289) -> 51 (301) -> 33 (312) -> 3 (325) -> 77 (340) -> 76 (353) -> 28 (366) -> 0 (366)
#3: 0 (0) -> 13 (22) -> 94 (37) -> 95 (52) -> 97 (67) -> 37 (75) -> 98 (90) -> 92 (105) -> 59 (121) -> 99 (136) -> 5 (159) -> 84 (183) -> 83 (207) -> 45 (216) -> 8 (229) -> 46 (238) -> 36 (243) -> 49 (273) -> 19 (288) -> 48 (320) -> 7 (324) -> 18 (339) -> 52 (348) -> 0 (348)

Cost: 546.0
Executando instancia P101_3_51_4.fcvrp na seed 3
------------------------------------------------------------------------------------------------------------------------------------------------
|  Restart |       Iter |       Best Feas. |             Best |      Current |       CapPen |  MinVisPen |  MaxVisPen |   Pool |    Time(s) |
------------------------------------------------------------------------------------------------------------------------------------------------
|        1 |          0 |           639.00 |           639.00 |       639.00 |        69.64 |      69.64 |      69.64 |      3 |     0.0066 |
|        1 |        500 |           546.00 |           545.54 |       583.38 |         0.18 |       0.01 |       0.01 |    632 |     1.5000 |
|        1 |       1000 |           546.00 |           545.54 |       594.96 |         0.17 |       0.01 |       0.01 |   1101 |     2.6742 |
|        1 |       1500 |           546.00 |           545.54 |       562.00 |         0.17 |       0.01 |       0.01 |   1586 |     3.8329 |
|        1 |       2000 |           546.00 |           545.54 |       592.00 |         0.01 |       0.01 |       0.01 |   2161 |     5.0489 |
|        1 |       2500 |           546.00 |           545.54 |       581.00 |         0.02 |       0.01 |       0.01 |   2648 |     6.2171 |
|        1 |       3000 |           546.00 |           545.54 |       579.71 |         0.39 |       0.01 |       0.01 |   3260 |     7.4471 |
|        1 |       3500 |           546.00 |           545.54 |       568.00 |         0.13 |       0.01 |       0.01 |   3638 |     8.5897 |
|        1 |       4000 |           546.00 |           545.54 |       576.48 |         0.07 |       0.01 |       0.01 |   4103 |     9.7291 |
|        1 |       4500 |           546.00 |           545.54 |       553.97 |         0.13 |       0.01 |       0.01 |   4606 |    10.9142 |
|        1 |       5000 |           546.00 |           545.54 |       555.00 |         0.01 |       0.01 |       0.01 |   5095 |    12.1320 |
Version identifier: 22.1.1.0 | 2022-11-28 | 9160aff4d
CPXPARAM_MIP_Tolerances_UpperCutoff              546.5
Tried aggregator 1 time.
MIP Presolve eliminated 59 rows and 283 columns.
MIP Presolve modified 2793 coefficients.
Reduced MIP has 95 rows, 2302 columns, and 73637 nonzeros.
Reduced MIP has 2302 binaries, 0 generals, 0 SOSs, and 0 indicators.
Presolve time = 0.16 sec. (92.87 ticks)
Tried aggregator 1 time.
Detecting symmetries...
Reduced MIP has 95 rows, 2302 columns, and 73637 nonzeros.
Reduced MIP has 2302 binaries, 0 generals, 0 SOSs, and 0 indicators.
Presolve time = 0.09 sec. (57.72 ticks)
Probing fixed 728 vars, tightened 0 bounds.
Probing changed sense of 2 constraints.
Probing time = 0.52 sec. (248.18 ticks)
Clique table members: 1685.
MIP emphasis: balance optimality and feasibility.
MIP search method: dynamic search.
Parallel mode: deterministic, using up to 4 threads.
Root relaxation solution time = 0.04 sec. (50.48 ticks)

        Nodes                                         Cuts/
   Node  Left     Objective  IInf  Best Integer    Best Bound    ItCnt     Gap

      0     0      543.6433    42                    543.6433      321         
*     0+    0                          546.0000      543.6433             0.43%
*     0+    0                          545.0000      543.6433             0.25%
      0     0        cutoff            545.0000      543.9227      391    0.20%
Elapsed time = 0.92 sec. (488.51 ticks, tree = 0.01 MB, solutions = 2)

Root node processing (before b&c):
  Real time             =    0.92 sec. (488.61 ticks)
Parallel b&c, 4 threads:
  Real time             =    0.00 sec. (0.75 ticks)
  Sync time (average)   =    0.00 sec.
  Wait time (average)   =    0.00 sec.
                          ------------
Total (root+branch&cut) =    0.92 sec. (489.35 ticks)
termination_status(sp) = OPTIMAL
objective_value(sp) = 545.0
#1: 0 (0) -> 26 (17) -> 21 (27) -> 73 (41) -> 41 (48) -> 22 (66) -> 75 (84) -> 56 (88) -> 23 (117) -> 39 (141) -> 25 (146) -> 55 (150) -> 4 (173) -> 54 (189) -> 24 (194) -> 29 (207) -> 34 (221) -> 35 (229) -> 65 (247) -> 71 (257) -> 9 (270) -> 33 (281) -> 3 (294) -> 77 (309) -> 76 (322) -> 50 (334) -> 1 (344) -> 69 (367) -> 27 (384) -> 0 (384)
#2: 0 (0) -> 52 (9) -> 7 (13) -> 48 (45) -> 19 (60) -> 11 (76) -> 62 (95) -> 10 (111) -> 31 (135) -> 70 (145) -> 30 (169) -> 32 (192) -> 90 (203) -> 63 (213) -> 64 (231) -> 49 (261) -> 36 (266) -> 46 (275) -> 8 (288) -> 45 (297) -> 84 (321) -> 5 (344) -> 83 (368) -> 18 (383) -> 0 (383)
#3: 0 (0) -> 53 (16) -> 58 (29) -> 40 (36) -> 2 (43) -> 57 (56) -> 15 (64) -> 43 (70) -> 14 (92) -> 38 (116) -> 44 (134) -> 16 (145) -> 61 (158) -> 85 (182) -> 91 (193) -> 100 (208) -> 37 (216) -> 98 (231) -> 93 (246) -> 99 (261) -> 59 (277) -> 92 (292) -> 97 (307) -> 95 (322) -> 94 (337) -> 6 (341) -> 0 (341)

Cost: 545.0
Executando instancia P101_3_51_4.fcvrp na seed 4
------------------------------------------------------------------------------------------------------------------------------------------------
|  Restart |       Iter |       Best Feas. |             Best |      Current |       CapPen |  MinVisPen |  MaxVisPen |   Pool |    Time(s) |
------------------------------------------------------------------------------------------------------------------------------------------------
|        1 |          0 |           598.00 |           598.00 |       598.00 |        73.23 |      73.23 |      73.23 |      3 |     0.0062 |
|        1 |        500 |           543.00 |           541.24 |       566.00 |         0.02 |       0.01 |       0.01 |   1263 |     3.0826 |
|        1 |       1000 |           543.00 |           541.24 |       583.73 |         0.16 |       0.01 |       0.01 |   1750 |     4.2901 |
|        1 |       1500 |           543.00 |           541.24 |       565.00 |         0.22 |       0.01 |       0.01 |   2185 |     5.5650 |
|        1 |       2000 |           543.00 |           541.24 |       574.00 |         0.01 |       0.01 |       0.01 |   2747 |     6.7809 |
|        1 |       2500 |           543.00 |           541.24 |       560.56 |         0.07 |       0.01 |       0.01 |   3241 |     7.9523 |
|        1 |       3000 |           543.00 |           541.24 |       573.00 |         0.23 |       0.01 |       0.01 |   3792 |     9.1967 |
|        1 |       3500 |           543.00 |           541.24 |       563.00 |         0.02 |       0.01 |       0.01 |   4304 |    10.3682 |
|        1 |       4000 |           543.00 |           541.24 |       567.44 |         0.07 |       0.01 |       0.01 |   4742 |    11.5676 |
|        1 |       4500 |           543.00 |           541.24 |       561.00 |         0.06 |       0.01 |       0.01 |   5257 |    12.7260 |
|        1 |       5000 |           543.00 |           541.24 |       582.00 |         0.08 |       0.01 |       0.01 |   5755 |    13.9094 |
Version identifier: 22.1.1.0 | 2022-11-28 | 9160aff4d
CPXPARAM_MIP_Tolerances_UpperCutoff              543.5
Tried aggregator 1 time.
MIP Presolve eliminated 60 rows and 374 columns.
MIP Presolve modified 3703 coefficients.
Reduced MIP has 94 rows, 2674 columns, and 84325 nonzeros.
Reduced MIP has 2674 binaries, 0 generals, 0 SOSs, and 0 indicators.
Presolve time = 0.19 sec. (110.68 ticks)
Tried aggregator 1 time.
Detecting symmetries...
Reduced MIP has 94 rows, 2674 columns, and 84325 nonzeros.
Reduced MIP has 2674 binaries, 0 generals, 0 SOSs, and 0 indicators.
Presolve time = 0.11 sec. (68.15 ticks)
Probing fixed 716 vars, tightened 0 bounds.
Probing changed sense of 2 constraints.
Probing time = 0.69 sec. (323.18 ticks)
Clique table members: 983.
MIP emphasis: balance optimality and feasibility.
MIP search method: dynamic search.
Parallel mode: deterministic, using up to 4 threads.
Root relaxation solution time = 0.04 sec. (49.22 ticks)

        Nodes                                         Cuts/
   Node  Left     Objective  IInf  Best Integer    Best Bound    ItCnt     Gap

*     0     0      integral     0      542.0000      542.0000      242    0.00%
Elapsed time = 1.10 sec. (578.41 ticks, tree = 0.00 MB, solutions = 1)

Root node processing (before b&c):
  Real time             =    1.10 sec. (578.50 ticks)
Parallel b&c, 4 threads:
  Real time             =    0.00 sec. (0.00 ticks)
  Sync time (average)   =    0.00 sec.
  Wait time (average)   =    0.00 sec.
                          ------------
Total (root+branch&cut) =    1.10 sec. (578.50 ticks)
termination_status(sp) = OPTIMAL
objective_value(sp) = 542.0000000000002
#1: 0 (0) -> 6 (4) -> 94 (19) -> 95 (34) -> 97 (49) -> 92 (64) -> 59 (80) -> 99 (95) -> 93 (110) -> 98 (125) -> 37 (133) -> 100 (148) -> 91 (159) -> 85 (183) -> 61 (196) -> 16 (207) -> 44 (225) -> 38 (249) -> 14 (271) -> 42 (277) -> 15 (285) -> 57 (298) -> 2 (305) -> 58 (318) -> 53 (334) -> 0 (334)
#2: 0 (0) -> 40 (7) -> 21 (17) -> 73 (31) -> 41 (38) -> 22 (56) -> 75 (74) -> 56 (78) -> 23 (107) -> 39 (131) -> 25 (136) -> 55 (140) -> 4 (163) -> 54 (179) -> 24 (184) -> 29 (197) -> 34 (211) -> 35 (219) -> 65 (237) -> 66 (255) -> 71 (265) -> 9 (278) -> 51 (290) -> 33 (301) -> 3 (314) -> 77 (329) -> 76 (342) -> 12 (358) -> 26 (375) -> 0 (375)
#3: 0 (0) -> 27 (17) -> 69 (40) -> 1 (50) -> 31 (74) -> 70 (84) -> 30 (108) -> 32 (131) -> 90 (142) -> 63 (152) -> 10 (168) -> 62 (187) -> 7 (191) -> 48 (223) -> 19 (238) -> 49 (268) -> 36 (273) -> 46 (282) -> 8 (295) -> 45 (304) -> 84 (328) -> 5 (351) -> 83 (375) -> 18 (390) -> 52 (399) -> 0 (399)

Cost: 542.0
Executando instancia P101_3_51_4.fcvrp na seed 5
------------------------------------------------------------------------------------------------------------------------------------------------
|  Restart |       Iter |       Best Feas. |             Best |      Current |       CapPen |  MinVisPen |  MaxVisPen |   Pool |    Time(s) |
------------------------------------------------------------------------------------------------------------------------------------------------
|        1 |          0 |           594.00 |           594.00 |       594.00 |        61.73 |      61.73 |      61.73 |      3 |     0.0086 |
|        1 |        500 |           544.00 |           541.03 |       558.01 |         0.04 |       0.01 |       0.01 |    977 |     2.3348 |
|        1 |       1000 |           544.00 |           541.03 |       580.00 |         0.05 |       0.01 |       0.01 |   1451 |     3.4810 |
|        1 |       1500 |           544.00 |           541.03 |       564.00 |         0.34 |       0.01 |       0.01 |   2002 |     4.6360 |
|        1 |       2000 |           544.00 |           541.03 |       564.00 |         0.23 |       0.01 |       0.01 |   2523 |     5.7976 |
|        1 |       2500 |           544.00 |           541.03 |       582.00 |         0.38 |       0.01 |       0.01 |   3020 |     7.0100 |
|        1 |       3000 |           544.00 |           541.03 |       561.00 |         0.01 |       0.01 |       0.01 |   3573 |     8.1826 |
|        1 |       3500 |           544.00 |           541.03 |       580.00 |         0.08 |       0.01 |       0.01 |   4123 |     9.3495 |
|        1 |        500 |           543.00 |           541.03 |       565.00 |         0.33 |       0.01 |       0.01 |   4915 |    11.4294 |
|        1 |       1000 |           543.00 |           541.03 |       561.72 |         0.05 |       0.01 |       0.01 |   5469 |    12.6096 |
|        1 |       1500 |           543.00 |           541.03 |       550.00 |         0.19 |       0.01 |       0.01 |   6007 |    13.7730 |
|        1 |       2000 |           543.00 |           541.03 |       554.00 |         0.32 |       0.01 |       0.01 |   6539 |    14.9740 |
|        1 |       2500 |           543.00 |           541.03 |       586.00 |         0.24 |       0.01 |       0.01 |   6983 |    16.1371 |
|        1 |       3000 |           543.00 |           541.03 |       559.31 |         0.02 |       0.01 |       0.01 |   7470 |    17.2857 |
|        1 |       3500 |           543.00 |           541.03 |       581.00 |         0.01 |       0.01 |       0.01 |   7934 |    18.4421 |
|        1 |       4000 |           543.00 |           541.03 |       575.80 |         0.16 |       0.01 |       0.01 |   8386 |    19.5909 |
|        1 |       4500 |           543.00 |           541.03 |       567.00 |         0.07 |       0.01 |       0.01 |   8823 |    20.7535 |
|        1 |       5000 |           543.00 |           541.03 |       560.00 |         0.65 |       0.01 |       0.01 |   9317 |    21.9590 |
Version identifier: 22.1.1.0 | 2022-11-28 | 9160aff4d
CPXPARAM_MIP_Tolerances_UpperCutoff              543.5
Tried aggregator 1 time.
MIP Presolve eliminated 58 rows and 528 columns.
MIP Presolve modified 5703 coefficients.
Reduced MIP has 96 rows, 3355 columns, and 106650 nonzeros.
Reduced MIP has 3355 binaries, 0 generals, 0 SOSs, and 0 indicators.
Presolve time = 0.24 sec. (138.11 ticks)
Tried aggregator 1 time.
Detecting symmetries...
Reduced MIP has 96 rows, 3355 columns, and 106650 nonzeros.
Reduced MIP has 3355 binaries, 0 generals, 0 SOSs, and 0 indicators.
Presolve time = 0.13 sec. (83.68 ticks)
Probing fixed 877 vars, tightened 0 bounds.
Probing changed sense of 3 constraints.
Probing time = 1.09 sec. (497.01 ticks)
Clique table members: 1039.
MIP emphasis: balance optimality and feasibility.
MIP search method: dynamic search.
Parallel mode: deterministic, using up to 4 threads.
Root relaxation solution time = 0.07 sec. (80.76 ticks)

        Nodes                                         Cuts/
   Node  Left     Objective  IInf  Best Integer    Best Bound    ItCnt     Gap

      0     0      541.9303    44                    541.9303      344         
*     0+    0                          543.0000      541.9303             0.20%
*     0+    0                          542.0000      541.9303             0.01%
      0     0        cutoff            542.0000      542.0000      353    0.00%
Elapsed time = 1.66 sec. (853.18 ticks, tree = 0.01 MB, solutions = 2)

Root node processing (before b&c):
  Real time             =    1.66 sec. (853.31 ticks)
Parallel b&c, 4 threads:
  Real time             =    0.00 sec. (0.00 ticks)
  Sync time (average)   =    0.00 sec.
  Wait time (average)   =    0.00 sec.
                          ------------
Total (root+branch&cut) =    1.66 sec. (853.31 ticks)
termination_status(sp) = OPTIMAL
objective_value(sp) = 542.0
#1: 0 (0) -> 40 (7) -> 21 (17) -> 73 (31) -> 41 (38) -> 22 (56) -> 75 (74) -> 56 (78) -> 23 (107) -> 39 (131) -> 25 (136) -> 55 (140) -> 4 (163) -> 54 (179) -> 24 (184) -> 29 (197) -> 34 (211) -> 35 (219) -> 65 (237) -> 66 (255) -> 71 (265) -> 9 (278) -> 51 (290) -> 33 (301) -> 3 (314) -> 77 (329) -> 76 (342) -> 12 (358) -> 26 (375) -> 0 (375)
#2: 0 (0) -> 6 (4) -> 94 (19) -> 95 (34) -> 97 (49) -> 92 (64) -> 59 (80) -> 99 (95) -> 93 (110) -> 98 (125) -> 37 (133) -> 100 (148) -> 91 (159) -> 85 (183) -> 61 (196) -> 16 (207) -> 44 (225) -> 38 (249) -> 14 (271) -> 43 (277) -> 15 (285) -> 57 (298) -> 2 (305) -> 58 (318) -> 53 (334) -> 0 (334)
#3: 0 (0) -> 52 (9) -> 18 (24) -> 83 (48) -> 5 (71) -> 84 (95) -> 45 (104) -> 8 (117) -> 46 (126) -> 36 (131) -> 49 (161) -> 19 (176) -> 48 (208) -> 7 (212) -> 62 (231) -> 10 (247) -> 63 (257) -> 90 (268) -> 32 (291) -> 30 (315) -> 70 (325) -> 31 (349) -> 1 (359) -> 69 (382) -> 27 (399) -> 0 (399)

Cost: 542.0
