Executando com parâmetros:
  path       = instances/homogeneous_fleet/70_100/P70_10_21_3.fcvrp
  seed       = 1
  restarts   = 1
  iterMax    = 5000
  randShift  = 1
  randSwap   = 1
Executando instancia P70_10_21_3.fcvrp na seed 1
------------------------------------------------------------------------------------------------------------------------------------------------
|  Restart |       Iter |       Best Feas. |             Best |      Current |       CapPen |  MinVisPen |  MaxVisPen |   Pool |    Time(s) |
------------------------------------------------------------------------------------------------------------------------------------------------
|        1 |          0 |           820.00 |           820.00 |       820.00 |        62.35 |      62.35 |      62.35 |     10 |     0.5897 |
|        1 |        500 |           783.00 |           781.06 |       816.00 |         1.97 |       0.01 |       0.01 |   2163 |     1.8102 |
|        1 |       1000 |           783.00 |           781.06 |       797.99 |         0.76 |       0.01 |       0.01 |   2979 |     2.7895 |
|        1 |       1500 |           783.00 |           781.06 |       793.00 |         1.01 |       0.01 |       0.01 |   3816 |     3.8116 |
|        1 |       2000 |           783.00 |           781.06 |       802.00 |         2.29 |       0.01 |       0.01 |   4518 |     4.8822 |
|        1 |       2500 |           783.00 |           781.06 |       794.38 |         1.51 |       0.01 |       0.01 |   5203 |     5.9143 |
|        1 |       3000 |           783.00 |           781.06 |       829.07 |         3.36 |       0.01 |       0.01 |   5844 |     6.9675 |
|        1 |       3500 |           783.00 |           781.06 |       834.00 |         1.23 |       0.01 |       0.01 |   6511 |     8.0351 |
|        1 |       4000 |           783.00 |           777.63 |       812.66 |         2.91 |       0.01 |       0.01 |   6955 |     9.0333 |
|        1 |        500 |           781.00 |           777.63 |       813.00 |         1.62 |       0.01 |       0.01 |   7574 |    10.1768 |
|        1 |       1000 |           781.00 |           777.63 |       792.00 |         1.72 |       0.01 |       0.01 |   8071 |    11.2014 |
|        1 |       1500 |           781.00 |           777.63 |       811.00 |         3.94 |       0.01 |       0.01 |   8547 |    12.2697 |
|        1 |       2000 |           781.00 |           777.63 |       808.83 |         2.09 |       0.01 |       0.01 |   9037 |    13.2713 |
|        1 |       2500 |           781.00 |           777.63 |       807.55 |         1.43 |       0.01 |       0.01 |   9474 |    14.3449 |
|        1 |       3000 |           781.00 |           777.63 |       795.00 |         1.20 |       0.01 |       0.01 |   9905 |    15.3747 |
|        1 |       3500 |           781.00 |           775.04 |       802.00 |         0.78 |       0.01 |       0.01 |  10324 |    16.4281 |
|        1 |       4000 |           781.00 |           775.04 |       786.00 |         1.40 |       0.01 |       0.01 |  10728 |    17.4432 |
|        1 |       4500 |           781.00 |           775.04 |       803.40 |         2.33 |       0.01 |       0.01 |  11152 |    18.4583 |
|        1 |        500 |           778.00 |           775.04 |       795.00 |         1.39 |       0.01 |       0.01 |  11884 |    20.3275 |
|        1 |       1000 |           778.00 |           775.04 |       810.19 |         2.39 |       0.01 |       0.01 |  12247 |    21.3344 |
|        1 |       1500 |           778.00 |           775.04 |       804.00 |         2.48 |       0.01 |       0.01 |  12563 |    22.4062 |
|        1 |       2000 |           778.00 |           775.04 |       806.00 |         3.13 |       0.01 |       0.01 |  12956 |    23.4913 |
|        1 |       2500 |           778.00 |           775.04 |       811.00 |         2.59 |       0.01 |       0.01 |  13349 |    24.5297 |
|        1 |       3000 |           778.00 |           775.04 |       817.00 |         1.09 |       0.01 |       0.01 |  13771 |    25.6154 |
|        1 |       3500 |           778.00 |           775.04 |       811.00 |         3.24 |       0.01 |       0.01 |  14065 |    26.7050 |
|        1 |       4000 |           778.00 |           775.04 |       827.00 |         3.68 |       0.01 |       0.01 |  14409 |    27.7218 |
|        1 |       4500 |           778.00 |           775.04 |       802.98 |         1.63 |       0.01 |       0.01 |  14695 |    28.7377 |
|        1 |       5000 |           778.00 |           775.04 |       823.38 |        14.63 |       0.01 |       0.01 |  14972 |    29.7532 |
Version identifier: 22.1.1.0 | 2022-11-28 | 9160aff4d
CPXPARAM_MIP_Tolerances_UpperCutoff              778.5
Tried aggregator 1 time.
MIP Presolve eliminated 0 rows and 604 columns.
Reduced MIP has 100 rows, 9713 columns, and 128166 nonzeros.
Reduced MIP has 9713 binaries, 0 generals, 0 SOSs, and 0 indicators.
Presolve time = 0.25 sec. (124.78 ticks)
Tried aggregator 1 time.
Detecting symmetries...
Reduced MIP has 100 rows, 9713 columns, and 128166 nonzeros.
Reduced MIP has 9713 binaries, 0 generals, 0 SOSs, and 0 indicators.
Presolve time = 0.19 sec. (98.76 ticks)
Probing time = 0.05 sec. (16.06 ticks)
Clique table members: 355.
MIP emphasis: balance optimality and feasibility.
MIP search method: dynamic search.
Parallel mode: deterministic, using up to 4 threads.
Root relaxation solution time = 0.32 sec. (87.35 ticks)

        Nodes                                         Cuts/
   Node  Left     Objective  IInf  Best Integer    Best Bound    ItCnt     Gap

      0     0      759.7095    63                    759.7095      580         
      0     0      765.4262    69                    Cuts: 87      924         
      0     0      766.9090    73                    Cuts: 47     1092         
      0     0      767.9810    70                    Cuts: 43     1318         
      0     0      768.8573    88                    Cuts: 54     1554         
      0     0      769.0965    83                    Cuts: 28     1670         
Detecting symmetries...
      0     0      769.2320    81                    Cuts: 15     1733         
      0     0      769.3540    87                    Cuts: 18     1843         
      0     0      769.5155    82                    Cuts: 20     1955         
      0     0      769.5505    87                    Cuts: 12     2011         
      0     0      769.6383    95                    Cuts: 23     2094         
      0     0      769.7453    96                    Cuts: 27     2272         
      0     0      769.8452    94                    Cuts: 38     2390         
      0     0      770.0327   103                    Cuts: 27     2520         
      0     0      770.0777   100                    Cuts: 12     2641         
Detecting symmetries...
      0     2      770.0777   100                    770.0777     2641         
Elapsed time = 15.29 sec. (5755.81 ticks, tree = 0.02 MB, solutions = 0)
     73    42        cutoff                          770.0788     6359         
    186    91      773.4533    60                    770.0788    10018         
    310   175      771.5204    78                    770.0788    15285         
    362   210      771.7267    67                    770.4146    17125         
    438   294      774.3000    44                    770.4171    22098         
    556   341      772.2167    52                    770.6790    25119         
    634   419      777.9861    45                    770.6790    30678         
    763   516      774.7657    51                    770.7850    35158         
    877   598      776.4311    55                    770.7850    39201         
   1417  1003      774.2120    53                    770.9382    57596         
Elapsed time = 29.39 sec. (8900.99 ticks, tree = 4.89 MB, solutions = 0)
*  1973  1505      integral     0      778.0000      771.7091    78923    0.81%
   2021  1308      775.1083    60      778.0000      771.7091    79294    0.81%

Performing restart 1

Repeating presolve.
Tried aggregator 1 time.
MIP Presolve eliminated 0 rows and 3131 columns.
MIP Presolve modified 7507 coefficients.
Reduced MIP has 100 rows, 6582 columns, and 87588 nonzeros.
Reduced MIP has 6582 binaries, 0 generals, 0 SOSs, and 0 indicators.
Presolve time = 0.32 sec. (88.42 ticks)
Tried aggregator 1 time.
Reduced MIP has 100 rows, 6582 columns, and 87588 nonzeros.
Reduced MIP has 6582 binaries, 0 generals, 0 SOSs, and 0 indicators.
Presolve time = 0.39 sec. (70.40 ticks)
Represolve time = 3.31 sec. (509.01 ticks)
   2466     0      770.2102   123      778.0000      Cuts: 48   101921    0.79%
   2466     0      770.3463   112      778.0000      Cuts: 46   102107    0.79%
   2466     0      770.4833   104      778.0000      Cuts: 42   102651    0.79%
   2466     0      770.5173   109      778.0000      Cuts: 43   102766    0.79%
   2466     0      770.5525   112      778.0000      Cuts: 21   102983    0.79%
   2466     0      770.6310   109      778.0000      Cuts: 42   103133    0.79%
   2466     2      770.6310   109      778.0000      771.8867   103133    0.79%
   2485     6      770.7130    97      778.0000      771.8867   104626    0.79%
   2654    74      772.3752    66      778.0000      771.8867   108841    0.79%
   3010   255      770.7957    80      778.0000      771.8867   115087    0.79%
   3416   516      773.1566    55      778.0000      771.8867   120862    0.79%
   3845   772      771.3525    88      778.0000      771.8867   124710    0.79%
   4175  1116      775.4393    63      778.0000      771.8867   130484    0.79%
   4648  1431      773.6919    70      778.0000      771.8867   135730    0.79%
   5258  1924      774.6343    71      778.0000      771.8867   144882    0.79%
Elapsed time = 121.92 sec. (24108.24 ticks, tree = 7.23 MB, solutions = 1)
   5791  2381      774.6248    81      778.0000      771.8867   154504    0.79%
   6528  2992      774.4605    71      778.0000      771.8867   162681    0.79%
   7320  3578      774.4135    63      778.0000      771.8867   173084    0.79%
   7853  3972      776.8410    68      778.0000      771.8867   185268    0.79%
   8581  4702      774.8338    91      778.0000      771.8867   201719    0.79%
   9150  5169        cutoff            778.0000      771.8867   218059    0.79%
   9547  5450      775.7290    70      778.0000      771.8867   233770    0.79%
   9783  5605      774.0312    81      778.0000      771.8867   244844    0.79%
  10408  6047      775.5296    69      778.0000      771.8867   257988    0.79%
  10894  6170      774.1891    50      778.0000      771.8867   270954    0.79%
Elapsed time = 182.55 sec. (33666.52 ticks, tree = 24.83 MB, solutions = 1)
  11295  6609      775.3082    63      778.0000      771.8867   289910    0.79%
  11666  6684        cutoff            778.0000      771.8920   303297    0.79%
  12257  7045      775.8370    72      778.0000      772.1959   312160    0.75%
  12380  7278      774.8525    35      778.0000      772.2712   324462    0.74%
  12941  7523      775.0633    50      778.0000      772.4085   331970    0.72%
* 13327  7773      integral     0      777.0000      772.4697   343267    0.58%
  13808  6988        cutoff            777.0000      772.6696   359177    0.56%
  14292  7065      775.1114    52      777.0000      772.7426   369905    0.55%
  14776  7116        cutoff            777.0000      772.8141   377139    0.54%
  15474  6828        cutoff            777.0000      772.9830   400647    0.52%
Elapsed time = 220.67 sec. (43165.81 ticks, tree = 28.74 MB, solutions = 2)
  16162  6660        cutoff            777.0000      773.2021   416623    0.49%
  17011  6412        cutoff            777.0000      773.4386   437985    0.46%
  17713  6265        cutoff            777.0000      773.6013   451670    0.44%
  18429  5705        cutoff            777.0000      773.9151   469227    0.40%
  18841  5280        cutoff            777.0000      774.1226   480645    0.37%
  19583  4684        cutoff            777.0000      774.3256   493097    0.34%
  20361  3851        cutoff            777.0000      774.5598   506759    0.31%
  21241  3030    infeasible            777.0000      774.8263   517164    0.28%
  22200  2124        cutoff            777.0000      775.1683   526206    0.24%
  23317   922        cutoff            777.0000      775.5668   534047    0.18%
Elapsed time = 257.01 sec. (52708.44 ticks, tree = 2.77 MB, solutions = 2)

Clique cuts applied:  92
Zero-half cuts applied:  94
Lift and project cuts applied:  7
Gomory fractional cuts applied:  2

Root node processing (before b&c):
  Real time             =   15.16 sec. (5728.67 ticks)
Parallel b&c, 4 threads:
  Real time             =  244.21 sec. (47641.32 ticks)
  Sync time (average)   =   42.38 sec.
  Wait time (average)   =    0.05 sec.
                          ------------
Total (root+branch&cut) =  259.38 sec. (53369.99 ticks)
termination_status(sp) = OPTIMAL
objective_value(sp) = 776.9999999999998
#1: 0 (0) -> 38 (16) -> 65 (35) -> 66 (54) -> 11 (85) -> 59 (105) -> 14 (122) -> 0 (122)
#2: 0 (0) -> 26 (17) -> 58 (37) -> 10 (68) -> 31 (92) -> 39 (114) -> 12 (131) -> 0 (131)
#3: 0 (0) -> 6 (21) -> 33 (49) -> 2 (71) -> 68 (90) -> 0 (90)
#4: 0 (0) -> 67 (19) -> 34 (35) -> 46 (54) -> 8 (70) -> 19 (90) -> 35 (106) -> 7 (122) -> 0 (122)
#5: 0 (0) -> 52 (18) -> 27 (35) -> 57 (55) -> 15 (72) -> 29 (93) -> 45 (110) -> 4 (131) -> 0 (131)
#6: 0 (0) -> 1 (22) -> 43 (39) -> 42 (56) -> 41 (78) -> 56 (95) -> 23 (110) -> 63 (127) -> 0 (127)
#7: 0 (0) -> 5 (21) -> 37 (37) -> 20 (57) -> 60 (74) -> 69 (93) -> 36 (109) -> 47 (128) -> 0 (128)
#8: 0 (0) -> 62 (17) -> 22 (32) -> 28 (53) -> 61 (70) -> 21 (90) -> 48 (109) -> 30 (133) -> 0 (133)
#9: 0 (0) -> 40 (22) -> 25 (39) -> 55 (56) -> 18 (76) -> 24 (91) -> 49 (110) -> 16 (130) -> 0 (130)
#10: 0 (0) -> 17 (20) -> 9 (51) -> 32 (79) -> 44 (96) -> 3 (117) -> 51 (135) -> 0 (135)

Cost: 777.0
Executando instancia P70_10_21_3.fcvrp na seed 2
------------------------------------------------------------------------------------------------------------------------------------------------
|  Restart |       Iter |       Best Feas. |             Best |      Current |       CapPen |  MinVisPen |  MaxVisPen |   Pool |    Time(s) |
------------------------------------------------------------------------------------------------------------------------------------------------
|        1 |          0 |           970.00 |           970.00 |       970.00 |        92.27 |      92.27 |      92.27 |     10 |     0.0014 |
|        1 |        500 |           786.00 |           783.83 |       843.00 |         3.28 |       0.01 |       0.01 |   2563 |     2.3773 |
|        1 |        500 |           784.00 |           778.60 |       805.27 |         2.28 |       0.01 |       0.01 |   3736 |     3.8153 |
|        1 |        500 |           783.00 |           778.19 |       809.00 |         2.03 |       0.01 |       0.01 |   5051 |     5.8133 |
|        1 |       1000 |           783.00 |           778.19 |       796.11 |         6.55 |       0.01 |       0.01 |   5782 |     7.0860 |
|        1 |        500 |           782.00 |           778.19 |       812.00 |         4.04 |       0.01 |       0.01 |   6462 |     8.4679 |
|        1 |        500 |           778.00 |           776.05 |       805.00 |         1.84 |       0.01 |       0.01 |   7152 |     9.8119 |
|        1 |       1000 |           778.00 |           776.05 |       803.00 |         2.26 |       0.01 |       0.01 |   7688 |    10.8878 |
|        1 |       1500 |           778.00 |           776.05 |       808.00 |         2.03 |       0.01 |       0.01 |   8307 |    12.1753 |
|        1 |       2000 |           778.00 |           776.05 |       816.00 |         2.46 |       0.01 |       0.01 |   8744 |    13.9279 |
|        1 |       2500 |           778.00 |           776.05 |       808.00 |         1.97 |       0.01 |       0.01 |   9209 |    15.4547 |
|        1 |        500 |           777.00 |           776.05 |       793.00 |         0.94 |       0.01 |       0.01 |  10060 |    17.5786 |
|        1 |       1000 |           777.00 |           776.05 |       812.00 |         2.55 |       0.01 |       0.01 |  10525 |    18.7787 |
|        1 |       1500 |           777.00 |           774.96 |       790.64 |         1.69 |       0.01 |       0.01 |  10838 |    19.8477 |
|        1 |       2000 |           777.00 |           774.96 |       788.00 |         1.43 |       0.01 |       0.01 |  11186 |    20.9015 |
|        1 |       2500 |           777.00 |           774.96 |       799.00 |         1.02 |       0.01 |       0.01 |  11510 |    21.9236 |
|        1 |       3000 |           777.00 |           774.96 |       784.00 |         0.73 |       0.01 |       0.01 |  11905 |    23.2088 |
|        1 |       3500 |           777.00 |           774.96 |       805.00 |         1.58 |       0.01 |       0.01 |  12257 |    24.2995 |
|        1 |       4000 |           777.00 |           774.96 |       804.00 |         1.98 |       0.01 |       0.01 |  12730 |    25.3943 |
|        1 |       4500 |           777.00 |           774.96 |       815.00 |         2.95 |       0.01 |       0.01 |  13155 |    26.4583 |
|        1 |       5000 |           777.00 |           774.96 |       833.00 |         3.15 |       0.01 |       0.01 |  13550 |    27.5112 |
Version identifier: 22.1.1.0 | 2022-11-28 | 9160aff4d
CPXPARAM_MIP_Tolerances_UpperCutoff              777.5
Tried aggregator 1 time.
MIP Presolve eliminated 0 rows and 534 columns.
Reduced MIP has 100 rows, 8395 columns, and 110413 nonzeros.
Reduced MIP has 8395 binaries, 0 generals, 0 SOSs, and 0 indicators.
Presolve time = 0.21 sec. (106.37 ticks)
Tried aggregator 1 time.
Detecting symmetries...
Reduced MIP has 100 rows, 8395 columns, and 110413 nonzeros.
Reduced MIP has 8395 binaries, 0 generals, 0 SOSs, and 0 indicators.
Presolve time = 0.16 sec. (84.99 ticks)
Probing time = 0.07 sec. (14.39 ticks)
Clique table members: 386.
MIP emphasis: balance optimality and feasibility.
MIP search method: dynamic search.
Parallel mode: deterministic, using up to 4 threads.
Root relaxation solution time = 0.29 sec. (75.28 ticks)

        Nodes                                         Cuts/
   Node  Left     Objective  IInf  Best Integer    Best Bound    ItCnt     Gap

      0     0      759.9832    64                    759.9832      570         
      0     0      765.4150    73                    Cuts: 72      875         
      0     0      766.6461    78                    Cuts: 62     1174         
      0     0      767.6190    84                    Cuts: 55     1589         
      0     0      768.8007    96                    Cuts: 54     1889         
      0     0      769.2533    95                    Cuts: 56     2073         
Detecting symmetries...

Repeating presolve.
Tried aggregator 1 time.
MIP Presolve eliminated 0 rows and 2253 columns.
Reduced MIP has 100 rows, 6142 columns, and 82407 nonzeros.
Reduced MIP has 6142 binaries, 0 generals, 0 SOSs, and 0 indicators.
Presolve time = 0.14 sec. (58.41 ticks)
Tried aggregator 1 time.
Detecting symmetries...
Reduced MIP has 100 rows, 6142 columns, and 82407 nonzeros.
Reduced MIP has 6142 binaries, 0 generals, 0 SOSs, and 0 indicators.
Presolve time = 0.17 sec. (61.76 ticks)
Represolve time = 1.07 sec. (271.19 ticks)
Probing time = 0.07 sec. (11.70 ticks)
Clique table members: 342.
MIP emphasis: balance optimality and feasibility.
MIP search method: dynamic search.
Parallel mode: deterministic, using up to 4 threads.
Root relaxation solution time = 0.62 sec. (150.51 ticks)

        Nodes                                         Cuts/
   Node  Left     Objective  IInf  Best Integer    Best Bound    ItCnt     Gap

      0     0      769.2533    96                    769.2533     3398         
      0     0      769.5573   102                    Cuts: 43     3582         
      0     0      769.9068   107                    Cuts: 36     3729         
      0     0      769.9875    98                    Cuts: 28     3934         
      0     0      770.0340   103                    Cuts: 31     4119         
      0     0      770.1441   100                    Cuts: 33     4238         
      0     0      770.2212   107                    Cuts: 11     4359         
      0     0      770.2575   109                    Cuts: 20     4428         
      0     0      770.3162   101                    Cuts: 25     4567         
      0     0      770.3263   100                    Cuts: 13     4647         
*     0+    0                          776.0000      770.3263             0.73%
Detecting symmetries...
      0     2      770.3263   100      776.0000      770.3263     4647    0.73%
Elapsed time = 17.80 sec. (6112.86 ticks, tree = 0.02 MB, solutions = 1)
     51    16      770.5663    86      776.0000      770.3272     7036    0.73%
    135    65        cutoff            776.0000      770.3272    11589    0.73%
    232   113        cutoff            776.0000      770.5116    16395    0.71%
    302   168      774.1275    45      776.0000      770.5116    21703    0.71%
    383   201      773.2129    78      776.0000      770.7829    24901    0.67%
    469   239      772.5268    80      776.0000      770.7872    29782    0.67%
    595   321      774.8663    46      776.0000      770.7872    35838    0.67%
    729   389        cutoff            776.0000      771.6126    41795    0.57%
    867   464      774.2155    51      776.0000      771.8571    48137    0.53%
   1384   552      773.2014    47      776.0000      772.7867    79181    0.41%
Elapsed time = 32.25 sec. (9248.26 ticks, tree = 2.03 MB, solutions = 1)

Clique cuts applied:  127
Cover cuts applied:  1
Zero-half cuts applied:  24
Gomory fractional cuts applied:  1

Root node processing (before b&c):
  Real time             =   17.68 sec. (6093.05 ticks)
Parallel b&c, 4 threads:
  Real time             =   19.19 sec. (3937.23 ticks)
  Sync time (average)   =    4.08 sec.
  Wait time (average)   =    0.00 sec.
                          ------------
Total (root+branch&cut) =   36.88 sec. (10030.28 ticks)
termination_status(sp) = OPTIMAL
objective_value(sp) = 776.0000000000001
#1: 0 (0) -> 16 (20) -> 49 (39) -> 24 (54) -> 18 (74) -> 50 (93) -> 25 (110) -> 40 (132) -> 0 (132)
#2: 0 (0) -> 21 (20) -> 69 (39) -> 36 (55) -> 60 (72) -> 20 (92) -> 37 (108) -> 5 (129) -> 0 (129)
#3: 0 (0) -> 26 (17) -> 58 (37) -> 10 (68) -> 31 (92) -> 39 (114) -> 12 (131) -> 0 (131)
#4: 0 (0) -> 67 (19) -> 46 (38) -> 8 (54) -> 52 (72) -> 34 (88) -> 0 (88)
#5: 0 (0) -> 14 (17) -> 59 (37) -> 11 (68) -> 66 (87) -> 65 (106) -> 38 (122) -> 0 (122)
#6: 0 (0) -> 63 (17) -> 23 (32) -> 56 (49) -> 41 (71) -> 42 (88) -> 43 (105) -> 33 (133) -> 0 (133)
#7: 0 (0) -> 7 (16) -> 35 (32) -> 19 (52) -> 54 (69) -> 13 (86) -> 57 (106) -> 27 (123) -> 0 (123)
#8: 0 (0) -> 4 (21) -> 45 (38) -> 29 (59) -> 48 (78) -> 30 (102) -> 68 (121) -> 0 (121)
#9: 0 (0) -> 2 (22) -> 62 (39) -> 28 (60) -> 61 (77) -> 22 (92) -> 1 (114) -> 6 (135) -> 0 (135)
#10: 0 (0) -> 51 (18) -> 3 (39) -> 44 (56) -> 32 (84) -> 9 (115) -> 17 (135) -> 0 (135)

Cost: 776.0
Executando instancia P70_10_21_3.fcvrp na seed 3
------------------------------------------------------------------------------------------------------------------------------------------------
|  Restart |       Iter |       Best Feas. |             Best |      Current |       CapPen |  MinVisPen |  MaxVisPen |   Pool |    Time(s) |
------------------------------------------------------------------------------------------------------------------------------------------------
|        1 |          0 |          1046.00 |          1046.00 |      1046.00 |        92.27 |      92.27 |      92.27 |     10 |     0.0024 |
|        1 |        500 |           781.00 |           779.08 |       838.60 |         1.42 |       0.01 |       0.01 |   2248 |     3.7551 |
|        1 |       1000 |           781.00 |           779.08 |       793.13 |         1.87 |       0.01 |       0.01 |   3100 |     5.9872 |
|        1 |        500 |           779.00 |           779.00 |       837.00 |         1.90 |       0.01 |       0.01 |   4151 |     8.6553 |
|        1 |       1000 |           779.00 |           778.32 |       814.00 |         1.48 |       0.01 |       0.01 |   4823 |    10.5152 |
|        1 |       1500 |           779.00 |           778.32 |       816.36 |         2.36 |       0.01 |       0.01 |   5457 |    12.4153 |
|        1 |       2000 |           779.00 |           778.32 |       822.00 |         2.05 |       0.01 |       0.01 |   6191 |    15.4598 |
|        1 |       2500 |           779.00 |           778.32 |       795.00 |         2.55 |       0.01 |       0.01 |   6823 |    17.7709 |
|        1 |       3000 |           779.00 |           778.32 |       798.00 |         1.09 |       0.01 |       0.01 |   7405 |    19.7201 |
|        1 |       3500 |           779.00 |           778.32 |       800.00 |         2.14 |       0.01 |       0.01 |   7954 |    22.0499 |
|        1 |       4000 |           779.00 |           778.32 |       803.62 |         6.15 |       0.01 |       0.01 |   8432 |    24.4911 |
|        1 |       4500 |           779.00 |           778.32 |       812.66 |         4.01 |       0.01 |       0.01 |   8916 |    26.9608 |
|        1 |       5000 |           779.00 |           778.32 |       841.40 |         5.91 |       0.01 |       0.01 |   9342 |    28.8564 |
Version identifier: 22.1.1.0 | 2022-11-28 | 9160aff4d
CPXPARAM_MIP_Tolerances_UpperCutoff              779.5
Tried aggregator 1 time.
MIP Presolve eliminated 0 rows and 361 columns.
Reduced MIP has 100 rows, 6153 columns, and 80868 nonzeros.
Reduced MIP has 6153 binaries, 0 generals, 0 SOSs, and 0 indicators.
Presolve time = 0.21 sec. (74.62 ticks)
Tried aggregator 1 time.
Detecting symmetries...
Reduced MIP has 100 rows, 6153 columns, and 80868 nonzeros.
Reduced MIP has 6153 binaries, 0 generals, 0 SOSs, and 0 indicators.
Presolve time = 0.15 sec. (60.69 ticks)
Probing time = 0.06 sec. (11.92 ticks)
Clique table members: 330.
MIP emphasis: balance optimality and feasibility.
MIP search method: dynamic search.
Parallel mode: deterministic, using up to 4 threads.
Root relaxation solution time = 0.22 sec. (54.68 ticks)

        Nodes                                         Cuts/
   Node  Left     Objective  IInf  Best Integer    Best Bound    ItCnt     Gap

      0     0      760.4380    65                    760.4380      530         
      0     0      765.7529    71                    Cuts: 95      788         
      0     0      767.1918    76                    Cuts: 36      947         
      0     0      767.9608    75                    Cuts: 46     1126         
      0     0      768.4721    91                    Cuts: 49     1289         
      0     0      769.0499    84                    Cuts: 46     1428         
Detecting symmetries...
      0     0      769.3381    90                    Cuts: 40     1561         
      0     0      769.5617   109                    Cuts: 23     1651         
      0     0      769.7056   109                    Cuts: 21     1766         
      0     0      769.7847   113                    Cuts: 29     1873         
      0     0      769.8263   108                     Cuts: 6     2013         
      0     0      769.8658   111                     Cuts: 9     2105         
Detecting symmetries...
      0     2      769.8658   111                    769.9827     2105         
Elapsed time = 17.89 sec. (2896.78 ticks, tree = 0.02 MB, solutions = 0)
     78    15      770.3722    92                    769.9827     5212         
    184    86      777.4931    58                    770.1870    10454         
    234   131      770.9274    88                    770.2088    13469         
    278   164      774.0093    78                    770.2088    15947         
    365   202      775.2767    73                    770.3510    18967         
    486   295      775.4589    53                    770.3510    22988         
    655   441      777.4999    92                    770.3510    28427         
    810   590      778.0906    41                    770.3510    35574         
    954   684      773.5778    74                    770.8293    40653         
   1521  1200      776.6377    87                    771.5000    64195         
Elapsed time = 31.77 sec. (6024.27 ticks, tree = 4.63 MB, solutions = 0)
*  1893  1437      integral     0      778.0000      771.9027    76369    0.78%
   2303  1095      774.4676    61      778.0000      772.6077   101934    0.69%

Performing restart 1

Repeating presolve.
Tried aggregator 1 time.
MIP Presolve eliminated 0 rows and 1659 columns.
MIP Presolve modified 4968 coefficients.
Reduced MIP has 100 rows, 4494 columns, and 59438 nonzeros.
Reduced MIP has 4494 binaries, 0 generals, 0 SOSs, and 0 indicators.
Presolve time = 0.10 sec. (54.13 ticks)
Tried aggregator 1 time.
Reduced MIP has 100 rows, 4494 columns, and 59438 nonzeros.
Reduced MIP has 4494 binaries, 0 generals, 0 SOSs, and 0 indicators.
Presolve time = 0.08 sec. (42.14 ticks)
Represolve time = 1.15 sec. (389.13 ticks)
   2457     0      770.2302   124      778.0000      Cuts: 64   114000    0.67%
   2457     0      770.4270   120      778.0000      Cuts: 36   114328    0.67%
   2457     0      770.6526   123      778.0000      Cuts: 53   114669    0.67%
   2457     0      770.8710   110      778.0000      Cuts: 50   114945    0.67%
   2457     0      770.9548   115      778.0000      Cuts: 40   115141    0.67%
   2457     0      770.9927   120      778.0000      Cuts: 40   115311    0.67%
   2457     2      770.9927   120      778.0000      772.7909   115311    0.67%
   2476     5      771.0805   112      778.0000      772.7909   116906    0.67%
   2563    38      776.2872    61      778.0000      772.7909   122316    0.67%
   2821   113      772.6719    68      778.0000      772.7909   127660    0.67%
   3287   458      773.2458    51      778.0000      772.7909   134577    0.67%
   3678   786      774.3423    64      778.0000      772.7909   143087    0.67%
   4124  1073      773.4070    68      778.0000      772.7909   152916    0.67%
   4592  1356        cutoff            778.0000      772.7909   164651    0.67%
Elapsed time = 81.00 sec. (19643.01 ticks, tree = 4.34 MB, solutions = 1)
   5223  1947      774.8078    71      778.0000      772.7909   182177    0.67%
   5716  2208      776.1394    71      778.0000      772.7909   196656    0.67%
   6173  2524        cutoff            778.0000      772.7909   215069    0.67%
   6531  2544      774.8169    53      778.0000      772.7909   229865    0.67%
   6746  2490      776.0000    13      778.0000      772.8142   244460    0.67%
   7293  2690      775.3752    49      778.0000      773.1504   255676    0.62%
   7865  2948        cutoff            778.0000      773.4276   268852    0.59%
   8667  2809        cutoff            778.0000      774.0508   290652    0.51%
   9527  2545        cutoff            778.0000      774.4379   315257    0.46%
  10626  1578        cutoff            778.0000      775.2296   340290    0.36%
Elapsed time = 107.75 sec. (29222.54 ticks, tree = 5.20 MB, solutions = 1)

Clique cuts applied:  90
Zero-half cuts applied:  53
Lift and project cuts applied:  14
Gomory fractional cuts applied:  2

Root node processing (before b&c):
  Real time             =   17.79 sec. (2879.40 ticks)
Parallel b&c, 4 threads:
  Real time             =   93.80 sec. (27256.53 ticks)
  Sync time (average)   =   17.30 sec.
  Wait time (average)   =    0.02 sec.
                          ------------
Total (root+branch&cut) =  111.59 sec. (30135.93 ticks)
termination_status(sp) = OPTIMAL
objective_value(sp) = 777.9999999999999
#1: 0 (0) -> 67 (19) -> 46 (38) -> 34 (54) -> 52 (72) -> 27 (89) -> 45 (106) -> 4 (127) -> 0 (127)
#2: 0 (0) -> 8 (16) -> 35 (32) -> 19 (52) -> 54 (69) -> 13 (86) -> 57 (106) -> 15 (123) -> 0 (123)
#3: 0 (0) -> 63 (17) -> 23 (32) -> 56 (49) -> 41 (71) -> 42 (88) -> 43 (105) -> 1 (127) -> 0 (127)
#4: 0 (0) -> 7 (16) -> 11 (47) -> 59 (67) -> 66 (86) -> 65 (105) -> 38 (121) -> 0 (121)
#5: 0 (0) -> 9 (31) -> 25 (48) -> 18 (68) -> 24 (83) -> 49 (102) -> 16 (122) -> 0 (122)
#6: 0 (0) -> 26 (17) -> 58 (37) -> 10 (68) -> 31 (92) -> 39 (114) -> 12 (131) -> 0 (131)
#7: 0 (0) -> 36 (16) -> 69 (35) -> 60 (52) -> 20 (72) -> 37 (88) -> 5 (109) -> 29 (130) -> 0 (130)
#8: 0 (0) -> 28 (21) -> 22 (36) -> 61 (53) -> 21 (73) -> 47 (92) -> 48 (111) -> 30 (135) -> 0 (135)
#9: 0 (0) -> 68 (19) -> 2 (41) -> 62 (58) -> 33 (86) -> 6 (107) -> 0 (107)
#10: 0 (0) -> 51 (18) -> 3 (39) -> 44 (56) -> 32 (84) -> 40 (106) -> 17 (126) -> 0 (126)

Cost: 778.0
Executando instancia P70_10_21_3.fcvrp na seed 4
------------------------------------------------------------------------------------------------------------------------------------------------
|  Restart |       Iter |       Best Feas. |             Best |      Current |       CapPen |  MinVisPen |  MaxVisPen |   Pool |    Time(s) |
------------------------------------------------------------------------------------------------------------------------------------------------
|        1 |          0 |           838.00 |           838.00 |       838.00 |        73.97 |      73.97 |      73.97 |     10 |     0.0043 |
|        1 |        500 |           787.00 |           784.55 |       802.60 |         1.75 |       0.01 |       0.01 |   1916 |     1.6952 |
|        1 |        500 |           780.00 |           777.85 |       811.00 |         1.59 |       0.01 |       0.01 |   3395 |     3.5254 |
|        1 |       1000 |           780.00 |           777.85 |       805.42 |         2.42 |       0.01 |       0.01 |   4121 |     4.6937 |
|        1 |       1500 |           780.00 |           777.85 |       795.00 |         1.75 |       0.01 |       0.01 |   4738 |     5.7654 |
|        1 |       2000 |           780.00 |           777.85 |       823.00 |         0.91 |       0.01 |       0.01 |   5400 |     6.9580 |
|        1 |       2500 |           780.00 |           777.85 |       797.82 |         1.54 |       0.01 |       0.01 |   6005 |     8.1059 |
|        1 |       3000 |           780.00 |           777.85 |       791.00 |         2.03 |       0.01 |       0.01 |   6495 |     9.3928 |
|        1 |       3500 |           780.00 |           777.09 |       803.57 |         0.95 |       0.01 |       0.01 |   7070 |    10.7136 |
|        1 |       4000 |           780.00 |           777.09 |       846.00 |         1.61 |       0.01 |       0.01 |   7616 |    12.0633 |
|        1 |       4500 |           780.00 |           777.09 |       805.00 |         1.63 |       0.01 |       0.01 |   8090 |    13.1085 |
|        1 |       5000 |           780.00 |           777.09 |       804.36 |         2.93 |       0.01 |       0.01 |   8529 |    14.1442 |
Version identifier: 22.1.1.0 | 2022-11-28 | 9160aff4d
CPXPARAM_MIP_Tolerances_UpperCutoff              780.5
Tried aggregator 1 time.
MIP Presolve eliminated 0 rows and 331 columns.
Reduced MIP has 100 rows, 6170 columns, and 81031 nonzeros.
Reduced MIP has 6170 binaries, 0 generals, 0 SOSs, and 0 indicators.
Presolve time = 0.15 sec. (75.06 ticks)
Tried aggregator 1 time.
Detecting symmetries...
Reduced MIP has 100 rows, 6170 columns, and 81031 nonzeros.
Reduced MIP has 6170 binaries, 0 generals, 0 SOSs, and 0 indicators.
Presolve time = 0.11 sec. (60.77 ticks)
Probing time = 0.04 sec. (11.81 ticks)
Clique table members: 387.
MIP emphasis: balance optimality and feasibility.
MIP search method: dynamic search.
Parallel mode: deterministic, using up to 4 threads.
Root relaxation solution time = 0.16 sec. (59.09 ticks)

        Nodes                                         Cuts/
   Node  Left     Objective  IInf  Best Integer    Best Bound    ItCnt     Gap

      0     0      760.3754    62                    760.3754      569         
      0     0      765.8638    76                    Cuts: 82     1047         
      0     0      766.7546    79                    Cuts: 48     1177         
      0     0      767.5373    90                    Cuts: 50     1329         
      0     0      768.4909    93                    Cuts: 50     1514         
      0     0      768.9559    82                    Cuts: 48     1692         
Detecting symmetries...
      0     0      769.3764   104                    Cuts: 49     1916         
      0     0      769.7405   112                    Cuts: 56     2135         
      0     0      769.9119   108                    Cuts: 23     2343         
      0     0      770.0656   101                    Cuts: 30     2517         
      0     0      770.1830   115                    Cuts: 30     2645         
      0     0      770.2844   105                    Cuts: 32     2759         
      0     0      770.4149    98                    Cuts: 14     2889         
      0     0      770.4732   103                    Cuts: 29     3018         
      0     0      770.4998    85                     Cuts: 7     3133         
      0     0      770.5499   113                    Cuts: 28     3267         
Detecting symmetries...
      0     2      770.5499   113                    770.5499     3267         
Elapsed time = 14.61 sec. (3954.80 ticks, tree = 0.02 MB, solutions = 0)
     85    38      775.2465    82                    770.5811     7309         
    202    97      776.3388    48                    770.5811    12452         
    368   211        cutoff                          770.5811    18569         
    482   334      776.7100    46                    770.9052    23140         
    615   454      779.5841    54                    770.9052    26614         
*   624   413      integral     0      780.0000      770.9052    26183    1.17%
    671   451      778.6667    24      780.0000      771.0818    30640    1.14%
*   719+  467                          777.0000      771.7036             0.68%
    730   211      772.8703    91      777.0000      771.7036    33572    0.68%
    880   314      774.8970    73      777.0000      771.7036    38867    0.68%
   1012   459      773.8060    91      777.0000      771.8201    46293    0.67%
   1545   702        cutoff            777.0000      772.9471    74803    0.52%
Elapsed time = 24.40 sec. (7067.49 ticks, tree = 2.62 MB, solutions = 2)
   2098   624        cutoff            777.0000      774.1368   106759    0.37%

Clique cuts applied:  140
Cover cuts applied:  5
Zero-half cuts applied:  28

Root node processing (before b&c):
  Real time             =   14.50 sec. (3929.35 ticks)
Parallel b&c, 4 threads:
  Real time             =   14.15 sec. (4800.68 ticks)
  Sync time (average)   =    2.36 sec.
  Wait time (average)   =    0.00 sec.
                          ------------
Total (root+branch&cut) =   28.65 sec. (8730.02 ticks)
termination_status(sp) = OPTIMAL
objective_value(sp) = 777.0
#1: 0 (0) -> 12 (17) -> 9 (48) -> 32 (76) -> 44 (93) -> 3 (114) -> 51 (132) -> 0 (132)
#2: 0 (0) -> 17 (20) -> 39 (42) -> 31 (66) -> 10 (97) -> 58 (117) -> 26 (134) -> 0 (134)
#3: 0 (0) -> 40 (22) -> 25 (39) -> 50 (58) -> 18 (78) -> 24 (93) -> 49 (112) -> 16 (132) -> 0 (132)
#4: 0 (0) -> 67 (19) -> 46 (38) -> 8 (54) -> 52 (72) -> 34 (88) -> 0 (88)
#5: 0 (0) -> 4 (21) -> 45 (38) -> 29 (59) -> 48 (78) -> 30 (102) -> 68 (121) -> 0 (121)
#6: 0 (0) -> 14 (17) -> 59 (37) -> 11 (68) -> 66 (87) -> 65 (106) -> 38 (122) -> 0 (122)
#7: 0 (0) -> 5 (21) -> 37 (37) -> 20 (57) -> 60 (74) -> 36 (90) -> 69 (109) -> 21 (129) -> 0 (129)
#8: 0 (0) -> 2 (22) -> 62 (39) -> 28 (60) -> 61 (77) -> 22 (92) -> 1 (114) -> 6 (135) -> 0 (135)
#9: 0 (0) -> 63 (17) -> 23 (32) -> 56 (49) -> 41 (71) -> 42 (88) -> 43 (105) -> 33 (133) -> 0 (133)
#10: 0 (0) -> 27 (17) -> 57 (37) -> 13 (54) -> 54 (71) -> 19 (91) -> 35 (107) -> 7 (123) -> 0 (123)

Cost: 777.0
Executando instancia P70_10_21_3.fcvrp na seed 5
------------------------------------------------------------------------------------------------------------------------------------------------
|  Restart |       Iter |       Best Feas. |             Best |      Current |       CapPen |  MinVisPen |  MaxVisPen |   Pool |    Time(s) |
------------------------------------------------------------------------------------------------------------------------------------------------
|        1 |          0 |           860.00 |           860.00 |       860.00 |        70.34 |      70.34 |      70.34 |     10 |     0.0052 |
|        1 |        500 |           781.00 |           780.63 |       795.00 |         0.90 |       0.01 |       0.01 |   1831 |     1.8412 |
|        1 |       1000 |           781.00 |           780.63 |       821.00 |         1.95 |       0.01 |       0.01 |   2647 |     2.9518 |
|        1 |       1500 |           781.00 |           777.60 |       823.00 |         2.58 |       0.01 |       0.01 |   3453 |     4.0288 |
|        1 |       2000 |           781.00 |           777.60 |       808.00 |         2.15 |       0.01 |       0.01 |   4144 |     5.0698 |
|        1 |       2500 |           781.00 |           777.60 |       806.10 |         1.11 |       0.01 |       0.01 |   4874 |     6.1083 |
|        1 |        500 |           779.00 |           777.60 |       793.62 |         0.79 |       0.01 |       0.01 |   6021 |     7.9360 |
|        1 |       1000 |           779.00 |           777.60 |       829.00 |         3.11 |       0.01 |       0.01 |   6655 |     9.0058 |
|        1 |       1500 |           779.00 |           777.60 |       814.64 |         5.03 |       0.01 |       0.01 |   7269 |    10.0681 |
|        1 |       2000 |           779.00 |           777.60 |       799.96 |         0.72 |       0.01 |       0.01 |   7840 |    11.1083 |
|        1 |       2500 |           779.00 |           777.60 |       798.48 |         1.63 |       0.01 |       0.01 |   8374 |    12.2161 |
|        1 |       3000 |           779.00 |           777.60 |       809.23 |         7.75 |       0.01 |       0.01 |   8756 |    13.3629 |
|        1 |       3500 |           779.00 |           777.60 |       822.82 |         1.29 |       0.01 |       0.01 |   9231 |    14.4026 |
|        1 |       4000 |           779.00 |           777.60 |       837.85 |         2.45 |       0.01 |       0.01 |   9707 |    15.4437 |
|        1 |       4500 |           779.00 |           777.60 |       802.00 |         2.48 |       0.01 |       0.01 |  10161 |    16.4928 |
|        1 |       5000 |           779.00 |           777.60 |       799.00 |         3.32 |       0.01 |       0.01 |  10581 |    17.5230 |
Version identifier: 22.1.1.0 | 2022-11-28 | 9160aff4d
CPXPARAM_MIP_Tolerances_UpperCutoff              779.5
Tried aggregator 1 time.
MIP Presolve eliminated 0 rows and 429 columns.
Reduced MIP has 100 rows, 7106 columns, and 93393 nonzeros.
Reduced MIP has 7106 binaries, 0 generals, 0 SOSs, and 0 indicators.
Presolve time = 0.17 sec. (90.85 ticks)
Tried aggregator 1 time.
Detecting symmetries...
Reduced MIP has 100 rows, 7106 columns, and 93393 nonzeros.
Reduced MIP has 7106 binaries, 0 generals, 0 SOSs, and 0 indicators.
Presolve time = 0.13 sec. (73.36 ticks)
Probing time = 0.03 sec. (12.90 ticks)
Clique table members: 380.
MIP emphasis: balance optimality and feasibility.
MIP search method: dynamic search.
Parallel mode: deterministic, using up to 4 threads.
Root relaxation solution time = 0.16 sec. (61.28 ticks)

        Nodes                                         Cuts/
   Node  Left     Objective  IInf  Best Integer    Best Bound    ItCnt     Gap

      0     0      760.2796    60                    760.2796      520         
      0     0      765.8554    71                    Cuts: 90      971         
      0     0      767.6699    84                    Cuts: 48     1208         
      0     0      768.0842    91                    Cuts: 42     1458         
      0     0      768.6688    93                    Cuts: 28     1568         
      0     0      769.3081    96                    Cuts: 30     1767         
Detecting symmetries...
      0     0      769.4981    95                    Cuts: 39     1895         
      0     0      769.6544   104                    Cuts: 27     2023         
      0     0      769.8356    86                    Cuts: 42     2246         
      0     0      769.9761    87                    Cuts: 41     2395         
      0     0      770.1166    96                    Cuts: 23     2570         
      0     0      770.1699   104                    Cuts: 11     2665         
      0     0      770.2544    96                     Cuts: 9     2750         
Detecting symmetries...
      0     2      770.2544    96                    770.2544     2750         
Elapsed time = 11.62 sec. (3772.63 ticks, tree = 0.02 MB, solutions = 0)
     58    33      776.2743    55                    770.5118     5741         
    187    91      771.1442    74                    770.5118    11088         
    302   168      777.3391    61                    770.9368    15527         
    412   242      774.8140    50                    770.9368    19856         
    579   407      778.3393    47                    770.9368    25336         
    733   555      776.2193    44                    771.1581    30415         
    849   638      776.0095    66                    771.1581    33563         
    939   750      777.1315    90                    771.1581    37166         
   1087   871      776.9108    76                    771.1581    42237         

Performing restart 1

Repeating presolve.
Tried aggregator 1 time.
MIP Presolve eliminated 0 rows and 1169 columns.
MIP Presolve modified 7984 coefficients.
Reduced MIP has 100 rows, 5937 columns, and 78095 nonzeros.
Reduced MIP has 5937 binaries, 0 generals, 0 SOSs, and 0 indicators.
Presolve time = 0.19 sec. (76.31 ticks)
Tried aggregator 1 time.
Reduced MIP has 100 rows, 5937 columns, and 78095 nonzeros.
Reduced MIP has 5937 binaries, 0 generals, 0 SOSs, and 0 indicators.
Presolve time = 0.11 sec. (60.45 ticks)
Represolve time = 1.35 sec. (454.44 ticks)
   1249     0      770.4563   111                    Cuts: 38    50585         
   1249     0      770.6763   105                    Cuts: 38    50818         
   1249     0      770.8213   116                    Cuts: 44    51110         
   1249     0      770.8825   116                    Cuts: 45    51464         
   1249     0      770.9838   125                    Cuts: 41    51623         
   1249     0      771.0421   135                    Cuts: 34    51804         
   1249     0      771.1076   134                    Cuts: 31    52035         
   1249     0      771.2010   143                    Cuts: 37    52274         
   1249     0      771.5613   128                    Cuts: 40    52527         
   1249     0      771.7327   130                    Cuts: 45    52682         
   1249     0      771.8133   136                    Cuts: 16    52797         
   1249     0      771.8216   140                  Cliques: 4    52825         
   1249     0      771.8679   134                     Cuts: 3    52889         
   1249     0      771.8937   136                     Cuts: 6    52948         
   1249     0      771.9483   128                     Cuts: 7    53030         
   1249     0      771.9542   124                  Cliques: 1    53056         
   1249     0      771.9586   128                  Cliques: 1    53075         
*  1249+    0                          778.0000      771.9914             0.77%

Repeating presolve.
Tried aggregator 1 time.
MIP Presolve eliminated 1 rows and 1769 columns.
MIP Presolve modified 1012 coefficients.
Reduced MIP has 99 rows, 4168 columns, and 55238 nonzeros.
Reduced MIP has 4168 binaries, 0 generals, 0 SOSs, and 0 indicators.
Presolve time = 0.12 sec. (48.01 ticks)
Tried aggregator 1 time.
Reduced MIP has 99 rows, 4168 columns, and 55238 nonzeros.
Reduced MIP has 4168 binaries, 0 generals, 0 SOSs, and 0 indicators.
Presolve time = 0.07 sec. (38.22 ticks)
Represolve time = 2.12 sec. (593.87 ticks)
   1249     0      771.9772   129      778.0000      Cuts: 36    54217    0.77%
   1249     0      771.9890   143      778.0000      Cuts: 38    54290    0.77%
   1249     0      772.0037   144      778.0000      Cuts: 26    54387    0.77%
   1249     0      772.0269   142      778.0000      Cuts: 22    54485    0.77%
   1249     0      772.0542   146      778.0000      Cuts: 18    54573    0.76%
   1249     0      772.0733   152      778.0000      Cuts: 22    54645    0.76%
   1249     0      772.0924   147      778.0000      Cuts: 19    54726    0.76%
   1249     0      772.1064   150      778.0000      Cuts: 28    54809    0.75%
   1249     0      772.1324   160      778.0000      Cuts: 20    54900    0.75%
   1249     0      772.1403   164      778.0000      Cuts: 19    54963    0.75%
   1249     0      772.1426   161      778.0000    Cliques: 1    54993    0.75%
   1249     0      772.1450   155      778.0000    Cliques: 1    55032    0.75%
   1249     0      772.1469   157      778.0000       Cuts: 2    55052    0.74%
   1249     0      772.1553   160      778.0000       Cuts: 6    55112    0.74%
   1249     2      772.1553   160      778.0000      772.2101    55112    0.74%
Elapsed time = 63.30 sec. (18789.09 ticks, tree = 0.02 MB, solutions = 1)
   1262     4      773.6380   103      778.0000      772.2171    56297    0.74%
   1317    12      774.3469    98      778.0000      772.2585    58555    0.74%
   1476    33      775.8133    65      778.0000      772.2615    65107    0.74%
   1759    41      774.0516    80      778.0000      772.2790    72658    0.74%
   2043   283      774.4615    81      778.0000      772.3360    77367    0.73%
*  2235+  375                          777.0000      772.3360             0.60%
   2423   464      773.8413    94      777.0000      772.3360    86265    0.60%
   2829   739        cutoff            777.0000      772.3360    97540    0.60%
   3150   848      774.6070    62      777.0000      772.3360   109789    0.60%
   3491   897        cutoff            777.0000      772.3360   123718    0.60%
   3864   922        cutoff            777.0000      773.3087   133093    0.48%
Elapsed time = 92.12 sec. (28440.17 ticks, tree = 3.27 MB, solutions = 2)
   4158   758        cutoff            777.0000      773.3630   142952    0.47%

Clique cuts applied:  105
Zero-half cuts applied:  21
Lift and project cuts applied:  37
Gomory fractional cuts applied:  1

Root node processing (before b&c):
  Real time             =   11.54 sec. (3748.98 ticks)
Parallel b&c, 4 threads:
  Real time             =   85.42 sec. (26471.36 ticks)
  Sync time (average)   =   11.56 sec.
  Wait time (average)   =    0.19 sec.
                          ------------
Total (root+branch&cut) =   96.96 sec. (30220.33 ticks)
termination_status(sp) = OPTIMAL
objective_value(sp) = 777.0000000000007
#1: 0 (0) -> 67 (19) -> 7 (35) -> 35 (51) -> 8 (67) -> 46 (86) -> 0 (86)
#2: 0 (0) -> 6 (21) -> 1 (43) -> 22 (58) -> 61 (75) -> 28 (96) -> 62 (113) -> 2 (135) -> 0 (135)
#3: 0 (0) -> 40 (22) -> 25 (39) -> 50 (58) -> 18 (78) -> 24 (93) -> 49 (112) -> 16 (132) -> 0 (132)
#4: 0 (0) -> 26 (17) -> 58 (37) -> 10 (68) -> 31 (92) -> 39 (114) -> 12 (131) -> 0 (131)
#5: 0 (0) -> 27 (17) -> 15 (34) -> 57 (54) -> 13 (71) -> 54 (88) -> 52 (106) -> 34 (122) -> 0 (122)
#6: 0 (0) -> 4 (21) -> 45 (38) -> 29 (59) -> 48 (78) -> 30 (102) -> 68 (121) -> 0 (121)
#7: 0 (0) -> 5 (21) -> 37 (37) -> 20 (57) -> 60 (74) -> 36 (90) -> 69 (109) -> 21 (129) -> 0 (129)
#8: 0 (0) -> 38 (16) -> 65 (35) -> 66 (54) -> 11 (85) -> 59 (105) -> 19 (125) -> 0 (125)
#9: 0 (0) -> 63 (17) -> 23 (32) -> 56 (49) -> 41 (71) -> 42 (88) -> 43 (105) -> 33 (133) -> 0 (133)
#10: 0 (0) -> 51 (18) -> 3 (39) -> 44 (56) -> 32 (84) -> 9 (115) -> 17 (135) -> 0 (135)

Cost: 777.0
