Executando com parâmetros:
  path       = instances/homogeneous_fleet/70_100/P70_8_35_4.fcvrp
  seed       = 1
  restarts   = 1
  iterMax    = 5000
  randShift  = 1
  randSwap   = 1
Executando instancia P70_8_35_4.fcvrp na seed 1
------------------------------------------------------------------------------------------------------------------------------------------------
|  Restart |       Iter |       Best Feas. |             Best |      Current |       CapPen |  MinVisPen |  MaxVisPen |   Pool |    Time(s) |
------------------------------------------------------------------------------------------------------------------------------------------------
|        1 |          0 |           854.00 |           854.00 |       854.00 |        67.57 |      67.57 |      67.57 |      8 |     0.6150 |
|        1 |        500 |           661.00 |           656.72 |       699.66 |         2.06 |       0.01 |       0.01 |   1415 |     0.9199 |
|        1 |        500 |           659.00 |           656.72 |       674.00 |         2.47 |       0.01 |       0.01 |   2245 |     1.6416 |
|        1 |       1000 |           659.00 |           656.72 |       687.51 |         3.83 |       0.01 |       0.01 |   2889 |     2.3128 |
|        1 |        500 |           656.00 |           651.15 |       692.00 |         2.97 |       0.01 |       0.01 |   3549 |     3.2591 |
|        1 |        500 |           648.00 |           648.00 |       692.22 |         7.90 |       0.01 |       0.01 |   5267 |     5.2850 |
|        1 |       1000 |           648.00 |           648.00 |       666.00 |         2.03 |       0.01 |       0.01 |   5755 |     6.0451 |
|        1 |       1500 |           648.00 |           648.00 |       694.00 |         3.44 |       0.01 |       0.01 |   6274 |     6.7601 |
|        1 |       2000 |           648.00 |           648.00 |       687.00 |         3.11 |       0.01 |       0.01 |   6758 |     7.4250 |
|        1 |       2500 |           648.00 |           648.00 |       675.87 |         1.97 |       0.01 |       0.01 |   7281 |     8.1609 |
|        1 |       3000 |           648.00 |           648.00 |       683.79 |         4.26 |       0.01 |       0.01 |   7728 |     8.9280 |
|        1 |       3500 |           648.00 |           648.00 |       667.20 |         1.37 |       0.01 |       0.01 |   8174 |     9.7107 |
|        1 |       4000 |           648.00 |           648.00 |       693.00 |         2.55 |       0.01 |       0.01 |   8617 |    10.5050 |
|        1 |       4500 |           648.00 |           648.00 |       687.70 |         5.30 |       0.01 |       0.01 |   9016 |    11.2311 |
|        1 |       5000 |           648.00 |           646.46 |       703.00 |         6.22 |       0.01 |       0.01 |   9397 |    11.9557 |
Version identifier: 22.1.1.0 | 2022-11-28 | 9160aff4d
CPXPARAM_MIP_Tolerances_UpperCutoff              648.5
Tried aggregator 1 time.
MIP Presolve eliminated 31 rows and 211 columns.
MIP Presolve modified 107 coefficients.
Reduced MIP has 81 rows, 2465 columns, and 28825 nonzeros.
Reduced MIP has 2465 binaries, 0 generals, 0 SOSs, and 0 indicators.
Presolve time = 0.06 sec. (30.72 ticks)
Tried aggregator 1 time.
Detecting symmetries...
MIP Presolve eliminated 0 rows and 1 columns.
Reduced MIP has 81 rows, 2464 columns, and 28814 nonzeros.
Reduced MIP has 2464 binaries, 0 generals, 0 SOSs, and 0 indicators.
Presolve time = 0.04 sec. (24.79 ticks)
Probing fixed 9 vars, tightened 0 bounds.
Probing time = 0.11 sec. (39.40 ticks)
Clique table members: 1047.
MIP emphasis: balance optimality and feasibility.
MIP search method: dynamic search.
Parallel mode: deterministic, using up to 4 threads.
Root relaxation solution time = 0.04 sec. (32.96 ticks)

        Nodes                                         Cuts/
   Node  Left     Objective  IInf  Best Integer    Best Bound    ItCnt     Gap

      0     0      636.7391    41                    636.7391      346         
      0     0      642.3052    49                    Cuts: 72      496         
      0     0      642.9788    57                    Cuts: 19      670         
Detecting symmetries...

Repeating presolve.
Tried aggregator 1 time.
MIP Presolve eliminated 9 rows and 1438 columns.
MIP Presolve modified 667 coefficients.
Reduced MIP has 71 rows, 1026 columns, and 10834 nonzeros.
Reduced MIP has 1026 binaries, 0 generals, 0 SOSs, and 0 indicators.
Presolve time = 0.04 sec. (20.03 ticks)
Probing fixed 82 vars, tightened 0 bounds.
Probing time = 0.08 sec. (13.54 ticks)
Tried aggregator 1 time.
MIP Presolve eliminated 0 rows and 82 columns.
MIP Presolve modified 3 coefficients.
Reduced MIP has 71 rows, 944 columns, and 9932 nonzeros.
Reduced MIP has 944 binaries, 0 generals, 0 SOSs, and 0 indicators.
Presolve time = 0.01 sec. (7.25 ticks)
Probing fixed 2 vars, tightened 0 bounds.
Probing time = 0.03 sec. (19.59 ticks)
Tried aggregator 1 time.
Detecting symmetries...
MIP Presolve eliminated 0 rows and 5 columns.
Reduced MIP has 71 rows, 939 columns, and 9871 nonzeros.
Reduced MIP has 939 binaries, 0 generals, 0 SOSs, and 0 indicators.
Presolve time = 0.01 sec. (8.68 ticks)
Represolve time = 0.24 sec. (86.61 ticks)
Probing time = 0.01 sec. (4.06 ticks)
Clique table members: 617.
MIP emphasis: balance optimality and feasibility.
MIP search method: dynamic search.
Parallel mode: deterministic, using up to 4 threads.
Root relaxation solution time = 0.02 sec. (21.80 ticks)

        Nodes                                         Cuts/
   Node  Left     Objective  IInf  Best Integer    Best Bound    ItCnt     Gap

      0     0      643.1166    45                    643.1166     1086         
*     0+    0                          648.0000      643.1166             0.75%
      0     0      645.2421    52      648.0000      Cuts: 23     1241    0.43%
      0     0      646.7676    62      648.0000      Cuts: 40     1375    0.19%
      0     0        cutoff            648.0000                   1375    0.00%
Elapsed time = 1.59 sec. (466.29 ticks, tree = 0.01 MB, solutions = 1)

Clique cuts applied:  19
Zero-half cuts applied:  10
Gomory fractional cuts applied:  1

Root node processing (before b&c):
  Real time             =    1.59 sec. (466.41 ticks)
Parallel b&c, 4 threads:
  Real time             =    0.00 sec. (0.00 ticks)
  Sync time (average)   =    0.00 sec.
  Wait time (average)   =    0.00 sec.
                          ------------
Total (root+branch&cut) =    1.59 sec. (466.41 ticks)
termination_status(sp) = OPTIMAL
objective_value(sp) = 648.0
#1: 0 (0) -> 12 (27) -> 39 (52) -> 9 (80) -> 32 (107) -> 40 (132) -> 0 (132)
#2: 0 (0) -> 2 (22) -> 62 (39) -> 28 (62) -> 22 (82) -> 1 (104) -> 6 (124) -> 0 (124)
#3: 0 (0) -> 67 (20) -> 8 (36) -> 35 (47) -> 19 (66) -> 54 (85) -> 13 (107) -> 46 (131) -> 0 (131)
#4: 0 (0) -> 58 (18) -> 31 (45) -> 55 (62) -> 50 (76) -> 44 (94) -> 3 (115) -> 17 (132) -> 0 (132)
#5: 0 (0) -> 15 (14) -> 20 (33) -> 60 (52) -> 69 (60) -> 36 (71) -> 47 (91) -> 21 (111) -> 48 (131) -> 0 (131)
#6: 0 (0) -> 63 (20) -> 43 (38) -> 41 (51) -> 56 (68) -> 23 (85) -> 49 (99) -> 16 (113) -> 51 (129) -> 0 (129)
#7: 0 (0) -> 34 (23) -> 52 (39) -> 27 (62) -> 29 (80) -> 45 (104) -> 4 (125) -> 0 (125)
#8: 0 (0) -> 7 (16) -> 53 (35) -> 59 (54) -> 66 (77) -> 65 (100) -> 38 (119) -> 26 (135) -> 0 (135)

Cost: 648.0
Executando instancia P70_8_35_4.fcvrp na seed 2
------------------------------------------------------------------------------------------------------------------------------------------------
|  Restart |       Iter |       Best Feas. |             Best |      Current |       CapPen |  MinVisPen |  MaxVisPen |   Pool |    Time(s) |
------------------------------------------------------------------------------------------------------------------------------------------------
|        1 |          0 |           745.00 |           745.00 |       745.00 |        66.82 |      52.56 |      52.56 |      8 |     0.0046 |
|        1 |        500 |           659.00 |           656.84 |       679.00 |         2.95 |       0.01 |       0.01 |   1672 |     1.0622 |
|        1 |        500 |           652.00 |           651.92 |       703.00 |         3.03 |       0.01 |       0.01 |   2621 |     1.8434 |
|        1 |       1000 |           652.00 |           651.92 |       667.49 |         3.81 |       0.01 |       0.01 |   3288 |     2.5016 |
|        1 |       1500 |           652.00 |           651.92 |       687.44 |         2.27 |       0.01 |       0.01 |   3865 |     3.1386 |
|        1 |       2000 |           652.00 |           651.92 |       713.00 |         4.35 |       0.01 |       0.01 |   4515 |     3.7828 |
|        1 |       2500 |           652.00 |           651.92 |       698.50 |         6.01 |       0.01 |       0.01 |   5131 |     4.5052 |
|        1 |       3000 |           652.00 |           651.92 |       662.60 |         1.75 |       0.01 |       0.01 |   5628 |     5.1837 |
|        1 |       3500 |           652.00 |           649.01 |       672.80 |         2.08 |       0.01 |       0.01 |   6301 |     5.8917 |
|        1 |        500 |           649.00 |           649.00 |       694.44 |         2.67 |       0.01 |       0.01 |   6892 |     6.6966 |
|        1 |       1000 |           649.00 |           649.00 |       696.00 |         3.48 |       0.01 |       0.01 |   7417 |     7.3315 |
|        1 |       1500 |           649.00 |           649.00 |       705.53 |         4.96 |       0.01 |       0.01 |   7911 |     7.9672 |
|        1 |       2000 |           649.00 |           649.00 |       684.96 |         2.17 |       0.01 |       0.01 |   8326 |     8.5832 |
|        1 |       2500 |           649.00 |           649.00 |       707.00 |         3.56 |       0.01 |       0.01 |   8755 |     9.2093 |
|        1 |       3000 |           649.00 |           649.00 |       677.00 |         2.97 |       0.01 |       0.01 |   9166 |     9.8436 |
|        1 |       3500 |           649.00 |           649.00 |       699.93 |         2.11 |       0.01 |       0.01 |   9600 |    10.4987 |
|        1 |       4000 |           649.00 |           649.00 |       665.61 |         1.68 |       0.01 |       0.01 |  10069 |    11.1464 |
|        1 |       4500 |           649.00 |           649.00 |       687.00 |         5.03 |       0.01 |       0.01 |  10510 |    11.8807 |
|        1 |       5000 |           649.00 |           649.00 |       673.00 |         1.77 |       0.01 |       0.01 |  10862 |    12.5687 |
Version identifier: 22.1.1.0 | 2022-11-28 | 9160aff4d
CPXPARAM_MIP_Tolerances_UpperCutoff              649.5
Tried aggregator 1 time.
MIP Presolve eliminated 31 rows and 251 columns.
Reduced MIP has 81 rows, 2952 columns, and 34924 nonzeros.
Reduced MIP has 2952 binaries, 0 generals, 0 SOSs, and 0 indicators.
Presolve time = 0.07 sec. (34.93 ticks)
Tried aggregator 1 time.
Detecting symmetries...
Reduced MIP has 81 rows, 2952 columns, and 34924 nonzeros.
Reduced MIP has 2952 binaries, 0 generals, 0 SOSs, and 0 indicators.
Presolve time = 0.04 sec. (23.35 ticks)
Probing fixed 4 vars, tightened 0 bounds.
Probing time = 0.08 sec. (30.71 ticks)
Clique table members: 341.
MIP emphasis: balance optimality and feasibility.
MIP search method: dynamic search.
Parallel mode: deterministic, using up to 4 threads.
Root relaxation solution time = 0.05 sec. (32.65 ticks)

        Nodes                                         Cuts/
   Node  Left     Objective  IInf  Best Integer    Best Bound    ItCnt     Gap

      0     0      636.4769    39                    636.4769      283         
      0     0      643.0238    51                    Cuts: 74      571         
      0     0      643.8427    62                    Cuts: 24      675         
Detecting symmetries...

Repeating presolve.
Tried aggregator 1 time.
MIP Presolve eliminated 7 rows and 1662 columns.
MIP Presolve modified 705 coefficients.
Reduced MIP has 73 rows, 1290 columns, and 13799 nonzeros.
Reduced MIP has 1290 binaries, 0 generals, 0 SOSs, and 0 indicators.
Presolve time = 0.05 sec. (24.57 ticks)
Probing fixed 102 vars, tightened 0 bounds.
Probing time = 0.08 sec. (21.34 ticks)
Tried aggregator 1 time.
MIP Presolve eliminated 2 rows and 111 columns.
MIP Presolve modified 124 coefficients.
Reduced MIP has 71 rows, 1179 columns, and 12083 nonzeros.
Reduced MIP has 1179 binaries, 0 generals, 0 SOSs, and 0 indicators.
Presolve time = 0.02 sec. (10.45 ticks)
Probing fixed 4 vars, tightened 0 bounds.
Probing changed sense of 1 constraints.
Probing time = 0.06 sec. (17.42 ticks)
Tried aggregator 1 time.
Detecting symmetries...
MIP Presolve eliminated 0 rows and 4 columns.
MIP Presolve modified 132 coefficients.
Reduced MIP has 71 rows, 1175 columns, and 11910 nonzeros.
Reduced MIP has 1175 binaries, 0 generals, 0 SOSs, and 0 indicators.
Presolve time = 0.01 sec. (8.73 ticks)
Represolve time = 0.30 sec. (103.63 ticks)
Probing time = 0.02 sec. (4.36 ticks)
Clique table members: 599.
MIP emphasis: balance optimality and feasibility.
MIP search method: dynamic search.
Parallel mode: deterministic, using up to 4 threads.
Root relaxation solution time = 0.03 sec. (27.55 ticks)

        Nodes                                         Cuts/
   Node  Left     Objective  IInf  Best Integer    Best Bound    ItCnt     Gap

      0     0      643.8759    54                    643.8759     1081         
      0     0      645.0157    66                    Cuts: 24     1170         
      0     0      645.8259    68                    Cuts: 21     1309         
*     0+    0                          648.0000      645.8259             0.34%
Detecting symmetries...

Repeating presolve.
Tried aggregator 1 time.
MIP Presolve eliminated 9 rows and 988 columns.
MIP Presolve modified 277 coefficients.
Reduced MIP has 59 rows, 187 columns, and 1591 nonzeros.
Reduced MIP has 187 binaries, 0 generals, 0 SOSs, and 0 indicators.
Presolve time = 0.01 sec. (4.33 ticks)
Probing fixed 32 vars, tightened 0 bounds.
Probing changed sense of 3 constraints.
Probing time = 0.00 sec. (1.42 ticks)
Cover probing fixed 2 vars, tightened 0 bounds.
Tried aggregator 1 time.
MIP Presolve eliminated 8 rows and 40 columns.
MIP Presolve modified 83 coefficients.
Reduced MIP has 51 rows, 147 columns, and 1049 nonzeros.
Reduced MIP has 147 binaries, 0 generals, 0 SOSs, and 0 indicators.
Presolve time = 0.00 sec. (1.44 ticks)
Probing fixed 24 vars, tightened 0 bounds.
Probing time = 0.00 sec. (0.82 ticks)
Cover probing fixed 1 vars, tightened 0 bounds.
Tried aggregator 1 time.
MIP Presolve eliminated 2 rows and 25 columns.
Reduced MIP has 49 rows, 122 columns, and 812 nonzeros.
Reduced MIP has 122 binaries, 0 generals, 0 SOSs, and 0 indicators.
Presolve time = 0.00 sec. (0.81 ticks)
Probing fixed 29 vars, tightened 0 bounds.
Probing changed sense of 2 constraints.
Probing time = 0.00 sec. (0.56 ticks)
Cover probing fixed 5 vars, tightened 0 bounds.
Tried aggregator 1 time.
MIP Presolve eliminated 5 rows and 36 columns.
MIP Presolve modified 55 coefficients.
Reduced MIP has 43 rows, 86 columns, and 512 nonzeros.
Reduced MIP has 86 binaries, 0 generals, 0 SOSs, and 0 indicators.
Presolve time = 0.00 sec. (0.61 ticks)
Probing fixed 21 vars, tightened 0 bounds.
Probing changed sense of 2 constraints.
Probing time = 0.00 sec. (0.29 ticks)
Cover probing fixed 4 vars, tightened 0 bounds.
Tried aggregator 1 time.
MIP Presolve eliminated 14 rows and 29 columns.
MIP Presolve modified 10 coefficients.
Reduced MIP has 29 rows, 57 columns, and 232 nonzeros.
Reduced MIP has 57 binaries, 0 generals, 0 SOSs, and 0 indicators.
Presolve time = 0.00 sec. (0.23 ticks)
Probing fixed 8 vars, tightened 0 bounds.
Probing time = 0.00 sec. (0.14 ticks)
Tried aggregator 1 time.
MIP Presolve eliminated 2 rows and 8 columns.
Reduced MIP has 27 rows, 49 columns, and 176 nonzeros.
Reduced MIP has 49 binaries, 0 generals, 0 SOSs, and 0 indicators.
Presolve time = 0.00 sec. (0.09 ticks)
Probing fixed 3 vars, tightened 0 bounds.
Probing time = 0.00 sec. (0.11 ticks)
Tried aggregator 1 time.
MIP Presolve eliminated 1 rows and 3 columns.
Reduced MIP has 26 rows, 46 columns, and 159 nonzeros.
Reduced MIP has 46 binaries, 0 generals, 0 SOSs, and 0 indicators.
Presolve time = 0.00 sec. (0.08 ticks)
Probing time = 0.00 sec. (0.10 ticks)
Tried aggregator 1 time.
Detecting symmetries...
Reduced MIP has 26 rows, 46 columns, and 159 nonzeros.
Reduced MIP has 46 binaries, 0 generals, 0 SOSs, and 0 indicators.
Presolve time = 0.00 sec. (0.09 ticks)
Represolve time = 0.05 sec. (18.96 ticks)
Probing time = 0.00 sec. (0.10 ticks)
Clique table members: 128.
MIP emphasis: balance optimality and feasibility.
MIP search method: dynamic search.
Parallel mode: deterministic, using up to 4 threads.
Root relaxation solution time = 0.00 sec. (0.25 ticks)

        Nodes                                         Cuts/
   Node  Left     Objective  IInf  Best Integer    Best Bound    ItCnt     Gap

*     0+    0                          648.0000      645.8259             0.34%
*     0     0      integral     0      647.0000      647.0000     1349    0.00%
Elapsed time = 1.62 sec. (588.51 ticks, tree = 0.00 MB, solutions = 2)

Clique cuts applied:  14
Zero-half cuts applied:  7
Gomory fractional cuts applied:  1

Root node processing (before b&c):
  Real time             =    1.62 sec. (588.61 ticks)
Parallel b&c, 4 threads:
  Real time             =    0.00 sec. (0.00 ticks)
  Sync time (average)   =    0.00 sec.
  Wait time (average)   =    0.00 sec.
                          ------------
Total (root+branch&cut) =    1.62 sec. (588.61 ticks)
termination_status(sp) = OPTIMAL
objective_value(sp) = 647.0
#1: 0 (0) -> 12 (27) -> 39 (52) -> 9 (80) -> 32 (107) -> 40 (132) -> 0 (132)
#2: 0 (0) -> 2 (22) -> 62 (39) -> 28 (62) -> 22 (82) -> 1 (104) -> 6 (124) -> 0 (124)
#3: 0 (0) -> 48 (20) -> 47 (40) -> 21 (60) -> 69 (68) -> 36 (79) -> 60 (98) -> 20 (117) -> 15 (131) -> 0 (131)
#4: 0 (0) -> 58 (18) -> 31 (45) -> 55 (62) -> 50 (76) -> 44 (94) -> 3 (115) -> 17 (132) -> 0 (132)
#5: 0 (0) -> 63 (20) -> 43 (38) -> 41 (51) -> 56 (68) -> 23 (85) -> 49 (99) -> 16 (113) -> 51 (129) -> 0 (129)
#6: 0 (0) -> 27 (23) -> 13 (45) -> 54 (64) -> 19 (83) -> 35 (94) -> 8 (110) -> 46 (134) -> 0 (134)
#7: 0 (0) -> 67 (20) -> 34 (43) -> 52 (59) -> 29 (77) -> 45 (101) -> 4 (122) -> 0 (122)
#8: 0 (0) -> 7 (16) -> 53 (35) -> 59 (54) -> 66 (77) -> 65 (100) -> 38 (119) -> 26 (135) -> 0 (135)

Cost: 647.0
Executando instancia P70_8_35_4.fcvrp na seed 3
------------------------------------------------------------------------------------------------------------------------------------------------
|  Restart |       Iter |       Best Feas. |             Best |      Current |       CapPen |  MinVisPen |  MaxVisPen |   Pool |    Time(s) |
------------------------------------------------------------------------------------------------------------------------------------------------
|        1 |          0 |           728.00 |           728.00 |       728.00 |        55.83 |      55.83 |      55.83 |      8 |     0.0046 |
|        1 |        500 |           648.00 |           648.00 |       669.00 |         3.82 |       0.01 |       0.01 |   2983 |     2.7324 |
|        1 |       1000 |           648.00 |           648.00 |       722.49 |         5.14 |       0.01 |       0.01 |   3671 |     3.9068 |
|        1 |       1500 |           648.00 |           648.00 |       684.00 |         4.45 |       0.01 |       0.01 |   4236 |     4.7754 |
|        1 |       2000 |           648.00 |           648.00 |       668.45 |         1.54 |       0.01 |       0.01 |   4938 |     5.5791 |
|        1 |       2500 |           648.00 |           648.00 |       710.00 |         4.77 |       0.01 |       0.01 |   5549 |     6.4179 |
|        1 |       3000 |           648.00 |           648.00 |       698.00 |         3.11 |       0.01 |       0.01 |   6179 |     7.2736 |
|        1 |       3500 |           648.00 |           648.00 |       665.00 |         1.99 |       0.01 |       0.01 |   6747 |     8.1066 |
|        1 |       4000 |           648.00 |           648.00 |       672.71 |         1.87 |       0.01 |       0.01 |   7185 |     8.9113 |
|        1 |       4500 |           648.00 |           648.00 |       684.00 |         2.85 |       0.01 |       0.01 |   7697 |     9.7097 |
|        1 |       5000 |           648.00 |           648.00 |       651.00 |         1.25 |       0.01 |       0.01 |   8168 |    10.3462 |
Version identifier: 22.1.1.0 | 2022-11-28 | 9160aff4d
CPXPARAM_MIP_Tolerances_UpperCutoff              648.5
Tried aggregator 1 time.
MIP Presolve eliminated 33 rows and 156 columns.
MIP Presolve modified 537 coefficients.
Reduced MIP has 77 rows, 2125 columns, and 24601 nonzeros.
Reduced MIP has 2125 binaries, 0 generals, 0 SOSs, and 0 indicators.
Presolve time = 0.04 sec. (24.84 ticks)
Tried aggregator 1 time.
Detecting symmetries...
MIP Presolve eliminated 0 rows and 5 columns.
Reduced MIP has 77 rows, 2120 columns, and 24546 nonzeros.
Reduced MIP has 2120 binaries, 0 generals, 0 SOSs, and 0 indicators.
Presolve time = 0.03 sec. (20.02 ticks)
Probing time = 0.02 sec. (5.96 ticks)
Clique table members: 474.
MIP emphasis: balance optimality and feasibility.
MIP search method: dynamic search.
Parallel mode: deterministic, using up to 4 threads.
Root relaxation solution time = 0.03 sec. (26.76 ticks)

        Nodes                                         Cuts/
   Node  Left     Objective  IInf  Best Integer    Best Bound    ItCnt     Gap

      0     0      637.0328    41                    637.0328      314         
      0     0      641.1071    45                    Cuts: 67      491         
      0     0      643.2801    56                    Cuts: 33      707         
Detecting symmetries...

Repeating presolve.
Tried aggregator 1 time.
MIP Presolve eliminated 5 rows and 1251 columns.
MIP Presolve modified 351 coefficients.
Reduced MIP has 72 rows, 869 columns, and 9302 nonzeros.
Reduced MIP has 869 binaries, 0 generals, 0 SOSs, and 0 indicators.
Presolve time = 0.07 sec. (24.41 ticks)
Probing fixed 57 vars, tightened 0 bounds.
Probing changed sense of 2 constraints.
Probing time = 0.07 sec. (35.98 ticks)
Tried aggregator 1 time.
MIP Presolve eliminated 5 rows and 67 columns.
MIP Presolve modified 202 coefficients.
Reduced MIP has 67 rows, 802 columns, and 7870 nonzeros.
Reduced MIP has 802 binaries, 0 generals, 0 SOSs, and 0 indicators.
Presolve time = 0.02 sec. (9.29 ticks)
Probing fixed 1 vars, tightened 0 bounds.
Probing time = 0.03 sec. (12.81 ticks)
Tried aggregator 1 time.
Detecting symmetries...
MIP Presolve eliminated 0 rows and 2 columns.
Reduced MIP has 67 rows, 800 columns, and 7847 nonzeros.
Reduced MIP has 800 binaries, 0 generals, 0 SOSs, and 0 indicators.
Presolve time = 0.01 sec. (7.39 ticks)
Represolve time = 0.29 sec. (113.23 ticks)
Probing time = 0.01 sec. (3.69 ticks)
Clique table members: 533.
MIP emphasis: balance optimality and feasibility.
MIP search method: dynamic search.
Parallel mode: deterministic, using up to 4 threads.
Root relaxation solution time = 0.02 sec. (13.59 ticks)

        Nodes                                         Cuts/
   Node  Left     Objective  IInf  Best Integer    Best Bound    ItCnt     Gap

      0     0      643.3990    45                    643.3990     1003         
      0     0      645.0649    52                    Cuts: 31     1113         
      0     0      646.4707    67                    Cuts: 28     1275         
*     0+    0                          648.0000      646.4707             0.24%
      0     0        cutoff            648.0000      646.4707     1275    0.24%
Elapsed time = 1.40 sec. (426.90 ticks, tree = 0.01 MB, solutions = 1)

Clique cuts applied:  16
Zero-half cuts applied:  9

Root node processing (before b&c):
  Real time             =    1.40 sec. (426.96 ticks)
Parallel b&c, 4 threads:
  Real time             =    0.01 sec. (0.24 ticks)
  Sync time (average)   =    0.00 sec.
  Wait time (average)   =    0.00 sec.
                          ------------
Total (root+branch&cut) =    1.41 sec. (427.20 ticks)
termination_status(sp) = OPTIMAL
objective_value(sp) = 648.0
#1: 0 (0) -> 17 (17) -> 3 (38) -> 44 (56) -> 50 (70) -> 55 (87) -> 31 (114) -> 58 (132) -> 0 (132)
#2: 0 (0) -> 51 (16) -> 16 (30) -> 49 (44) -> 56 (61) -> 23 (78) -> 63 (98) -> 6 (118) -> 0 (118)
#3: 0 (0) -> 26 (16) -> 38 (35) -> 65 (58) -> 66 (81) -> 59 (100) -> 53 (119) -> 7 (135) -> 0 (135)
#4: 0 (0) -> 2 (22) -> 62 (39) -> 28 (62) -> 22 (82) -> 42 (95) -> 43 (113) -> 1 (135) -> 0 (135)
#5: 0 (0) -> 48 (20) -> 21 (40) -> 47 (60) -> 36 (71) -> 69 (79) -> 60 (98) -> 20 (117) -> 15 (131) -> 0 (131)
#6: 0 (0) -> 27 (23) -> 13 (45) -> 54 (64) -> 19 (83) -> 35 (94) -> 8 (110) -> 46 (134) -> 0 (134)
#7: 0 (0) -> 4 (21) -> 45 (45) -> 29 (63) -> 52 (79) -> 34 (102) -> 67 (122) -> 0 (122)
#8: 0 (0) -> 40 (25) -> 32 (52) -> 9 (80) -> 39 (105) -> 12 (132) -> 0 (132)

Cost: 648.0
Executando instancia P70_8_35_4.fcvrp na seed 4
------------------------------------------------------------------------------------------------------------------------------------------------
|  Restart |       Iter |       Best Feas. |             Best |      Current |       CapPen |  MinVisPen |  MaxVisPen |   Pool |    Time(s) |
------------------------------------------------------------------------------------------------------------------------------------------------
|        1 |          0 |           782.00 |           782.00 |       782.00 |        76.98 |      72.50 |      72.50 |      8 |     0.0029 |
|        1 |        500 |           651.00 |           650.32 |       667.74 |         2.91 |       0.01 |       0.01 |   2337 |     1.9681 |
|        1 |       1000 |           651.00 |           649.75 |       687.00 |         1.82 |       0.01 |       0.01 |   2900 |     2.6299 |
|        1 |       1500 |           651.00 |           648.04 |       747.00 |         3.19 |       0.01 |       0.01 |   3490 |     3.3162 |
|        1 |       2000 |           651.00 |           648.04 |       706.00 |         2.25 |       0.01 |       0.01 |   4250 |     4.0021 |
|        1 |       2500 |           651.00 |           648.04 |       700.00 |         4.45 |       0.01 |       0.01 |   4759 |     4.7451 |
|        1 |       3000 |           651.00 |           648.04 |       698.26 |         2.28 |       0.01 |       0.01 |   5364 |     5.4173 |
|        1 |       3500 |           651.00 |           648.04 |       695.96 |         5.42 |       0.01 |       0.01 |   5869 |     6.2302 |
|        1 |       4000 |           651.00 |           648.04 |       733.00 |         4.53 |       0.01 |       0.01 |   6421 |     6.9650 |
|        1 |       4500 |           651.00 |           648.04 |       711.00 |         4.74 |       0.01 |       0.01 |   6912 |     7.6926 |
|        1 |       5000 |           651.00 |           648.04 |       678.77 |         1.94 |       0.01 |       0.01 |   7384 |     8.8026 |
Version identifier: 22.1.1.0 | 2022-11-28 | 9160aff4d
CPXPARAM_MIP_Tolerances_UpperCutoff              651.5
Tried aggregator 1 time.
MIP Presolve eliminated 31 rows and 205 columns.
MIP Presolve modified 104 coefficients.
Reduced MIP has 81 rows, 2529 columns, and 29681 nonzeros.
Reduced MIP has 2529 binaries, 0 generals, 0 SOSs, and 0 indicators.
Presolve time = 0.10 sec. (30.31 ticks)
Tried aggregator 1 time.
Detecting symmetries...
Reduced MIP has 81 rows, 2529 columns, and 29681 nonzeros.
Reduced MIP has 2529 binaries, 0 generals, 0 SOSs, and 0 indicators.
Presolve time = 0.06 sec. (19.59 ticks)
Probing time = 0.19 sec. (7.09 ticks)
Clique table members: 1085.
MIP emphasis: balance optimality and feasibility.
MIP search method: dynamic search.
Parallel mode: deterministic, using up to 4 threads.
Root relaxation solution time = 0.09 sec. (32.45 ticks)

        Nodes                                         Cuts/
   Node  Left     Objective  IInf  Best Integer    Best Bound    ItCnt     Gap

      0     0      637.1147    42                    637.1147      346         
*     0+    0                          650.0000      637.1147             1.98%
      0     0      640.2295    62      650.0000      Cuts: 69      510    1.50%
      0     0      643.5732    63      650.0000      Cuts: 18      754    0.99%
Detecting symmetries...

Repeating presolve.
Tried aggregator 1 time.
MIP Presolve eliminated 6 rows and 1360 columns.
MIP Presolve modified 714 coefficients.
Reduced MIP has 74 rows, 1169 columns, and 12481 nonzeros.
Reduced MIP has 1169 binaries, 0 generals, 0 SOSs, and 0 indicators.
Presolve time = 0.05 sec. (16.65 ticks)
Probing fixed 83 vars, tightened 0 bounds.
Probing changed sense of 2 constraints.
Probing time = 0.13 sec. (16.93 ticks)
Tried aggregator 1 time.
MIP Presolve eliminated 1 rows and 87 columns.
MIP Presolve modified 132 coefficients.
Reduced MIP has 73 rows, 1082 columns, and 11340 nonzeros.
Reduced MIP has 1082 binaries, 0 generals, 0 SOSs, and 0 indicators.
Presolve time = 0.04 sec. (8.90 ticks)
Probing fixed 1 vars, tightened 0 bounds.
Probing time = 0.07 sec. (10.83 ticks)
Tried aggregator 1 time.
Detecting symmetries...
MIP Presolve eliminated 0 rows and 1 columns.
Reduced MIP has 73 rows, 1081 columns, and 11330 nonzeros.
Reduced MIP has 1081 binaries, 0 generals, 0 SOSs, and 0 indicators.
Presolve time = 0.01 sec. (7.24 ticks)
Represolve time = 0.41 sec. (83.69 ticks)
Probing time = 0.01 sec. (4.19 ticks)
Clique table members: 569.
MIP emphasis: balance optimality and feasibility.
MIP search method: dynamic search.
Parallel mode: deterministic, using up to 4 threads.
Root relaxation solution time = 0.03 sec. (19.69 ticks)

        Nodes                                         Cuts/
   Node  Left     Objective  IInf  Best Integer    Best Bound    ItCnt     Gap

*     0+    0                          650.0000      643.5732             0.99%
      0     0      643.7230    57      650.0000      643.7230     1084    0.97%
*     0+    0                          649.0000      643.7230             0.81%
      0     0      645.5225    67      649.0000      Cuts: 31     1215    0.54%
      0     0      646.5038    73      649.0000      Cuts: 32     1419    0.38%
*     0+    0                          648.0000      646.5038             0.23%
      0     0        cutoff            648.0000      648.0000     1419    0.00%
Elapsed time = 2.67 sec. (498.28 ticks, tree = 0.01 MB, solutions = 3)

Clique cuts applied:  26
Zero-half cuts applied:  6

Root node processing (before b&c):
  Real time             =    2.67 sec. (498.44 ticks)
Parallel b&c, 4 threads:
  Real time             =    0.00 sec. (0.00 ticks)
  Sync time (average)   =    0.00 sec.
  Wait time (average)   =    0.00 sec.
                          ------------
Total (root+branch&cut) =    2.67 sec. (498.44 ticks)
termination_status(sp) = OPTIMAL
objective_value(sp) = 648.0
#1: 0 (0) -> 26 (16) -> 7 (32) -> 53 (51) -> 19 (70) -> 54 (89) -> 8 (105) -> 46 (129) -> 0 (129)
#2: 0 (0) -> 17 (17) -> 50 (31) -> 55 (48) -> 31 (75) -> 39 (100) -> 12 (127) -> 0 (127)
#3: 0 (0) -> 63 (20) -> 1 (42) -> 43 (60) -> 41 (73) -> 56 (90) -> 23 (107) -> 49 (121) -> 16 (135) -> 0 (135)
#4: 0 (0) -> 58 (18) -> 38 (37) -> 65 (60) -> 66 (83) -> 59 (102) -> 14 (124) -> 35 (135) -> 0 (135)
#5: 0 (0) -> 30 (18) -> 28 (41) -> 22 (61) -> 62 (78) -> 2 (100) -> 6 (120) -> 0 (120)
#6: 0 (0) -> 4 (21) -> 45 (45) -> 27 (68) -> 52 (84) -> 34 (107) -> 67 (127) -> 0 (127)
#7: 0 (0) -> 15 (14) -> 20 (33) -> 60 (52) -> 36 (63) -> 69 (71) -> 21 (91) -> 47 (111) -> 48 (131) -> 0 (131)
#8: 0 (0) -> 40 (25) -> 9 (53) -> 32 (80) -> 44 (98) -> 3 (119) -> 51 (135) -> 0 (135)

Cost: 648.0
Executando instancia P70_8_35_4.fcvrp na seed 5
------------------------------------------------------------------------------------------------------------------------------------------------
|  Restart |       Iter |       Best Feas. |             Best |      Current |       CapPen |  MinVisPen |  MaxVisPen |   Pool |    Time(s) |
------------------------------------------------------------------------------------------------------------------------------------------------
|        1 |          0 |           737.00 |           737.00 |       737.00 |        71.04 |      68.26 |      68.26 |      8 |     0.0030 |
|        1 |        500 |           657.00 |           657.00 |       680.00 |         2.06 |       0.01 |       0.01 |   1634 |     1.0550 |
|        1 |        500 |           650.00 |           650.00 |       704.14 |         2.81 |       0.01 |       0.01 |   2488 |     1.8123 |
|        1 |       1000 |           650.00 |           649.43 |       688.00 |         1.78 |       0.01 |       0.01 |   3266 |     2.4673 |
|        1 |       1500 |           650.00 |           649.43 |       703.00 |         7.47 |       0.01 |       0.01 |   3909 |     3.1768 |
|        1 |        500 |           649.00 |           649.00 |       677.00 |         1.24 |       0.01 |       0.01 |   4856 |     4.2732 |
|        1 |       1000 |           649.00 |           649.00 |       723.00 |         2.84 |       0.01 |       0.01 |   5459 |     4.9416 |
|        1 |       1500 |           649.00 |           649.00 |       695.93 |         7.36 |       0.01 |       0.01 |   5974 |     5.6127 |
|        1 |       2000 |           649.00 |           649.00 |       673.78 |         4.25 |       0.01 |       0.01 |   6491 |     6.3571 |
|        1 |       2500 |           649.00 |           649.00 |       668.60 |         1.75 |       0.01 |       0.01 |   6941 |     7.0754 |
|        1 |       3000 |           649.00 |           649.00 |       687.00 |         2.50 |       0.01 |       0.01 |   7324 |     7.7059 |
|        1 |       3500 |           649.00 |           649.00 |       683.00 |         0.91 |       0.01 |       0.01 |   7834 |     8.5163 |
|        1 |       4000 |           649.00 |           649.00 |       703.68 |         7.30 |       0.01 |       0.01 |   8307 |     9.2768 |
|        1 |       4500 |           649.00 |           649.00 |       652.00 |         1.56 |       0.01 |       0.01 |   8726 |    10.1554 |
|        1 |        500 |           648.00 |           647.39 |       705.00 |         2.35 |       0.01 |       0.01 |   9295 |    11.5213 |
|        1 |       1000 |           648.00 |           647.39 |       695.00 |         3.03 |       0.01 |       0.01 |   9661 |    12.4558 |
|        1 |       1500 |           648.00 |           647.39 |       688.00 |         1.78 |       0.01 |       0.01 |  10015 |    13.2586 |
|        1 |       2000 |           648.00 |           647.39 |       676.00 |         3.13 |       0.01 |       0.01 |  10405 |    13.9196 |
|        1 |       2500 |           648.00 |           647.39 |       705.86 |         3.13 |       0.01 |       0.01 |  10851 |    14.5727 |
|        1 |       3000 |           648.00 |           646.94 |       686.60 |         3.57 |       0.01 |       0.01 |  11188 |    15.2162 |
|        1 |       3500 |           648.00 |           646.94 |       687.00 |         2.63 |       0.01 |       0.01 |  11557 |    15.8542 |
|        1 |       4000 |           648.00 |           646.94 |       688.74 |         0.94 |       0.01 |       0.01 |  11948 |    16.5162 |
|        1 |       4500 |           648.00 |           646.94 |       664.00 |         2.23 |       0.01 |       0.01 |  12266 |    17.2631 |
|        1 |       5000 |           648.00 |           646.94 |       691.00 |         6.79 |       0.01 |       0.01 |  12592 |    18.0541 |
Version identifier: 22.1.1.0 | 2022-11-28 | 9160aff4d
CPXPARAM_MIP_Tolerances_UpperCutoff              648.5
Tried aggregator 1 time.
MIP Presolve eliminated 31 rows and 284 columns.
Reduced MIP has 81 rows, 3201 columns, and 37860 nonzeros.
Reduced MIP has 3201 binaries, 0 generals, 0 SOSs, and 0 indicators.
Presolve time = 0.08 sec. (38.30 ticks)
Tried aggregator 1 time.
Detecting symmetries...
Reduced MIP has 81 rows, 3201 columns, and 37860 nonzeros.
Reduced MIP has 3201 binaries, 0 generals, 0 SOSs, and 0 indicators.
Presolve time = 0.05 sec. (25.73 ticks)
Probing time = 0.03 sec. (7.05 ticks)
Clique table members: 312.
MIP emphasis: balance optimality and feasibility.
MIP search method: dynamic search.
Parallel mode: deterministic, using up to 4 threads.
Root relaxation solution time = 0.04 sec. (34.13 ticks)

        Nodes                                         Cuts/
   Node  Left     Objective  IInf  Best Integer    Best Bound    ItCnt     Gap

      0     0      637.1561    41                    637.1561      285         
      0     0      641.2385    57                    Cuts: 63      467         
      0     0      643.5688    63                    Cuts: 26      621         
Detecting symmetries...

Repeating presolve.
Tried aggregator 1 time.
MIP Presolve eliminated 7 rows and 2096 columns.
MIP Presolve modified 762 coefficients.
Reduced MIP has 73 rows, 1105 columns, and 11908 nonzeros.
Reduced MIP has 1105 binaries, 0 generals, 0 SOSs, and 0 indicators.
Presolve time = 0.04 sec. (24.76 ticks)
Probing fixed 99 vars, tightened 0 bounds.
Probing changed sense of 1 constraints.
Probing time = 0.06 sec. (15.67 ticks)
Tried aggregator 1 time.
MIP Presolve eliminated 0 rows and 101 columns.
MIP Presolve modified 109 coefficients.
Reduced MIP has 73 rows, 1004 columns, and 10669 nonzeros.
Reduced MIP has 1004 binaries, 0 generals, 0 SOSs, and 0 indicators.
Presolve time = 0.02 sec. (7.68 ticks)
Probing fixed 1 vars, tightened 0 bounds.
Probing time = 0.04 sec. (10.60 ticks)
Tried aggregator 1 time.
Detecting symmetries...
MIP Presolve eliminated 0 rows and 1 columns.
Reduced MIP has 73 rows, 1003 columns, and 10658 nonzeros.
Reduced MIP has 1003 binaries, 0 generals, 0 SOSs, and 0 indicators.
Presolve time = 0.01 sec. (6.57 ticks)
Represolve time = 0.24 sec. (85.04 ticks)
Probing time = 0.02 sec. (4.13 ticks)
Clique table members: 248.
MIP emphasis: balance optimality and feasibility.
MIP search method: dynamic search.
Parallel mode: deterministic, using up to 4 threads.
Root relaxation solution time = 0.03 sec. (20.72 ticks)

        Nodes                                         Cuts/
   Node  Left     Objective  IInf  Best Integer    Best Bound    ItCnt     Gap

      0     0      643.6462    45                    643.6462     1023         
*     0+    0                          647.0000      643.6462             0.52%
      0     0      644.9542    57      647.0000      Cuts: 23     1147    0.32%
      0     0        cutoff            647.0000                   1278    0.00%
Elapsed time = 1.30 sec. (474.99 ticks, tree = 0.01 MB, solutions = 1)

Clique cuts applied:  17
Zero-half cuts applied:  8

Root node processing (before b&c):
  Real time             =    1.31 sec. (475.14 ticks)
Parallel b&c, 4 threads:
  Real time             =    0.00 sec. (0.00 ticks)
  Sync time (average)   =    0.00 sec.
  Wait time (average)   =    0.00 sec.
                          ------------
Total (root+branch&cut) =    1.31 sec. (475.14 ticks)
termination_status(sp) = OPTIMAL
objective_value(sp) = 647.0
#1: 0 (0) -> 51 (16) -> 16 (30) -> 49 (44) -> 23 (61) -> 56 (78) -> 41 (91) -> 43 (109) -> 63 (129) -> 0 (129)
#2: 0 (0) -> 4 (21) -> 45 (45) -> 29 (63) -> 52 (79) -> 34 (102) -> 67 (122) -> 0 (122)
#3: 0 (0) -> 15 (14) -> 20 (33) -> 60 (52) -> 36 (63) -> 69 (71) -> 21 (91) -> 47 (111) -> 48 (131) -> 0 (131)
#4: 0 (0) -> 7 (16) -> 53 (35) -> 59 (54) -> 66 (77) -> 65 (100) -> 38 (119) -> 26 (135) -> 0 (135)
#5: 0 (0) -> 12 (27) -> 39 (52) -> 9 (80) -> 32 (107) -> 40 (132) -> 0 (132)
#6: 0 (0) -> 2 (22) -> 62 (39) -> 28 (62) -> 22 (82) -> 1 (104) -> 6 (124) -> 0 (124)
#7: 0 (0) -> 58 (18) -> 31 (45) -> 55 (62) -> 50 (76) -> 44 (94) -> 3 (115) -> 17 (132) -> 0 (132)
#8: 0 (0) -> 46 (24) -> 8 (40) -> 35 (51) -> 19 (70) -> 54 (89) -> 13 (111) -> 27 (134) -> 0 (134)

Cost: 647.0
