Executando com parâmetros:
  path       = instances/homogeneous_fleet/70_100/P70_7_21_4.fcvrp
  seed       = 1
  restarts   = 1
  iterMax    = 5000
  randShift  = 1
  randSwap   = 1
Executando instancia P70_7_21_4.fcvrp na seed 1
------------------------------------------------------------------------------------------------------------------------------------------------
|  Restart |       Iter |       Best Feas. |             Best |      Current |       CapPen |  MinVisPen |  MaxVisPen |   Pool |    Time(s) |
------------------------------------------------------------------------------------------------------------------------------------------------
|        1 |          0 |           674.00 |           674.00 |       674.00 |        82.58 |      76.23 |      76.23 |      7 |     0.7081 |
|        1 |        500 |           572.00 |           571.89 |       619.31 |         4.62 |       0.01 |       0.01 |   2306 |     1.3190 |
|        1 |       1000 |           572.00 |           571.89 |       653.98 |         6.54 |       0.01 |       0.01 |   3522 |     2.0440 |
|        1 |       1500 |           572.00 |           571.89 |       612.00 |         9.05 |       0.01 |       0.01 |   4572 |     2.7253 |
|        1 |       2000 |           572.00 |           571.89 |       642.00 |         5.11 |       0.01 |       0.01 |   5590 |     3.4166 |
|        1 |       2500 |           572.00 |           571.89 |       612.20 |         2.41 |       0.01 |       0.01 |   6612 |     4.1314 |
|        1 |        500 |           570.00 |           570.00 |       625.00 |         3.58 |       0.01 |       0.01 |   7742 |     5.1024 |
|        1 |       1000 |           570.00 |           570.00 |       615.61 |         3.87 |       0.01 |       0.01 |   8529 |     5.8100 |
|        1 |       1500 |           570.00 |           570.00 |       681.61 |         3.95 |       0.01 |       0.01 |   9312 |     6.4852 |
|        1 |       2000 |           570.00 |           570.00 |       634.00 |         1.37 |       0.01 |       0.01 |  10117 |     7.1490 |
|        1 |       2500 |           570.00 |           570.00 |       632.00 |         6.16 |       0.01 |       0.01 |  10880 |     7.7984 |
|        1 |       3000 |           570.00 |           570.00 |       613.00 |         1.63 |       0.01 |       0.01 |  11621 |     8.4743 |
|        1 |       3500 |           570.00 |           570.00 |       632.00 |         3.65 |       0.01 |       0.01 |  12357 |     9.1528 |
|        1 |       4000 |           570.00 |           570.00 |       628.29 |         4.48 |       0.01 |       0.01 |  13116 |     9.8387 |
|        1 |       4500 |           570.00 |           570.00 |       648.17 |         6.29 |       0.01 |       0.01 |  13771 |    10.5429 |
|        1 |       5000 |           570.00 |           570.00 |       606.00 |         7.03 |       0.01 |       0.01 |  14497 |    11.2669 |
Version identifier: 22.1.1.0 | 2022-11-28 | 9160aff4d
CPXPARAM_MIP_Tolerances_UpperCutoff              570.5
Tried aggregator 1 time.
MIP Presolve eliminated 27 rows and 85 columns.
MIP Presolve modified 2 coefficients.
Reduced MIP has 70 rows, 1677 columns, and 20733 nonzeros.
Reduced MIP has 1677 binaries, 0 generals, 0 SOSs, and 0 indicators.
Presolve time = 0.04 sec. (19.17 ticks)
Tried aggregator 1 time.
Detecting symmetries...
Reduced MIP has 70 rows, 1677 columns, and 20733 nonzeros.
Reduced MIP has 1677 binaries, 0 generals, 0 SOSs, and 0 indicators.
Presolve time = 0.02 sec. (12.62 ticks)
Probing time = 0.02 sec. (5.86 ticks)
Clique table members: 827.
MIP emphasis: balance optimality and feasibility.
MIP search method: dynamic search.
Parallel mode: deterministic, using up to 4 threads.
Root relaxation solution time = 0.02 sec. (20.05 ticks)

        Nodes                                         Cuts/
   Node  Left     Objective  IInf  Best Integer    Best Bound    ItCnt     Gap

      0     0      561.6087    43                    561.6087      256         
      0     0      564.3036    57                    Cuts: 83      416         
      0     0      565.5393    56                    Cuts: 38      582         
Detecting symmetries...

Repeating presolve.
Tried aggregator 1 time.
MIP Presolve eliminated 5 rows and 872 columns.
MIP Presolve modified 16 coefficients.
Reduced MIP has 65 rows, 805 columns, and 9600 nonzeros.
Reduced MIP has 805 binaries, 0 generals, 0 SOSs, and 0 indicators.
Presolve time = 0.02 sec. (9.37 ticks)
Probing time = 0.01 sec. (4.03 ticks)
Tried aggregator 1 time.
Detecting symmetries...
MIP Presolve modified 1 coefficients.
Reduced MIP has 65 rows, 805 columns, and 9601 nonzeros.
Reduced MIP has 805 binaries, 0 generals, 0 SOSs, and 0 indicators.
Presolve time = 0.01 sec. (7.04 ticks)
Represolve time = 0.07 sec. (33.49 ticks)
Probing time = 0.01 sec. (4.04 ticks)
Clique table members: 220.
MIP emphasis: balance optimality and feasibility.
MIP search method: dynamic search.
Parallel mode: deterministic, using up to 4 threads.
Root relaxation solution time = 0.02 sec. (22.16 ticks)

        Nodes                                         Cuts/
   Node  Left     Objective  IInf  Best Integer    Best Bound    ItCnt     Gap

      0     0      565.6099    52                    565.6099     1011         
      0     0      566.2055    59                    Cuts: 39     1099         
      0     0      566.6595    63                    Cuts: 37     1241         
      0     0      567.1855    68                    Cuts: 28     1441         
*     0+    0                          569.0000      567.1855             0.32%
      0     0        cutoff            569.0000      569.0000     1441    0.00%
Elapsed time = 0.85 sec. (363.50 ticks, tree = 0.01 MB, solutions = 1)

Clique cuts applied:  22
Zero-half cuts applied:  8

Root node processing (before b&c):
  Real time             =    0.85 sec. (363.59 ticks)
Parallel b&c, 4 threads:
  Real time             =    0.00 sec. (0.00 ticks)
  Sync time (average)   =    0.00 sec.
  Wait time (average)   =    0.00 sec.
                          ------------
Total (root+branch&cut) =    0.85 sec. (363.59 ticks)
termination_status(sp) = OPTIMAL
objective_value(sp) = 568.9999999999998
#1: 0 (0) -> 37 (16) -> 20 (36) -> 60 (53) -> 36 (69) -> 69 (88) -> 21 (108) -> 30 (132) -> 0 (132)
#2: 0 (0) -> 68 (19) -> 2 (41) -> 33 (69) -> 63 (86) -> 16 (106) -> 6 (127) -> 0 (127)
#3: 0 (0) -> 27 (17) -> 57 (37) -> 15 (54) -> 5 (75) -> 29 (96) -> 45 (113) -> 4 (134) -> 0 (134)
#4: 0 (0) -> 26 (17) -> 58 (37) -> 31 (61) -> 25 (78) -> 18 (98) -> 44 (115) -> 17 (135) -> 0 (135)
#5: 0 (0) -> 43 (17) -> 41 (39) -> 42 (56) -> 64 (73) -> 22 (88) -> 28 (109) -> 62 (126) -> 0 (126)
#6: 0 (0) -> 67 (19) -> 34 (35) -> 52 (53) -> 54 (70) -> 19 (90) -> 8 (106) -> 46 (125) -> 0 (125)
#7: 0 (0) -> 7 (16) -> 35 (32) -> 53 (50) -> 11 (81) -> 66 (100) -> 65 (119) -> 38 (135) -> 0 (135)

Cost: 569.0
Executando instancia P70_7_21_4.fcvrp na seed 2
------------------------------------------------------------------------------------------------------------------------------------------------
|  Restart |       Iter |       Best Feas. |             Best |      Current |       CapPen |  MinVisPen |  MaxVisPen |   Pool |    Time(s) |
------------------------------------------------------------------------------------------------------------------------------------------------
|        1 |          0 |              Inf |          1836.00 |      1836.00 |       108.29 |      92.27 |      92.27 |      5 |     0.0012 |
|        1 |        500 |           572.00 |           572.00 |       645.00 |         6.82 |       0.01 |       0.01 |   2347 |     1.3632 |
|        1 |       1000 |           572.00 |           572.00 |       631.00 |         3.33 |       0.01 |       0.01 |   3422 |     2.0318 |
|        1 |        500 |           569.00 |           569.00 |       624.02 |         5.49 |       0.01 |       0.01 |   4673 |     2.8780 |
|        1 |       1000 |           569.00 |           569.00 |       612.67 |         3.16 |       0.01 |       0.01 |   5665 |     3.5803 |
|        1 |       1500 |           569.00 |           569.00 |       594.00 |         3.01 |       0.01 |       0.01 |   6586 |     4.3254 |
|        1 |       2000 |           569.00 |           569.00 |       641.00 |         3.58 |       0.01 |       0.01 |   7456 |     4.9822 |
|        1 |       2500 |           569.00 |           569.00 |       638.00 |         4.34 |       0.01 |       0.01 |   8214 |     5.6292 |
|        1 |       3000 |           569.00 |           569.00 |       652.42 |         3.80 |       0.01 |       0.01 |   9005 |     6.2589 |
|        1 |       3500 |           569.00 |           569.00 |       631.00 |         4.90 |       0.01 |       0.01 |   9821 |     6.9512 |
|        1 |       4000 |           569.00 |           569.00 |       637.00 |         3.07 |       0.01 |       0.01 |  10644 |     7.6686 |
|        1 |       4500 |           569.00 |           569.00 |       622.00 |         2.71 |       0.01 |       0.01 |  11324 |     8.2876 |
|        1 |       5000 |           569.00 |           569.00 |       625.00 |         1.62 |       0.01 |       0.01 |  12132 |     8.9441 |
Version identifier: 22.1.1.0 | 2022-11-28 | 9160aff4d
CPXPARAM_MIP_Tolerances_UpperCutoff              569.5
Tried aggregator 1 time.
MIP Presolve eliminated 28 rows and 54 columns.
MIP Presolve modified 4 coefficients.
Reduced MIP has 69 rows, 1149 columns, and 14158 nonzeros.
Reduced MIP has 1149 binaries, 0 generals, 0 SOSs, and 0 indicators.
Presolve time = 0.02 sec. (13.54 ticks)
Probing time = 0.02 sec. (4.85 ticks)
Tried aggregator 1 time.
Detecting symmetries...
Reduced MIP has 69 rows, 1149 columns, and 14158 nonzeros.
Reduced MIP has 1149 binaries, 0 generals, 0 SOSs, and 0 indicators.
Presolve time = 0.01 sec. (8.38 ticks)
Probing time = 0.01 sec. (4.85 ticks)
Clique table members: 598.
MIP emphasis: balance optimality and feasibility.
MIP search method: dynamic search.
Parallel mode: deterministic, using up to 4 threads.
Root relaxation solution time = 0.02 sec. (15.33 ticks)

        Nodes                                         Cuts/
   Node  Left     Objective  IInf  Best Integer    Best Bound    ItCnt     Gap

      0     0      560.9450    47                    560.9450      279         
      0     0      565.2177    57                    Cuts: 65      490         
      0     0      566.5533    65                    Cuts: 23      610         
Detecting symmetries...

Repeating presolve.
Tried aggregator 1 time.
MIP Presolve eliminated 4 rows and 804 columns.
MIP Presolve modified 23 coefficients.
Reduced MIP has 65 rows, 345 columns, and 4117 nonzeros.
Reduced MIP has 345 binaries, 0 generals, 0 SOSs, and 0 indicators.
Presolve time = 0.01 sec. (7.62 ticks)
Probing fixed 2 vars, tightened 0 bounds.
Probing time = 0.01 sec. (7.22 ticks)
Tried aggregator 1 time.
MIP Presolve eliminated 0 rows and 9 columns.
MIP Presolve modified 1 coefficients.
Reduced MIP has 65 rows, 336 columns, and 3999 nonzeros.
Reduced MIP has 336 binaries, 0 generals, 0 SOSs, and 0 indicators.
Presolve time = 0.01 sec. (3.95 ticks)
Probing time = 0.00 sec. (2.90 ticks)
Tried aggregator 1 time.
Detecting symmetries...
Reduced MIP has 65 rows, 336 columns, and 3999 nonzeros.
Reduced MIP has 336 binaries, 0 generals, 0 SOSs, and 0 indicators.
Presolve time = 0.01 sec. (3.06 ticks)
Represolve time = 0.06 sec. (33.46 ticks)
Probing time = 0.00 sec. (2.90 ticks)
Clique table members: 270.
MIP emphasis: balance optimality and feasibility.
MIP search method: dynamic search.
Parallel mode: deterministic, using up to 4 threads.
Root relaxation solution time = 0.01 sec. (10.21 ticks)

        Nodes                                         Cuts/
   Node  Left     Objective  IInf  Best Integer    Best Bound    ItCnt     Gap

      0     0      567.0359    60                    567.0359      938         
*     0+    0                          568.0000      567.0359             0.17%
      0     0        cutoff            568.0000      568.0000     1089    0.00%
Elapsed time = 0.58 sec. (230.01 ticks, tree = 0.01 MB, solutions = 1)

Clique cuts applied:  31
Zero-half cuts applied:  30
Lift and project cuts applied:  13
Gomory fractional cuts applied:  8

Root node processing (before b&c):
  Real time             =    0.58 sec. (230.10 ticks)
Parallel b&c, 4 threads:
  Real time             =    0.00 sec. (0.00 ticks)
  Sync time (average)   =    0.00 sec.
  Wait time (average)   =    0.00 sec.
                          ------------
Total (root+branch&cut) =    0.58 sec. (230.10 ticks)
termination_status(sp) = OPTIMAL
objective_value(sp) = 567.9999999999999
#1: 0 (0) -> 22 (15) -> 64 (32) -> 42 (49) -> 41 (71) -> 43 (88) -> 63 (105) -> 16 (125) -> 0 (125)
#2: 0 (0) -> 6 (21) -> 33 (49) -> 62 (66) -> 28 (87) -> 2 (109) -> 68 (128) -> 0 (128)
#3: 0 (0) -> 38 (16) -> 65 (35) -> 66 (54) -> 11 (85) -> 53 (103) -> 35 (119) -> 7 (135) -> 0 (135)
#4: 0 (0) -> 27 (17) -> 57 (37) -> 15 (54) -> 5 (75) -> 29 (96) -> 45 (113) -> 4 (134) -> 0 (134)
#5: 0 (0) -> 26 (17) -> 58 (37) -> 31 (61) -> 25 (78) -> 18 (98) -> 44 (115) -> 17 (135) -> 0 (135)
#6: 0 (0) -> 30 (24) -> 21 (44) -> 69 (63) -> 36 (79) -> 60 (96) -> 20 (116) -> 37 (132) -> 0 (132)
#7: 0 (0) -> 67 (19) -> 46 (38) -> 8 (54) -> 19 (74) -> 54 (91) -> 52 (109) -> 34 (125) -> 0 (125)

Cost: 568.0
Executando instancia P70_7_21_4.fcvrp na seed 3
------------------------------------------------------------------------------------------------------------------------------------------------
|  Restart |       Iter |       Best Feas. |             Best |      Current |       CapPen |  MinVisPen |  MaxVisPen |   Pool |    Time(s) |
------------------------------------------------------------------------------------------------------------------------------------------------
|        1 |          0 |           677.00 |           677.00 |       677.00 |        73.23 |      73.23 |      73.23 |      7 |     0.0023 |
|        1 |        500 |           581.00 |           579.72 |       641.00 |         3.70 |       0.01 |       0.01 |   2930 |     1.6336 |
|        1 |        500 |           571.00 |           571.00 |       615.69 |         2.50 |       0.01 |       0.01 |   4269 |     2.4993 |
|        1 |       1000 |           571.00 |           571.00 |       648.76 |         6.30 |       0.01 |       0.01 |   5190 |     3.1541 |
|        1 |       1500 |           571.00 |           571.00 |       590.86 |         5.32 |       0.01 |       0.01 |   6109 |     3.8169 |
|        1 |       2000 |           571.00 |           571.00 |       607.72 |         4.77 |       0.01 |       0.01 |   7074 |     4.4999 |
|        1 |       2500 |           571.00 |           571.00 |       588.87 |         2.05 |       0.01 |       0.01 |   7905 |     5.1667 |
|        1 |       3000 |           571.00 |           571.00 |       603.00 |         1.02 |       0.01 |       0.01 |   8722 |     5.8481 |
|        1 |       3500 |           571.00 |           571.00 |       616.69 |         3.11 |       0.01 |       0.01 |   9469 |     6.4976 |
|        1 |       4000 |           571.00 |           571.00 |       604.00 |         3.78 |       0.01 |       0.01 |  10307 |     7.1536 |
|        1 |       4500 |           571.00 |           571.00 |       620.29 |         4.69 |       0.01 |       0.01 |  11012 |     7.8198 |
|        1 |       5000 |           571.00 |           571.00 |       596.64 |         5.27 |       0.01 |       0.01 |  11793 |     8.6111 |
Version identifier: 22.1.1.0 | 2022-11-28 | 9160aff4d
CPXPARAM_MIP_Tolerances_UpperCutoff              571.5
Tried aggregator 1 time.
MIP Presolve eliminated 26 rows and 100 columns.
MIP Presolve modified 1 coefficients.
Reduced MIP has 71 rows, 1577 columns, and 19701 nonzeros.
Reduced MIP has 1577 binaries, 0 generals, 0 SOSs, and 0 indicators.
Presolve time = 0.03 sec. (17.92 ticks)
Tried aggregator 1 time.
Detecting symmetries...
Reduced MIP has 71 rows, 1577 columns, and 19701 nonzeros.
Reduced MIP has 1577 binaries, 0 generals, 0 SOSs, and 0 indicators.
Presolve time = 0.03 sec. (11.59 ticks)
Probing time = 0.02 sec. (5.62 ticks)
Clique table members: 183.
MIP emphasis: balance optimality and feasibility.
MIP search method: dynamic search.
Parallel mode: deterministic, using up to 4 threads.
Root relaxation solution time = 0.02 sec. (19.43 ticks)

        Nodes                                         Cuts/
   Node  Left     Objective  IInf  Best Integer    Best Bound    ItCnt     Gap

      0     0      560.7602    39                    560.7602      262         
      0     0      564.0067    60                    Cuts: 79      463         
      0     0      565.0125    70                    Cuts: 47      560         
Detecting symmetries...

Repeating presolve.
Tried aggregator 1 time.
MIP Presolve eliminated 6 rows and 521 columns.
MIP Presolve modified 4 coefficients.
Reduced MIP has 65 rows, 1056 columns, and 12475 nonzeros.
Reduced MIP has 1056 binaries, 0 generals, 0 SOSs, and 0 indicators.
Presolve time = 0.02 sec. (10.37 ticks)
Probing fixed 2 vars, tightened 0 bounds.
Probing time = 0.04 sec. (12.20 ticks)
Tried aggregator 1 time.
Detecting symmetries...
MIP Presolve eliminated 0 rows and 2 columns.
Reduced MIP has 65 rows, 1054 columns, and 12447 nonzeros.
Reduced MIP has 1054 binaries, 0 generals, 0 SOSs, and 0 indicators.
Presolve time = 0.01 sec. (7.37 ticks)
Represolve time = 0.14 sec. (47.52 ticks)
Probing time = 0.04 sec. (4.61 ticks)
Clique table members: 223.
MIP emphasis: balance optimality and feasibility.
MIP search method: dynamic search.
Parallel mode: deterministic, using up to 4 threads.
Root relaxation solution time = 0.03 sec. (22.59 ticks)

        Nodes                                         Cuts/
   Node  Left     Objective  IInf  Best Integer    Best Bound    ItCnt     Gap

      0     0      565.0125    70                    565.0125      891         
*     0+    0                          570.0000      565.0125             0.87%
      0     0      566.1358    66      570.0000      Cuts: 51     1094    0.68%
      0     0      566.6208    76      570.0000      Cuts: 50     1194    0.59%
      0     0      566.8262    75      570.0000      Cuts: 32     1247    0.56%
      0     0      566.9659    78      570.0000      Cuts: 22     1329    0.53%
      0     0      567.0755    83      570.0000      Cuts: 18     1400    0.51%
*     0+    0                          569.0000      567.0755             0.34%
      0     0        cutoff            569.0000      569.0000     1493    0.00%
Elapsed time = 1.44 sec. (465.00 ticks, tree = 0.01 MB, solutions = 2)

Clique cuts applied:  38
Zero-half cuts applied:  18

Root node processing (before b&c):
  Real time             =    1.44 sec. (465.13 ticks)
Parallel b&c, 4 threads:
  Real time             =    0.00 sec. (0.00 ticks)
  Sync time (average)   =    0.00 sec.
  Wait time (average)   =    0.00 sec.
                          ------------
Total (root+branch&cut) =    1.44 sec. (465.13 ticks)
termination_status(sp) = OPTIMAL
objective_value(sp) = 569.0
#1: 0 (0) -> 16 (20) -> 63 (37) -> 43 (54) -> 41 (76) -> 42 (93) -> 64 (110) -> 22 (125) -> 0 (125)
#2: 0 (0) -> 6 (21) -> 33 (49) -> 62 (66) -> 28 (87) -> 2 (109) -> 68 (128) -> 0 (128)
#3: 0 (0) -> 38 (16) -> 65 (35) -> 66 (54) -> 11 (85) -> 53 (103) -> 35 (119) -> 7 (135) -> 0 (135)
#4: 0 (0) -> 17 (20) -> 44 (37) -> 18 (57) -> 25 (74) -> 31 (98) -> 58 (118) -> 26 (135) -> 0 (135)
#5: 0 (0) -> 30 (24) -> 21 (44) -> 69 (63) -> 36 (79) -> 60 (96) -> 20 (116) -> 37 (132) -> 0 (132)
#6: 0 (0) -> 67 (19) -> 46 (38) -> 8 (54) -> 19 (74) -> 54 (91) -> 52 (109) -> 34 (125) -> 0 (125)
#7: 0 (0) -> 4 (21) -> 27 (38) -> 57 (58) -> 15 (75) -> 5 (96) -> 29 (117) -> 45 (134) -> 0 (134)

Cost: 569.0
Executando instancia P70_7_21_4.fcvrp na seed 4
------------------------------------------------------------------------------------------------------------------------------------------------
|  Restart |       Iter |       Best Feas. |             Best |      Current |       CapPen |  MinVisPen |  MaxVisPen |   Pool |    Time(s) |
------------------------------------------------------------------------------------------------------------------------------------------------
|        1 |          0 |           715.00 |           715.00 |       715.00 |        85.12 |      80.16 |      80.16 |      7 |     0.0027 |
|        1 |        500 |           585.00 |           582.33 |       618.81 |         5.26 |       0.01 |       0.01 |   2619 |     1.5143 |
|        1 |        500 |           582.00 |           581.49 |       627.00 |         4.14 |       0.01 |       0.01 |   4531 |     2.8182 |
|        1 |        500 |           575.00 |           572.98 |       623.44 |        11.42 |       0.01 |       0.01 |   5806 |     3.8688 |
|        1 |       1000 |           575.00 |           572.98 |       632.93 |         5.40 |       0.01 |       0.01 |   6623 |     4.6100 |
|        1 |       1500 |           575.00 |           572.98 |       617.00 |         3.41 |       0.01 |       0.01 |   7452 |     5.3598 |
|        1 |       2000 |           575.00 |           572.98 |       605.84 |         6.38 |       0.01 |       0.01 |   8238 |     6.0812 |
|        1 |       2500 |           575.00 |           572.98 |       641.00 |         7.53 |       0.01 |       0.01 |   9077 |     6.7933 |
|        1 |        500 |           572.00 |           572.00 |       613.00 |         2.65 |       0.01 |       0.01 |   9837 |     7.5495 |
|        1 |       1000 |           572.00 |           572.00 |       615.00 |         5.39 |       0.01 |       0.01 |  10555 |     8.2158 |
|        1 |       1500 |           572.00 |           572.00 |       605.80 |         5.91 |       0.01 |       0.01 |  11270 |     8.8841 |
|        1 |       2000 |           572.00 |           572.00 |       616.26 |         7.18 |       0.01 |       0.01 |  11956 |     9.5451 |
|        1 |       2500 |           572.00 |           572.00 |       614.87 |         3.14 |       0.01 |       0.01 |  12691 |    10.2106 |
|        1 |       3000 |           572.00 |           572.00 |       611.12 |         3.41 |       0.01 |       0.01 |  13321 |    10.8611 |
|        1 |       3500 |           572.00 |           572.00 |       648.11 |         3.89 |       0.01 |       0.01 |  14005 |    11.5132 |
|        1 |       4000 |           572.00 |           572.00 |       628.00 |         2.42 |       0.01 |       0.01 |  14752 |    12.1784 |
|        1 |       4500 |           572.00 |           572.00 |       607.00 |         3.95 |       0.01 |       0.01 |  15485 |    12.9125 |
|        1 |       5000 |           572.00 |           572.00 |       607.00 |         1.82 |       0.01 |       0.01 |  16185 |    13.6077 |
Version identifier: 22.1.1.0 | 2022-11-28 | 9160aff4d
CPXPARAM_MIP_Tolerances_UpperCutoff              572.5
Tried aggregator 1 time.
MIP Presolve eliminated 26 rows and 105 columns.
MIP Presolve modified 1 coefficients.
Reduced MIP has 71 rows, 2037 columns, and 25395 nonzeros.
Reduced MIP has 2037 binaries, 0 generals, 0 SOSs, and 0 indicators.
Presolve time = 0.04 sec. (23.95 ticks)
Tried aggregator 1 time.
Detecting symmetries...
Reduced MIP has 71 rows, 2037 columns, and 25395 nonzeros.
Reduced MIP has 2037 binaries, 0 generals, 0 SOSs, and 0 indicators.
Presolve time = 0.03 sec. (15.54 ticks)
Probing time = 0.02 sec. (6.43 ticks)
Clique table members: 932.
MIP emphasis: balance optimality and feasibility.
MIP search method: dynamic search.
Parallel mode: deterministic, using up to 4 threads.
Root relaxation solution time = 0.03 sec. (25.49 ticks)

        Nodes                                         Cuts/
   Node  Left     Objective  IInf  Best Integer    Best Bound    ItCnt     Gap

      0     0      560.6154    46                    560.6154      277         
      0     0      564.2016    59                    Cuts: 77      497         
      0     0      565.9385    63                    Cuts: 40      724         
Detecting symmetries...

Repeating presolve.
Tried aggregator 1 time.
MIP Presolve eliminated 5 rows and 710 columns.
Reduced MIP has 66 rows, 1327 columns, and 16009 nonzeros.
Reduced MIP has 1327 binaries, 0 generals, 0 SOSs, and 0 indicators.
Presolve time = 0.02 sec. (10.27 ticks)
Probing time = 0.02 sec. (5.14 ticks)
Tried aggregator 1 time.
Detecting symmetries...
Reduced MIP has 66 rows, 1327 columns, and 16009 nonzeros.
Reduced MIP has 1327 binaries, 0 generals, 0 SOSs, and 0 indicators.
Presolve time = 0.02 sec. (9.22 ticks)
Represolve time = 0.11 sec. (42.94 ticks)
Probing time = 0.02 sec. (5.14 ticks)
Clique table members: 227.
MIP emphasis: balance optimality and feasibility.
MIP search method: dynamic search.
Parallel mode: deterministic, using up to 4 threads.
Root relaxation solution time = 0.05 sec. (47.60 ticks)

        Nodes                                         Cuts/
   Node  Left     Objective  IInf  Best Integer    Best Bound    ItCnt     Gap

      0     0      565.9385    63                    565.9385     1273         
*     0+    0                          570.0000      565.9385             0.71%
      0     0      566.9492    80      570.0000      Cuts: 51     1446    0.54%
      0     0      567.4447    76      570.0000      Cuts: 49     1601    0.45%
      0     0      567.5718    75      570.0000      Cuts: 23     1707    0.43%
      0     0      567.6806    79      570.0000      Cuts: 31     1815    0.41%
      0     0      567.7568    79      570.0000      Cuts: 19     1892    0.39%
      0     0        cutoff            570.0000      570.0000     1994    0.00%
Elapsed time = 1.50 sec. (584.67 ticks, tree = 0.01 MB, solutions = 1)

Clique cuts applied:  38
Zero-half cuts applied:  23

Root node processing (before b&c):
  Real time             =    1.50 sec. (584.82 ticks)
Parallel b&c, 4 threads:
  Real time             =    0.00 sec. (0.00 ticks)
  Sync time (average)   =    0.00 sec.
  Wait time (average)   =    0.00 sec.
                          ------------
Total (root+branch&cut) =    1.50 sec. (584.82 ticks)
termination_status(sp) = OPTIMAL
objective_value(sp) = 570.0
#1: 0 (0) -> 67 (19) -> 34 (35) -> 8 (51) -> 19 (71) -> 54 (88) -> 52 (106) -> 4 (127) -> 0 (127)
#2: 0 (0) -> 7 (16) -> 35 (32) -> 11 (63) -> 66 (82) -> 65 (101) -> 38 (117) -> 26 (134) -> 0 (134)
#3: 0 (0) -> 44 (17) -> 50 (36) -> 18 (56) -> 25 (73) -> 31 (97) -> 58 (117) -> 12 (134) -> 0 (134)
#4: 0 (0) -> 62 (17) -> 28 (38) -> 61 (55) -> 69 (74) -> 36 (90) -> 21 (110) -> 30 (134) -> 0 (134)
#5: 0 (0) -> 17 (20) -> 51 (38) -> 16 (58) -> 63 (75) -> 33 (103) -> 6 (124) -> 0 (124)
#6: 0 (0) -> 68 (19) -> 22 (34) -> 64 (51) -> 42 (68) -> 41 (90) -> 43 (107) -> 1 (129) -> 0 (129)
#7: 0 (0) -> 45 (17) -> 29 (38) -> 5 (59) -> 37 (75) -> 20 (95) -> 57 (115) -> 27 (132) -> 0 (132)

Cost: 570.0
Executando instancia P70_7_21_4.fcvrp na seed 5
------------------------------------------------------------------------------------------------------------------------------------------------
|  Restart |       Iter |       Best Feas. |             Best |      Current |       CapPen |  MinVisPen |  MaxVisPen |   Pool |    Time(s) |
------------------------------------------------------------------------------------------------------------------------------------------------
|        1 |          0 |           623.00 |           623.00 |       623.00 |        68.24 |      65.57 |      65.57 |      7 |     0.0033 |
|        1 |        500 |           575.00 |           575.00 |       639.00 |         3.21 |       0.01 |       0.01 |   2666 |     1.4897 |
|        1 |       1000 |           575.00 |           575.00 |       605.00 |         3.27 |       0.01 |       0.01 |   3867 |     2.1955 |
|        1 |       1500 |           575.00 |           575.00 |       626.71 |         4.76 |       0.01 |       0.01 |   4828 |     2.8717 |
|        1 |       2000 |           575.00 |           575.00 |       615.32 |         5.09 |       0.01 |       0.01 |   5820 |     3.5747 |
|        1 |       2500 |           575.00 |           575.00 |       655.00 |         2.40 |       0.01 |       0.01 |   6695 |     4.2707 |
|        1 |       3000 |           575.00 |           575.00 |       662.00 |         2.25 |       0.01 |       0.01 |   7674 |     5.0154 |
|        1 |       3500 |           575.00 |           575.00 |       608.00 |         6.56 |       0.01 |       0.01 |   8520 |     5.7398 |
|        1 |       4000 |           575.00 |           575.00 |       610.00 |         1.68 |       0.01 |       0.01 |   9283 |     6.4498 |
|        1 |       4500 |           575.00 |           575.00 |       615.00 |         3.00 |       0.01 |       0.01 |  10123 |     7.1701 |
|        1 |       5000 |           575.00 |           575.00 |       618.96 |         5.43 |       0.01 |       0.01 |  10911 |     7.8849 |
Version identifier: 22.1.1.0 | 2022-11-28 | 9160aff4d
CPXPARAM_MIP_Tolerances_UpperCutoff              575.5
Tried aggregator 1 time.
MIP Presolve eliminated 26 rows and 84 columns.
MIP Presolve modified 2 coefficients.
Reduced MIP has 71 rows, 1916 columns, and 23905 nonzeros.
Reduced MIP has 1916 binaries, 0 generals, 0 SOSs, and 0 indicators.
Presolve time = 0.05 sec. (22.62 ticks)
Tried aggregator 1 time.
Detecting symmetries...
Reduced MIP has 71 rows, 1916 columns, and 23905 nonzeros.
Reduced MIP has 1916 binaries, 0 generals, 0 SOSs, and 0 indicators.
Presolve time = 0.03 sec. (14.61 ticks)
Probing time = 0.02 sec. (6.33 ticks)
Clique table members: 856.
MIP emphasis: balance optimality and feasibility.
MIP search method: dynamic search.
Parallel mode: deterministic, using up to 4 threads.
Root relaxation solution time = 0.03 sec. (27.21 ticks)

        Nodes                                         Cuts/
   Node  Left     Objective  IInf  Best Integer    Best Bound    ItCnt     Gap

      0     0      560.8625    44                    560.8625      282         
*     0+    0                          570.0000      560.8625             1.60%
      0     0      564.3744    59      570.0000      Cuts: 72      447    0.99%
      0     0      565.7591    70      570.0000      Cuts: 38      692    0.74%
Detecting symmetries...

Repeating presolve.
Tried aggregator 1 time.
MIP Presolve eliminated 5 rows and 1252 columns.
MIP Presolve modified 15 coefficients.
Reduced MIP has 66 rows, 664 columns, and 7973 nonzeros.
Reduced MIP has 664 binaries, 0 generals, 0 SOSs, and 0 indicators.
Presolve time = 0.01 sec. (8.63 ticks)
Probing time = 0.01 sec. (3.69 ticks)
Tried aggregator 1 time.
Detecting symmetries...
Reduced MIP has 66 rows, 664 columns, and 7973 nonzeros.
Reduced MIP has 664 binaries, 0 generals, 0 SOSs, and 0 indicators.
Presolve time = 0.01 sec. (6.12 ticks)
Represolve time = 0.06 sec. (28.77 ticks)
Probing time = 0.01 sec. (3.69 ticks)
Clique table members: 189.
MIP emphasis: balance optimality and feasibility.
MIP search method: dynamic search.
Parallel mode: deterministic, using up to 4 threads.
Root relaxation solution time = 0.03 sec. (23.26 ticks)

        Nodes                                         Cuts/
   Node  Left     Objective  IInf  Best Integer    Best Bound    ItCnt     Gap

*     0+    0                          570.0000      565.7591             0.74%
      0     0      566.1964    60      570.0000      566.1964     1174    0.67%
      0     0      566.8937    58      570.0000      Cuts: 51     1346    0.54%
      0     0      567.3673    74      570.0000      Cuts: 41     1456    0.46%
      0     0        cutoff            570.0000      570.0000     1456    0.00%
Elapsed time = 1.19 sec. (452.87 ticks, tree = 0.01 MB, solutions = 1)

Clique cuts applied:  29
Zero-half cuts applied:  4

Root node processing (before b&c):
  Real time             =    1.19 sec. (452.96 ticks)
Parallel b&c, 4 threads:
  Real time             =    0.00 sec. (0.00 ticks)
  Sync time (average)   =    0.00 sec.
  Wait time (average)   =    0.00 sec.
                          ------------
Total (root+branch&cut) =    1.19 sec. (452.96 ticks)
termination_status(sp) = OPTIMAL
objective_value(sp) = 570.0
#1: 0 (0) -> 34 (16) -> 52 (34) -> 54 (51) -> 19 (71) -> 8 (87) -> 46 (106) -> 67 (125) -> 0 (125)
#2: 0 (0) -> 63 (17) -> 43 (34) -> 42 (51) -> 64 (68) -> 22 (83) -> 2 (105) -> 68 (124) -> 0 (124)
#3: 0 (0) -> 7 (16) -> 35 (32) -> 53 (50) -> 11 (81) -> 66 (100) -> 65 (119) -> 38 (135) -> 0 (135)
#4: 0 (0) -> 30 (24) -> 21 (44) -> 36 (60) -> 69 (79) -> 61 (96) -> 28 (117) -> 62 (134) -> 0 (134)
#5: 0 (0) -> 27 (17) -> 57 (37) -> 20 (57) -> 37 (73) -> 29 (94) -> 45 (111) -> 4 (132) -> 0 (132)
#6: 0 (0) -> 26 (17) -> 12 (34) -> 40 (56) -> 44 (73) -> 3 (94) -> 16 (114) -> 6 (135) -> 0 (135)
#7: 0 (0) -> 17 (20) -> 32 (48) -> 18 (68) -> 25 (85) -> 31 (109) -> 58 (129) -> 0 (129)

Cost: 570.0
