Executando com parâmetros:
  path       = instances/homogeneous_fleet/70_100/P70_9_7_4.fcvrp
  seed       = 1
  restarts   = 1
  iterMax    = 5000
  randShift  = 1
  randSwap   = 1
Executando instancia P70_9_7_4.fcvrp na seed 1
------------------------------------------------------------------------------------------------------------------------------------------------
|  Restart |       Iter |       Best Feas. |             Best |      Current |       CapPen |  MinVisPen |  MaxVisPen |   Pool |    Time(s) |
------------------------------------------------------------------------------------------------------------------------------------------------
|        1 |          0 |           723.00 |           723.00 |       723.00 |        77.00 |      77.00 |      77.00 |      9 |     0.5881 |
|        1 |        500 |           667.00 |           663.92 |       701.00 |         2.65 |       0.01 |       0.01 |   2352 |     3.3258 |
|        1 |       1000 |           667.00 |           663.92 |       711.00 |         3.11 |       0.01 |       0.01 |   3403 |     5.1254 |
|        1 |       1500 |           667.00 |           663.92 |       698.94 |         6.49 |       0.01 |       0.01 |   4281 |     6.9352 |
|        1 |       2000 |           667.00 |           663.92 |       717.17 |         3.47 |       0.01 |       0.01 |   5059 |     8.6650 |
|        1 |        500 |           666.00 |           663.92 |       716.67 |         1.36 |       0.01 |       0.01 |   6090 |    10.9602 |
|        1 |       1000 |           666.00 |           663.92 |       731.00 |         3.55 |       0.01 |       0.01 |   6850 |    12.7873 |
|        1 |       1500 |           666.00 |           663.92 |       691.26 |         3.63 |       0.01 |       0.01 |   7474 |    14.5274 |
|        1 |       2000 |           666.00 |           663.92 |       703.00 |         1.97 |       0.01 |       0.01 |   8224 |    16.3755 |
|        1 |       2500 |           666.00 |           663.92 |       709.00 |         2.93 |       0.01 |       0.01 |   8840 |    18.3090 |
|        1 |       3000 |           666.00 |           663.92 |       694.57 |         3.05 |       0.01 |       0.01 |   9410 |    20.1542 |
|        1 |       3500 |           666.00 |           663.92 |       686.00 |         1.43 |       0.01 |       0.01 |  10040 |    21.9888 |
|        1 |       4000 |           666.00 |           663.92 |       721.02 |         2.93 |       0.01 |       0.01 |  10597 |    23.7704 |
|        1 |       4500 |           666.00 |           663.92 |       700.13 |         2.33 |       0.01 |       0.01 |  11215 |    25.6320 |
|        1 |       5000 |           666.00 |           663.92 |       719.40 |         3.50 |       0.01 |       0.01 |  11727 |    27.3763 |
Version identifier: 22.1.1.0 | 2022-11-28 | 9160aff4d
CPXPARAM_MIP_Tolerances_UpperCutoff              666.5
Tried aggregator 1 time.
MIP Presolve eliminated 1 rows and 126 columns.
MIP Presolve modified 10 coefficients.
Reduced MIP has 84 rows, 1906 columns, and 22343 nonzeros.
Reduced MIP has 1906 binaries, 0 generals, 0 SOSs, and 0 indicators.
Presolve time = 0.04 sec. (20.72 ticks)
Tried aggregator 1 time.
Detecting symmetries...
Reduced MIP has 84 rows, 1906 columns, and 22343 nonzeros.
Reduced MIP has 1906 binaries, 0 generals, 0 SOSs, and 0 indicators.
Presolve time = 0.03 sec. (14.14 ticks)
Probing time = 0.01 sec. (5.19 ticks)
Clique table members: 598.
MIP emphasis: balance optimality and feasibility.
MIP search method: dynamic search.
Parallel mode: deterministic, using up to 4 threads.
Root relaxation solution time = 0.04 sec. (34.76 ticks)

        Nodes                                         Cuts/
   Node  Left     Objective  IInf  Best Integer    Best Bound    ItCnt     Gap

      0     0      661.7291    51                    661.7291      417         
*     0+    0                          664.0000      661.7291             0.34%
      0     0        cutoff            664.0000      664.0000      480    0.00%
Elapsed time = 0.34 sec. (142.97 ticks, tree = 0.01 MB, solutions = 1)

Clique cuts applied:  19
Zero-half cuts applied:  25
Gomory fractional cuts applied:  37

Root node processing (before b&c):
  Real time             =    0.34 sec. (143.24 ticks)
Parallel b&c, 4 threads:
  Real time             =    0.00 sec. (0.00 ticks)
  Sync time (average)   =    0.00 sec.
  Wait time (average)   =    0.00 sec.
                          ------------
Total (root+branch&cut) =    0.34 sec. (143.24 ticks)
termination_status(sp) = OPTIMAL
objective_value(sp) = 664.0
#1: 0 (0) -> 53 (19) -> 14 (41) -> 19 (59) -> 54 (78) -> 13 (100) -> 52 (119) -> 0 (119)
#2: 0 (0) -> 44 (17) -> 50 (36) -> 18 (54) -> 24 (72) -> 49 (91) -> 16 (113) -> 51 (132) -> 0 (132)
#3: 0 (0) -> 11 (22) -> 66 (41) -> 65 (60) -> 38 (79) -> 10 (101) -> 58 (120) -> 0 (120)
#4: 0 (0) -> 30 (22) -> 21 (40) -> 61 (59) -> 22 (77) -> 62 (96) -> 2 (116) -> 68 (135) -> 0 (135)
#5: 0 (0) -> 26 (22) -> 12 (44) -> 39 (63) -> 9 (85) -> 40 (104) -> 17 (126) -> 0 (126)
#6: 0 (0) -> 7 (20) -> 35 (39) -> 8 (61) -> 46 (80) -> 34 (102) -> 67 (121) -> 0 (121)
#7: 0 (0) -> 4 (20) -> 45 (37) -> 29 (59) -> 15 (81) -> 57 (100) -> 27 (122) -> 0 (122)
#8: 0 (0) -> 48 (19) -> 47 (38) -> 36 (57) -> 69 (76) -> 60 (95) -> 20 (113) -> 37 (132) -> 0 (132)
#9: 0 (0) -> 6 (20) -> 33 (42) -> 1 (62) -> 43 (79) -> 56 (98) -> 23 (116) -> 63 (135) -> 0 (135)

Cost: 664.0
Executando instancia P70_9_7_4.fcvrp na seed 2
------------------------------------------------------------------------------------------------------------------------------------------------
|  Restart |       Iter |       Best Feas. |             Best |      Current |       CapPen |  MinVisPen |  MaxVisPen |   Pool |    Time(s) |
------------------------------------------------------------------------------------------------------------------------------------------------
|        1 |          0 |              Inf |           938.01 |       938.01 |       108.29 |      92.27 |      92.27 |      8 |     0.0027 |
|        1 |        500 |           681.00 |           681.00 |       728.00 |         5.44 |       0.01 |       0.01 |   2027 |     2.5962 |
|        1 |       1000 |           681.00 |           681.00 |       716.68 |         6.22 |       0.01 |       0.01 |   3077 |     4.4614 |
|        1 |        500 |           673.00 |           672.54 |       688.00 |         1.69 |       0.01 |       0.01 |   5989 |    11.3284 |
|        1 |       1000 |           673.00 |           672.54 |       704.79 |         4.14 |       0.01 |       0.01 |   6624 |    13.1625 |
|        1 |        500 |           669.00 |           669.00 |       687.53 |         2.45 |       0.01 |       0.01 |   7864 |    17.0320 |
|        1 |       1000 |           669.00 |           667.49 |       696.08 |         4.21 |       0.01 |       0.01 |   8479 |    18.9599 |
|        1 |       1500 |           669.00 |           667.49 |       734.78 |         6.92 |       0.01 |       0.01 |   9107 |    20.7683 |
|        1 |       2000 |           669.00 |           667.49 |       708.26 |         6.85 |       0.01 |       0.01 |   9658 |    22.6819 |
|        1 |       2500 |           669.00 |           667.49 |       693.00 |         4.01 |       0.01 |       0.01 |  10320 |    24.7845 |
|        1 |       3000 |           669.00 |           667.49 |       741.00 |         3.22 |       0.01 |       0.01 |  10858 |    27.0388 |
|        1 |       3500 |           669.00 |           667.49 |       711.00 |         2.52 |       0.01 |       0.01 |  11430 |    28.9913 |
|        1 |       4000 |           669.00 |           667.49 |       703.08 |         3.37 |       0.01 |       0.01 |  11945 |    31.1216 |
|        1 |       4500 |           669.00 |           667.49 |       713.00 |         3.65 |       0.01 |       0.01 |  12447 |    33.0491 |
|        1 |       5000 |           669.00 |           667.49 |       727.00 |         4.83 |       0.01 |       0.01 |  12959 |    35.0227 |
Version identifier: 22.1.1.0 | 2022-11-28 | 9160aff4d
CPXPARAM_MIP_Tolerances_UpperCutoff              669.5
Tried aggregator 1 time.
MIP Presolve eliminated 1 rows and 185 columns.
MIP Presolve modified 2 coefficients.
Reduced MIP has 84 rows, 2854 columns, and 32876 nonzeros.
Reduced MIP has 2854 binaries, 0 generals, 0 SOSs, and 0 indicators.
Presolve time = 0.06 sec. (27.81 ticks)
Tried aggregator 1 time.
Detecting symmetries...
Reduced MIP has 84 rows, 2854 columns, and 32876 nonzeros.
Reduced MIP has 2854 binaries, 0 generals, 0 SOSs, and 0 indicators.
Presolve time = 0.04 sec. (20.46 ticks)
Probing time = 0.02 sec. (6.49 ticks)
Clique table members: 903.
MIP emphasis: balance optimality and feasibility.
MIP search method: dynamic search.
Parallel mode: deterministic, using up to 4 threads.
Root relaxation solution time = 0.05 sec. (38.56 ticks)

        Nodes                                         Cuts/
   Node  Left     Objective  IInf  Best Integer    Best Bound    ItCnt     Gap

      0     0      661.2767    47                    661.2767      343         
      0     0      663.1070    32                    Cuts: 60      458         
      0     0      663.5616    50                    Cuts: 17      518         
*     0+    0                          664.0000      663.5616             0.07%
      0     0        cutoff            664.0000      663.5616      518    0.07%
Elapsed time = 0.75 sec. (251.35 ticks, tree = 0.01 MB, solutions = 1)

Clique cuts applied:  12
Zero-half cuts applied:  7

Root node processing (before b&c):
  Real time             =    0.75 sec. (251.57 ticks)
Parallel b&c, 4 threads:
  Real time             =    0.00 sec. (0.00 ticks)
  Sync time (average)   =    0.00 sec.
  Wait time (average)   =    0.00 sec.
                          ------------
Total (root+branch&cut) =    0.75 sec. (251.57 ticks)
termination_status(sp) = OPTIMAL
objective_value(sp) = 664.0
#1: 0 (0) -> 53 (19) -> 14 (41) -> 19 (59) -> 54 (78) -> 13 (100) -> 52 (119) -> 0 (119)
#2: 0 (0) -> 11 (22) -> 66 (41) -> 65 (60) -> 38 (79) -> 10 (101) -> 58 (120) -> 0 (120)
#3: 0 (0) -> 34 (22) -> 46 (41) -> 8 (63) -> 35 (82) -> 7 (102) -> 67 (121) -> 0 (121)
#4: 0 (0) -> 63 (19) -> 23 (37) -> 56 (56) -> 43 (73) -> 1 (93) -> 33 (115) -> 6 (135) -> 0 (135)
#5: 0 (0) -> 4 (20) -> 45 (37) -> 29 (59) -> 15 (81) -> 57 (100) -> 27 (122) -> 0 (122)
#6: 0 (0) -> 68 (19) -> 2 (39) -> 62 (58) -> 22 (76) -> 61 (95) -> 21 (113) -> 30 (135) -> 0 (135)
#7: 0 (0) -> 17 (22) -> 40 (41) -> 9 (63) -> 39 (82) -> 12 (104) -> 26 (126) -> 0 (126)
#8: 0 (0) -> 48 (19) -> 47 (38) -> 36 (57) -> 69 (76) -> 60 (95) -> 20 (113) -> 37 (132) -> 0 (132)
#9: 0 (0) -> 51 (19) -> 16 (41) -> 49 (60) -> 24 (78) -> 18 (96) -> 50 (115) -> 44 (132) -> 0 (132)

Cost: 664.0
Executando instancia P70_9_7_4.fcvrp na seed 3
------------------------------------------------------------------------------------------------------------------------------------------------
|  Restart |       Iter |       Best Feas. |             Best |      Current |       CapPen |  MinVisPen |  MaxVisPen |   Pool |    Time(s) |
------------------------------------------------------------------------------------------------------------------------------------------------
|        1 |          0 |           725.00 |           725.00 |       725.00 |        59.27 |      54.72 |      54.72 |      9 |     0.0087 |
|        1 |        500 |           681.00 |           681.00 |       709.00 |         4.30 |       0.01 |       0.01 |   1998 |     2.4766 |
|        1 |        500 |           671.00 |           671.00 |       715.00 |         5.00 |       0.01 |       0.01 |   3547 |     4.9233 |
|        1 |       1000 |           671.00 |           671.00 |       737.00 |         1.58 |       0.01 |       0.01 |   4547 |     6.7970 |
|        1 |       1500 |           671.00 |           671.00 |       706.95 |         2.02 |       0.01 |       0.01 |   5358 |     8.7137 |
|        1 |        500 |           670.00 |           670.00 |       713.00 |         5.90 |       0.01 |       0.01 |   6312 |    10.9839 |
|        1 |       1000 |           670.00 |           670.00 |       728.00 |         6.23 |       0.01 |       0.01 |   6988 |    12.7244 |
|        1 |       1500 |           670.00 |           670.00 |       694.00 |         5.91 |       0.01 |       0.01 |   7713 |    14.5886 |
|        1 |       2000 |           670.00 |           670.00 |       723.82 |         3.95 |       0.01 |       0.01 |   8406 |    16.3472 |
|        1 |       2500 |           670.00 |           670.00 |       726.40 |         6.24 |       0.01 |       0.01 |   9097 |    18.1015 |
|        1 |       3000 |           670.00 |           669.73 |       705.00 |         3.91 |       0.01 |       0.01 |   9737 |    19.8605 |
|        1 |       3500 |           670.00 |           669.73 |       744.00 |         4.20 |       0.01 |       0.01 |  10431 |    21.6828 |
|        1 |       4000 |           670.00 |           669.73 |       696.00 |         2.56 |       0.01 |       0.01 |  10981 |    23.4368 |
|        1 |       4500 |           670.00 |           669.73 |       728.23 |         7.91 |       0.01 |       0.01 |  11541 |    25.2691 |
|        1 |       5000 |           670.00 |           669.73 |       692.56 |         2.72 |       0.01 |       0.01 |  12063 |    27.0663 |
Version identifier: 22.1.1.0 | 2022-11-28 | 9160aff4d
CPXPARAM_MIP_Tolerances_UpperCutoff              670.5
Tried aggregator 1 time.
MIP Presolve eliminated 1 rows and 144 columns.
MIP Presolve modified 2 coefficients.
Reduced MIP has 84 rows, 2584 columns, and 29796 nonzeros.
Reduced MIP has 2584 binaries, 0 generals, 0 SOSs, and 0 indicators.
Presolve time = 0.06 sec. (25.41 ticks)
Tried aggregator 1 time.
Detecting symmetries...
Reduced MIP has 84 rows, 2584 columns, and 29796 nonzeros.
Reduced MIP has 2584 binaries, 0 generals, 0 SOSs, and 0 indicators.
Presolve time = 0.04 sec. (18.41 ticks)
Probing time = 0.02 sec. (6.04 ticks)
Clique table members: 823.
MIP emphasis: balance optimality and feasibility.
MIP search method: dynamic search.
Parallel mode: deterministic, using up to 4 threads.
Root relaxation solution time = 0.04 sec. (33.77 ticks)

        Nodes                                         Cuts/
   Node  Left     Objective  IInf  Best Integer    Best Bound    ItCnt     Gap

      0     0      661.4079    49                    661.4079      322         
      0     0      663.8497    58                    Cuts: 53      528         
      0     0      664.7939    73                    Cuts: 33      684         
*     0+    0                          667.0000      664.7939             0.33%
*     0+    0                          665.0000      664.7939             0.03%
      0     0        cutoff            665.0000      664.7939      684    0.03%
Elapsed time = 0.94 sec. (268.65 ticks, tree = 0.01 MB, solutions = 2)

Clique cuts applied:  17
Zero-half cuts applied:  8

Root node processing (before b&c):
  Real time             =    0.94 sec. (268.88 ticks)
Parallel b&c, 4 threads:
  Real time             =    0.00 sec. (0.00 ticks)
  Sync time (average)   =    0.00 sec.
  Wait time (average)   =    0.00 sec.
                          ------------
Total (root+branch&cut) =    0.94 sec. (268.88 ticks)
termination_status(sp) = OPTIMAL
objective_value(sp) = 665.0
#1: 0 (0) -> 44 (17) -> 50 (36) -> 18 (54) -> 24 (72) -> 49 (91) -> 16 (113) -> 51 (132) -> 0 (132)
#2: 0 (0) -> 67 (19) -> 34 (41) -> 52 (60) -> 27 (82) -> 45 (99) -> 4 (119) -> 0 (119)
#3: 0 (0) -> 11 (22) -> 66 (41) -> 65 (60) -> 38 (79) -> 10 (101) -> 58 (120) -> 0 (120)
#4: 0 (0) -> 30 (22) -> 21 (40) -> 61 (59) -> 22 (77) -> 62 (96) -> 2 (116) -> 68 (135) -> 0 (135)
#5: 0 (0) -> 7 (20) -> 35 (39) -> 53 (58) -> 14 (80) -> 19 (98) -> 8 (120) -> 0 (120)
#6: 0 (0) -> 29 (22) -> 15 (44) -> 57 (63) -> 13 (85) -> 54 (104) -> 46 (123) -> 0 (123)
#7: 0 (0) -> 17 (22) -> 40 (41) -> 9 (63) -> 39 (82) -> 12 (104) -> 26 (126) -> 0 (126)
#8: 0 (0) -> 48 (19) -> 47 (38) -> 36 (57) -> 69 (76) -> 60 (95) -> 20 (113) -> 37 (132) -> 0 (132)
#9: 0 (0) -> 1 (20) -> 43 (37) -> 56 (56) -> 23 (74) -> 63 (93) -> 33 (115) -> 6 (135) -> 0 (135)

Cost: 665.0
Executando instancia P70_9_7_4.fcvrp na seed 4
------------------------------------------------------------------------------------------------------------------------------------------------
|  Restart |       Iter |       Best Feas. |             Best |      Current |       CapPen |  MinVisPen |  MaxVisPen |   Pool |    Time(s) |
------------------------------------------------------------------------------------------------------------------------------------------------
|        1 |          0 |           757.00 |           757.00 |       757.00 |        76.94 |      65.57 |      65.57 |      9 |     0.0078 |
|        1 |        500 |           670.00 |           670.00 |       707.00 |         2.60 |       0.01 |       0.01 |   3207 |     4.5523 |
|        1 |       1000 |           670.00 |           670.00 |       717.98 |         4.36 |       0.01 |       0.01 |   4186 |     6.5364 |
|        1 |       1500 |           670.00 |           670.00 |       700.45 |         2.19 |       0.01 |       0.01 |   5059 |     8.3738 |
|        1 |       2000 |           670.00 |           670.00 |       718.00 |         2.57 |       0.01 |       0.01 |   5866 |    10.2162 |
|        1 |       2500 |           670.00 |           670.00 |       724.00 |         3.97 |       0.01 |       0.01 |   6640 |    12.1134 |
|        1 |       3000 |           670.00 |           670.00 |       702.61 |         2.36 |       0.01 |       0.01 |   7319 |    14.1164 |
|        1 |       3500 |           670.00 |           670.00 |       712.00 |         2.32 |       0.01 |       0.01 |   8011 |    15.9869 |
|        1 |       4000 |           670.00 |           670.00 |       723.88 |         2.72 |       0.01 |       0.01 |   8702 |    17.7599 |
|        1 |       4500 |           670.00 |           670.00 |       737.00 |         3.48 |       0.01 |       0.01 |   9304 |    19.5577 |
|        1 |       5000 |           670.00 |           670.00 |       732.00 |         2.37 |       0.01 |       0.01 |   9865 |    21.3923 |
Version identifier: 22.1.1.0 | 2022-11-28 | 9160aff4d
CPXPARAM_MIP_Tolerances_UpperCutoff              670.5
Tried aggregator 1 time.
MIP Presolve eliminated 1 rows and 130 columns.
MIP Presolve modified 6 coefficients.
Reduced MIP has 84 rows, 2152 columns, and 25063 nonzeros.
Reduced MIP has 2152 binaries, 0 generals, 0 SOSs, and 0 indicators.
Presolve time = 0.04 sec. (22.85 ticks)
Tried aggregator 1 time.
Detecting symmetries...
Reduced MIP has 84 rows, 2152 columns, and 25063 nonzeros.
Reduced MIP has 2152 binaries, 0 generals, 0 SOSs, and 0 indicators.
Presolve time = 0.03 sec. (15.64 ticks)
Probing time = 0.04 sec. (5.54 ticks)
Clique table members: 696.
MIP emphasis: balance optimality and feasibility.
MIP search method: dynamic search.
Parallel mode: deterministic, using up to 4 threads.
Root relaxation solution time = 0.04 sec. (28.88 ticks)

        Nodes                                         Cuts/
   Node  Left     Objective  IInf  Best Integer    Best Bound    ItCnt     Gap

      0     0      661.3043    49                    661.3043      313         
      0     0      663.3547    56                    Cuts: 33      446         
*     0+    0                          666.0000      663.3547             0.40%
      0     0      663.9936    55      666.0000      Cuts: 24      559    0.30%
*     0+    0                          665.0000      663.9936             0.15%
      0     0  -1.00000e+75     0      665.0000      663.9936      559    0.15%
      0     0        cutoff            665.0000      663.9936      559    0.15%
Elapsed time = 0.61 sec. (205.10 ticks, tree = 0.01 MB, solutions = 2)

Clique cuts applied:  9
Zero-half cuts applied:  6

Root node processing (before b&c):
  Real time             =    0.61 sec. (205.27 ticks)
Parallel b&c, 4 threads:
  Real time             =    0.05 sec. (0.61 ticks)
  Sync time (average)   =    0.02 sec.
  Wait time (average)   =    0.00 sec.
                          ------------
Total (root+branch&cut) =    0.66 sec. (205.88 ticks)
termination_status(sp) = OPTIMAL
objective_value(sp) = 665.0
#1: 0 (0) -> 26 (22) -> 12 (44) -> 39 (63) -> 9 (85) -> 40 (104) -> 17 (126) -> 0 (126)
#2: 0 (0) -> 58 (19) -> 10 (41) -> 38 (60) -> 65 (79) -> 66 (98) -> 11 (120) -> 0 (120)
#3: 0 (0) -> 37 (19) -> 20 (37) -> 60 (56) -> 69 (75) -> 36 (94) -> 47 (113) -> 48 (132) -> 0 (132)
#4: 0 (0) -> 68 (19) -> 2 (39) -> 62 (58) -> 22 (76) -> 61 (95) -> 21 (113) -> 30 (135) -> 0 (135)
#5: 0 (0) -> 8 (22) -> 19 (40) -> 14 (62) -> 53 (81) -> 35 (100) -> 7 (120) -> 0 (120)
#6: 0 (0) -> 29 (22) -> 15 (44) -> 57 (63) -> 13 (85) -> 54 (104) -> 46 (123) -> 0 (123)
#7: 0 (0) -> 33 (22) -> 63 (41) -> 23 (59) -> 56 (78) -> 43 (95) -> 1 (115) -> 6 (135) -> 0 (135)
#8: 0 (0) -> 4 (20) -> 45 (37) -> 27 (59) -> 52 (78) -> 34 (100) -> 67 (119) -> 0 (119)
#9: 0 (0) -> 51 (19) -> 16 (41) -> 49 (60) -> 24 (78) -> 18 (96) -> 50 (115) -> 44 (132) -> 0 (132)

Cost: 665.0
Executando instancia P70_9_7_4.fcvrp na seed 5
------------------------------------------------------------------------------------------------------------------------------------------------
|  Restart |       Iter |       Best Feas. |             Best |      Current |       CapPen |  MinVisPen |  MaxVisPen |   Pool |    Time(s) |
------------------------------------------------------------------------------------------------------------------------------------------------
|        1 |          0 |           742.00 |           742.00 |       742.00 |        74.72 |      74.72 |      74.72 |      9 |     0.0059 |
|        1 |        500 |           671.00 |           671.00 |       706.89 |         2.07 |       0.01 |       0.01 |   1668 |     2.2238 |
|        1 |       1000 |           671.00 |           671.00 |       712.60 |         3.93 |       0.01 |       0.01 |   2829 |     4.0980 |
|        1 |       1500 |           671.00 |           671.00 |       718.24 |         6.15 |       0.01 |       0.01 |   3885 |     6.1346 |
|        1 |       2000 |           671.00 |           671.00 |       706.00 |         2.42 |       0.01 |       0.01 |   4787 |     8.1087 |
|        1 |       2500 |           671.00 |           671.00 |       731.00 |         5.18 |       0.01 |       0.01 |   5591 |     9.9896 |
|        1 |       3000 |           671.00 |           671.00 |       703.61 |         2.86 |       0.01 |       0.01 |   6408 |    11.8565 |
|        1 |       3500 |           671.00 |           671.00 |       712.00 |         3.68 |       0.01 |       0.01 |   7222 |    13.8649 |
|        1 |       4000 |           671.00 |           671.00 |       691.00 |         3.33 |       0.01 |       0.01 |   7893 |    15.8678 |
|        1 |       4500 |           671.00 |           671.00 |       754.00 |         7.18 |       0.01 |       0.01 |   8475 |    17.9858 |
|        1 |       5000 |           671.00 |           671.00 |       713.03 |         4.11 |       0.01 |       0.01 |   9063 |    19.7496 |
Version identifier: 22.1.1.0 | 2022-11-28 | 9160aff4d
CPXPARAM_MIP_Tolerances_UpperCutoff              671.5
Tried aggregator 1 time.
MIP Presolve eliminated 1 rows and 136 columns.
MIP Presolve modified 2 coefficients.
Reduced MIP has 84 rows, 2365 columns, and 27276 nonzeros.
Reduced MIP has 2365 binaries, 0 generals, 0 SOSs, and 0 indicators.
Presolve time = 0.05 sec. (22.69 ticks)
Tried aggregator 1 time.
Detecting symmetries...
Reduced MIP has 84 rows, 2365 columns, and 27276 nonzeros.
Reduced MIP has 2365 binaries, 0 generals, 0 SOSs, and 0 indicators.
Presolve time = 0.03 sec. (17.16 ticks)
Probing time = 0.02 sec. (5.86 ticks)
Clique table members: 754.
MIP emphasis: balance optimality and feasibility.
MIP search method: dynamic search.
Parallel mode: deterministic, using up to 4 threads.
Root relaxation solution time = 0.04 sec. (31.94 ticks)

        Nodes                                         Cuts/
   Node  Left     Objective  IInf  Best Integer    Best Bound    ItCnt     Gap

      0     0      661.3942    44                    661.3942      321         
*     0+    0                          669.0000      661.3942             1.14%
      0     0      663.7251    51      669.0000      Cuts: 58      514    0.79%
      0     0      664.0000     8      669.0000      Cuts: 23      557    0.75%
*     0+    0                          664.0000      664.0000             0.00%
      0     0        cutoff            664.0000      664.0000      557    0.00%
Elapsed time = 0.52 sec. (212.63 ticks, tree = 0.01 MB, solutions = 2)

Clique cuts applied:  18
Zero-half cuts applied:  12
Gomory fractional cuts applied:  1

Root node processing (before b&c):
  Real time             =    0.52 sec. (212.85 ticks)
Parallel b&c, 4 threads:
  Real time             =    0.00 sec. (0.00 ticks)
  Sync time (average)   =    0.00 sec.
  Wait time (average)   =    0.00 sec.
                          ------------
Total (root+branch&cut) =    0.52 sec. (212.85 ticks)
termination_status(sp) = OPTIMAL
objective_value(sp) = 664.0
#1: 0 (0) -> 11 (22) -> 66 (41) -> 65 (60) -> 38 (79) -> 10 (101) -> 58 (120) -> 0 (120)
#2: 0 (0) -> 30 (22) -> 21 (40) -> 61 (59) -> 22 (77) -> 62 (96) -> 2 (116) -> 68 (135) -> 0 (135)
#3: 0 (0) -> 17 (22) -> 40 (41) -> 9 (63) -> 39 (82) -> 12 (104) -> 26 (126) -> 0 (126)
#4: 0 (0) -> 48 (19) -> 47 (38) -> 36 (57) -> 69 (76) -> 60 (95) -> 20 (113) -> 37 (132) -> 0 (132)
#5: 0 (0) -> 44 (17) -> 50 (36) -> 18 (54) -> 24 (72) -> 49 (91) -> 16 (113) -> 51 (132) -> 0 (132)
#6: 0 (0) -> 29 (22) -> 15 (44) -> 57 (63) -> 13 (85) -> 54 (104) -> 46 (123) -> 0 (123)
#7: 0 (0) -> 67 (19) -> 34 (41) -> 52 (60) -> 27 (82) -> 45 (99) -> 4 (119) -> 0 (119)
#8: 0 (0) -> 7 (20) -> 35 (39) -> 53 (58) -> 14 (80) -> 19 (98) -> 8 (120) -> 0 (120)
#9: 0 (0) -> 63 (19) -> 23 (37) -> 56 (56) -> 43 (73) -> 1 (93) -> 33 (115) -> 6 (135) -> 0 (135)

Cost: 664.0
