Executando com parâmetros:
  path       = instances/homogeneous_fleet/70_100/P76_4_23_4_2.fcvrp
  seed       = 1
  restarts   = 1
  iterMax    = 5000
  randShift  = 1
  randSwap   = 1
Executando instancia P76_4_23_4_2.fcvrp na seed 1
------------------------------------------------------------------------------------------------------------------------------------------------
|  Restart |       Iter |       Best Feas. |             Best |      Current |       CapPen |  MinVisPen |  MaxVisPen |   Pool |    Time(s) |
------------------------------------------------------------------------------------------------------------------------------------------------
|        1 |          0 |           517.00 |           517.00 |       517.00 |        71.77 |      71.77 |      71.77 |      4 |     0.6833 |
|        1 |        500 |           466.00 |           465.48 |       509.18 |         0.18 |       0.01 |       0.01 |   1128 |     1.4880 |
|        1 |       1000 |           466.00 |           465.48 |       488.00 |         0.12 |       0.01 |       0.01 |   1706 |     2.4002 |
|        1 |       1500 |           466.00 |           464.82 |       473.72 |         0.58 |       0.01 |       0.01 |   2198 |     3.2879 |
|        1 |       2000 |           466.00 |           453.83 |       482.00 |         0.16 |       0.01 |       0.01 |   2646 |     4.1655 |
|        1 |       2500 |           466.00 |           453.83 |       479.00 |         0.20 |       0.01 |       0.01 |   3066 |     5.0232 |
|        1 |       3000 |           466.00 |           453.83 |       483.92 |         0.95 |       0.01 |       0.01 |   3481 |     5.8901 |
|        1 |       3500 |           466.00 |           453.83 |       473.91 |         1.04 |       0.01 |       0.01 |   3805 |     6.7871 |
|        1 |       4000 |           466.00 |           453.83 |       489.00 |         0.44 |       0.01 |       0.01 |   4219 |     7.6996 |
|        1 |       4500 |           466.00 |           453.83 |       480.60 |         0.42 |       0.01 |       0.01 |   4700 |     8.6760 |
|        1 |       5000 |           466.00 |           453.83 |       503.00 |         0.53 |       0.01 |       0.01 |   5015 |     9.6915 |
Version identifier: 22.1.1.0 | 2022-11-28 | 9160aff4d
CPXPARAM_MIP_Tolerances_UpperCutoff              466.5
Tried aggregator 1 time.
MIP Presolve eliminated 28 rows and 377 columns.
MIP Presolve modified 1 coefficients.
Reduced MIP has 74 rows, 2997 columns, and 64692 nonzeros.
Reduced MIP has 2997 binaries, 0 generals, 0 SOSs, and 0 indicators.
Presolve time = 0.16 sec. (88.29 ticks)
Tried aggregator 1 time.
Detecting symmetries...
MIP Presolve modified 1 coefficients.
Reduced MIP has 74 rows, 2997 columns, and 65238 nonzeros.
Reduced MIP has 2997 binaries, 0 generals, 0 SOSs, and 0 indicators.
Presolve time = 0.09 sec. (59.25 ticks)
Probing fixed 2 vars, tightened 0 bounds.
Probing time = 0.08 sec. (35.85 ticks)
Clique table members: 124.
MIP emphasis: balance optimality and feasibility.
MIP search method: dynamic search.
Parallel mode: deterministic, using up to 4 threads.
Root relaxation solution time = 0.05 sec. (24.32 ticks)

        Nodes                                         Cuts/
   Node  Left     Objective  IInf  Best Integer    Best Bound    ItCnt     Gap

      0     0      457.0379    40                    457.0379      292         
*     0+    0                          466.0000      457.0379             1.92%
      0     0      461.4050    43      466.0000      Cuts: 29      658    0.99%
      0     0      462.8838    51      466.0000      Cuts: 26      812    0.67%
Detecting symmetries...

Repeating presolve.
Tried aggregator 1 time.
MIP Presolve eliminated 10 rows and 2590 columns.
MIP Presolve modified 686 coefficients.
Reduced MIP has 64 rows, 407 columns, and 8290 nonzeros.
Reduced MIP has 407 binaries, 0 generals, 0 SOSs, and 0 indicators.
Presolve time = 0.06 sec. (37.23 ticks)
Probing fixed 82 vars, tightened 0 bounds.
Probing changed sense of 3 constraints.
Probing time = 0.03 sec. (23.89 ticks)
Cover probing fixed 1 vars, tightened 0 bounds.
Tried aggregator 1 time.
MIP Presolve eliminated 9 rows and 118 columns.
MIP Presolve modified 617 coefficients.
Reduced MIP has 53 rows, 289 columns, and 4902 nonzeros.
Reduced MIP has 289 binaries, 0 generals, 0 SOSs, and 0 indicators.
Presolve time = 0.01 sec. (8.48 ticks)
Probing fixed 13 vars, tightened 0 bounds.
Probing changed sense of 1 constraints.
Probing time = 0.02 sec. (12.20 ticks)
Tried aggregator 1 time.
MIP Presolve eliminated 0 rows and 15 columns.
MIP Presolve modified 93 coefficients.
Reduced MIP has 53 rows, 274 columns, and 4560 nonzeros.
Reduced MIP has 274 binaries, 0 generals, 0 SOSs, and 0 indicators.
Presolve time = 0.01 sec. (5.18 ticks)
Probing fixed 3 vars, tightened 0 bounds.
Probing changed sense of 1 constraints.
Probing time = 0.02 sec. (10.68 ticks)
Tried aggregator 1 time.
Detecting symmetries...
MIP Presolve eliminated 0 rows and 3 columns.
Reduced MIP has 53 rows, 271 columns, and 4506 nonzeros.
Reduced MIP has 271 binaries, 0 generals, 0 SOSs, and 0 indicators.
Presolve time = 0.01 sec. (3.29 ticks)
Represolve time = 0.18 sec. (114.42 ticks)
Probing time = 0.01 sec. (3.28 ticks)
Clique table members: 176.
MIP emphasis: balance optimality and feasibility.
MIP search method: dynamic search.
Parallel mode: deterministic, using up to 4 threads.
Root relaxation solution time = 0.01 sec. (5.32 ticks)

        Nodes                                         Cuts/
   Node  Left     Objective  IInf  Best Integer    Best Bound    ItCnt     Gap

*     0+    0                          466.0000      462.8838             0.67%
      0     0      464.8000    17      466.0000      464.8000      996    0.26%
      0     0        cutoff            466.0000                   1028    0.00%
Elapsed time = 1.79 sec. (844.43 ticks, tree = 0.01 MB, solutions = 1)

Clique cuts applied:  9
Zero-half cuts applied:  3

Root node processing (before b&c):
  Real time             =    1.79 sec. (844.54 ticks)
Parallel b&c, 4 threads:
  Real time             =    0.00 sec. (0.00 ticks)
  Sync time (average)   =    0.00 sec.
  Wait time (average)   =    0.00 sec.
                          ------------
Total (root+branch&cut) =    1.79 sec. (844.54 ticks)
termination_status(sp) = OPTIMAL
objective_value(sp) = 466.0
#1: 0 (0) -> 17 (20) -> 12 (37) -> 58 (56) -> 72 (64) -> 39 (82) -> 31 (106) -> 10 (137) -> 38 (155) -> 65 (172) -> 66 (192) -> 59 (211) -> 14 (228) -> 35 (242) -> 8 (258) -> 7 (274) -> 0 (274)
#2: 0 (0) -> 6 (21) -> 33 (49) -> 73 (57) -> 1 (79) -> 62 (96) -> 22 (111) -> 64 (128) -> 42 (148) -> 41 (168) -> 56 (184) -> 23 (199) -> 63 (216) -> 16 (236) -> 3 (257) -> 51 (270) -> 0 (270)
#3: 0 (0) -> 67 (20) -> 46 (41) -> 34 (55) -> 52 (74) -> 27 (91) -> 13 (108) -> 57 (124) -> 15 (141) -> 29 (162) -> 45 (183) -> 4 (204) -> 0 (204)
#4: 0 (0) -> 68 (20) -> 2 (42) -> 74 (50) -> 61 (69) -> 21 (89) -> 36 (103) -> 71 (111) -> 60 (130) -> 70 (150) -> 20 (170) -> 37 (188) -> 5 (209) -> 48 (230) -> 30 (254) -> 75 (262) -> 0 (262)

Cost: 466.0
Executando instancia P76_4_23_4_2.fcvrp na seed 2
------------------------------------------------------------------------------------------------------------------------------------------------
|  Restart |       Iter |       Best Feas. |             Best |      Current |       CapPen |  MinVisPen |  MaxVisPen |   Pool |    Time(s) |
------------------------------------------------------------------------------------------------------------------------------------------------
|        1 |          0 |           566.00 |           566.00 |       566.00 |        67.57 |      67.57 |      67.57 |      4 |     0.0042 |
|        1 |        500 |           466.00 |           465.96 |       474.00 |         0.38 |       0.01 |       0.01 |   1316 |     2.0618 |
|        1 |       1000 |           466.00 |           465.15 |       509.00 |         0.24 |       0.01 |       0.01 |   1825 |     3.2918 |
|        1 |       1500 |           466.00 |           465.15 |       494.00 |         0.28 |       0.01 |       0.01 |   2294 |     4.2844 |
|        1 |       2000 |           466.00 |           443.43 |       476.78 |         0.49 |       0.01 |       0.01 |   2716 |     5.2669 |
|        1 |       2500 |           466.00 |           443.43 |       476.00 |         0.26 |       0.01 |       0.01 |   3076 |     6.0977 |
|        1 |       3000 |           466.00 |           443.43 |       472.00 |         0.44 |       0.01 |       0.01 |   3484 |     6.9441 |
|        1 |       3500 |           466.00 |           443.43 |       490.89 |         0.31 |       0.01 |       0.01 |   3923 |     7.9359 |
|        1 |       4000 |           466.00 |           443.43 |       469.60 |         0.30 |       0.01 |       0.01 |   4263 |     8.7947 |
|        1 |       4500 |           466.00 |           443.43 |       473.83 |         0.67 |       0.01 |       0.01 |   4666 |     9.5927 |
|        1 |       5000 |           466.00 |           443.43 |       505.00 |         0.28 |       0.01 |       0.01 |   5048 |    10.5404 |
Version identifier: 22.1.1.0 | 2022-11-28 | 9160aff4d
CPXPARAM_MIP_Tolerances_UpperCutoff              466.5
Tried aggregator 1 time.
MIP Presolve eliminated 27 rows and 424 columns.
MIP Presolve modified 1 coefficients.
Reduced MIP has 75 rows, 3066 columns, and 67276 nonzeros.
Reduced MIP has 3066 binaries, 0 generals, 0 SOSs, and 0 indicators.
Presolve time = 0.15 sec. (92.24 ticks)
Tried aggregator 1 time.
Detecting symmetries...
MIP Presolve eliminated 0 rows and 1 columns.
MIP Presolve modified 1 coefficients.
Reduced MIP has 75 rows, 3065 columns, and 67697 nonzeros.
Reduced MIP has 3065 binaries, 0 generals, 0 SOSs, and 0 indicators.
Presolve time = 0.10 sec. (59.99 ticks)
Probing fixed 10 vars, tightened 0 bounds.
Probing time = 0.29 sec. (78.45 ticks)
Clique table members: 120.
MIP emphasis: balance optimality and feasibility.
MIP search method: dynamic search.
Parallel mode: deterministic, using up to 4 threads.
Root relaxation solution time = 0.07 sec. (22.20 ticks)

        Nodes                                         Cuts/
   Node  Left     Objective  IInf  Best Integer    Best Bound    ItCnt     Gap

      0     0      457.5483    43                    457.5483      239         
*     0+    0                          466.0000      457.5483             1.81%
      0     0      461.4333    54      466.0000      Cuts: 37      649    0.98%
      0     0      462.3031    51      466.0000      Cuts: 30      972    0.79%
Detecting symmetries...

Repeating presolve.
Tried aggregator 1 time.
MIP Presolve eliminated 12 rows and 2590 columns.
MIP Presolve modified 624 coefficients.
Reduced MIP has 63 rows, 475 columns, and 9561 nonzeros.
Reduced MIP has 475 binaries, 0 generals, 0 SOSs, and 0 indicators.
Presolve time = 0.08 sec. (43.80 ticks)
Probing fixed 97 vars, tightened 0 bounds.
Probing time = 0.05 sec. (31.20 ticks)
Tried aggregator 1 time.
MIP Presolve eliminated 5 rows and 102 columns.
MIP Presolve modified 280 coefficients.
Reduced MIP has 58 rows, 373 columns, and 6868 nonzeros.
Reduced MIP has 373 binaries, 0 generals, 0 SOSs, and 0 indicators.
Presolve time = 0.01 sec. (7.21 ticks)
Probing fixed 14 vars, tightened 0 bounds.
Probing time = 0.03 sec. (21.04 ticks)
Tried aggregator 1 time.
MIP Presolve eliminated 0 rows and 14 columns.
MIP Presolve modified 4 coefficients.
Reduced MIP has 58 rows, 359 columns, and 6615 nonzeros.
Reduced MIP has 359 binaries, 0 generals, 0 SOSs, and 0 indicators.
Presolve time = 0.01 sec. (5.87 ticks)
Probing time = 0.01 sec. (3.73 ticks)
Tried aggregator 1 time.
Detecting symmetries...
MIP Presolve eliminated 0 rows and 1 columns.
Reduced MIP has 58 rows, 358 columns, and 6600 nonzeros.
Reduced MIP has 358 binaries, 0 generals, 0 SOSs, and 0 indicators.
Presolve time = 0.01 sec. (5.93 ticks)
Represolve time = 0.25 sec. (136.22 ticks)
Probing time = 0.00 sec. (3.73 ticks)
Clique table members: 106.
MIP emphasis: balance optimality and feasibility.
MIP search method: dynamic search.
Parallel mode: deterministic, using up to 4 threads.
Root relaxation solution time = 0.01 sec. (10.00 ticks)

        Nodes                                         Cuts/
   Node  Left     Objective  IInf  Best Integer    Best Bound    ItCnt     Gap

*     0+    0                          466.0000      462.3031             0.79%
      0     0      464.1667    18      466.0000      464.1667     1258    0.39%
      0     0        cutoff            466.0000      466.0000     1342    0.00%
Elapsed time = 3.41 sec. (1073.68 ticks, tree = 0.01 MB, solutions = 1)

Clique cuts applied:  14
Zero-half cuts applied:  14
Lift and project cuts applied:  1
Gomory fractional cuts applied:  5

Root node processing (before b&c):
  Real time             =    3.41 sec. (1073.81 ticks)
Parallel b&c, 4 threads:
  Real time             =    0.00 sec. (0.00 ticks)
  Sync time (average)   =    0.00 sec.
  Wait time (average)   =    0.00 sec.
                          ------------
Total (root+branch&cut) =    3.41 sec. (1073.81 ticks)
termination_status(sp) = OPTIMAL
objective_value(sp) = 466.0
#1: 0 (0) -> 75 (8) -> 30 (32) -> 48 (53) -> 5 (74) -> 37 (92) -> 20 (112) -> 70 (132) -> 60 (151) -> 71 (159) -> 36 (173) -> 21 (193) -> 61 (212) -> 74 (220) -> 2 (242) -> 68 (262) -> 0 (262)
#2: 0 (0) -> 67 (20) -> 34 (34) -> 46 (55) -> 8 (71) -> 52 (90) -> 13 (107) -> 57 (123) -> 15 (140) -> 29 (161) -> 45 (182) -> 4 (203) -> 0 (203)
#3: 0 (0) -> 51 (13) -> 3 (34) -> 16 (54) -> 63 (71) -> 23 (86) -> 56 (102) -> 41 (122) -> 42 (142) -> 64 (159) -> 22 (174) -> 62 (191) -> 73 (199) -> 1 (221) -> 33 (249) -> 6 (270) -> 0 (270)
#4: 0 (0) -> 17 (20) -> 12 (37) -> 58 (56) -> 72 (64) -> 39 (82) -> 31 (106) -> 10 (137) -> 38 (155) -> 65 (172) -> 66 (192) -> 59 (211) -> 14 (228) -> 35 (242) -> 7 (258) -> 26 (275) -> 0 (275)

Cost: 466.0
Executando instancia P76_4_23_4_2.fcvrp na seed 3
------------------------------------------------------------------------------------------------------------------------------------------------
|  Restart |       Iter |       Best Feas. |             Best |      Current |       CapPen |  MinVisPen |  MaxVisPen |   Pool |    Time(s) |
------------------------------------------------------------------------------------------------------------------------------------------------
|        1 |          0 |           515.00 |           515.00 |       515.00 |        76.23 |      76.23 |      76.23 |      4 |     0.0034 |
|        1 |        500 |           466.00 |           464.65 |       482.06 |         1.67 |       0.01 |       0.01 |    827 |     1.3469 |
|        1 |       1000 |           466.00 |           464.65 |       467.30 |         0.19 |       0.01 |       0.01 |   1294 |     2.1465 |
|        1 |       1500 |           466.00 |           462.86 |       466.34 |         0.49 |       0.01 |       0.01 |   1729 |     2.9119 |
|        1 |       2000 |           466.00 |           462.86 |       504.58 |         0.64 |       0.01 |       0.01 |   2225 |     3.6963 |
|        1 |       2500 |           466.00 |           462.86 |       479.82 |         0.11 |       0.01 |       0.01 |   2704 |     4.4765 |
|        1 |       3000 |           466.00 |           462.86 |       476.00 |         0.09 |       0.01 |       0.01 |   3102 |     5.2796 |
|        1 |       3500 |           466.00 |           462.86 |       483.93 |         1.00 |       0.01 |       0.01 |   3447 |     6.0361 |
|        1 |       4000 |           466.00 |           462.86 |       489.60 |         0.88 |       0.01 |       0.01 |   3853 |     6.8096 |
|        1 |       4500 |           466.00 |           462.86 |       471.00 |         0.16 |       0.01 |       0.01 |   4269 |     7.5935 |
|        1 |       5000 |           466.00 |           462.86 |       469.42 |         0.18 |       0.01 |       0.01 |   4676 |     8.3886 |
Version identifier: 22.1.1.0 | 2022-11-28 | 9160aff4d
CPXPARAM_MIP_Tolerances_UpperCutoff              466.5
Tried aggregator 1 time.
MIP Presolve eliminated 28 rows and 351 columns.
MIP Presolve modified 1 coefficients.
Reduced MIP has 74 rows, 2569 columns, and 55625 nonzeros.
Reduced MIP has 2569 binaries, 0 generals, 0 SOSs, and 0 indicators.
Presolve time = 0.12 sec. (67.52 ticks)
Tried aggregator 1 time.
Detecting symmetries...
Reduced MIP has 74 rows, 2569 columns, and 55625 nonzeros.
Reduced MIP has 2569 binaries, 0 generals, 0 SOSs, and 0 indicators.
Presolve time = 0.06 sec. (37.66 ticks)
Probing fixed 7 vars, tightened 0 bounds.
Probing time = 0.12 sec. (60.21 ticks)
Clique table members: 115.
MIP emphasis: balance optimality and feasibility.
MIP search method: dynamic search.
Parallel mode: deterministic, using up to 4 threads.
Root relaxation solution time = 0.05 sec. (51.39 ticks)

        Nodes                                         Cuts/
   Node  Left     Objective  IInf  Best Integer    Best Bound    ItCnt     Gap

      0     0      457.5203    40                    457.5203      273         
*     0+    0                          466.0000      457.5203             1.82%
      0     0      460.5468    52      466.0000      Cuts: 40      637    1.17%
      0     0      462.4353    55      466.0000      Cuts: 23      936    0.76%
Detecting symmetries...

Repeating presolve.
Tried aggregator 1 time.
MIP Presolve eliminated 8 rows and 2073 columns.
MIP Presolve modified 395 coefficients.
Reduced MIP has 66 rows, 496 columns, and 10572 nonzeros.
Reduced MIP has 496 binaries, 0 generals, 0 SOSs, and 0 indicators.
Presolve time = 0.06 sec. (40.37 ticks)
Probing fixed 115 vars, tightened 0 bounds.
Probing time = 0.02 sec. (9.12 ticks)
Tried aggregator 1 time.
MIP Presolve eliminated 5 rows and 138 columns.
MIP Presolve modified 376 coefficients.
Reduced MIP has 61 rows, 358 columns, and 6853 nonzeros.
Reduced MIP has 358 binaries, 0 generals, 0 SOSs, and 0 indicators.
Presolve time = 0.01 sec. (10.23 ticks)
Probing time = 0.00 sec. (3.75 ticks)
Cover probing fixed 1 vars, tightened 0 bounds.
Tried aggregator 1 time.
Detecting symmetries...
MIP Presolve eliminated 0 rows and 1 columns.
Reduced MIP has 61 rows, 357 columns, and 6832 nonzeros.
Reduced MIP has 357 binaries, 0 generals, 0 SOSs, and 0 indicators.
Presolve time = 0.01 sec. (4.99 ticks)
Represolve time = 0.13 sec. (82.83 ticks)
Probing time = 0.00 sec. (3.73 ticks)
Clique table members: 102.
MIP emphasis: balance optimality and feasibility.
MIP search method: dynamic search.
Parallel mode: deterministic, using up to 4 threads.
Root relaxation solution time = 0.01 sec. (10.32 ticks)

        Nodes                                         Cuts/
   Node  Left     Objective  IInf  Best Integer    Best Bound    ItCnt     Gap

*     0+    0                          466.0000      462.4353             0.76%
      0     0      463.9387    35      466.0000      463.9387     1190    0.44%
      0     0        cutoff            466.0000                   1317    0.00%
Elapsed time = 1.66 sec. (876.18 ticks, tree = 0.01 MB, solutions = 1)

GUB cover cuts applied:  2
Clique cuts applied:  19
Zero-half cuts applied:  13
Lift and project cuts applied:  3
Gomory fractional cuts applied:  13

Root node processing (before b&c):
  Real time             =    1.66 sec. (876.30 ticks)
Parallel b&c, 4 threads:
  Real time             =    0.00 sec. (0.00 ticks)
  Sync time (average)   =    0.00 sec.
  Wait time (average)   =    0.00 sec.
                          ------------
Total (root+branch&cut) =    1.66 sec. (876.30 ticks)
termination_status(sp) = OPTIMAL
objective_value(sp) = 466.0
#1: 0 (0) -> 6 (21) -> 33 (49) -> 1 (71) -> 73 (79) -> 62 (96) -> 22 (111) -> 64 (128) -> 42 (148) -> 41 (168) -> 56 (184) -> 23 (199) -> 63 (216) -> 16 (236) -> 3 (257) -> 51 (270) -> 0 (270)
#2: 0 (0) -> 67 (20) -> 34 (34) -> 46 (55) -> 52 (74) -> 27 (91) -> 13 (108) -> 57 (124) -> 15 (141) -> 29 (162) -> 45 (183) -> 4 (204) -> 0 (204)
#3: 0 (0) -> 7 (16) -> 8 (32) -> 35 (46) -> 14 (63) -> 59 (82) -> 66 (102) -> 65 (119) -> 38 (137) -> 10 (168) -> 31 (192) -> 39 (210) -> 72 (218) -> 58 (237) -> 12 (254) -> 17 (274) -> 0 (274)
#4: 0 (0) -> 68 (20) -> 2 (42) -> 74 (50) -> 61 (69) -> 21 (89) -> 36 (103) -> 71 (111) -> 60 (130) -> 70 (150) -> 20 (170) -> 37 (188) -> 5 (209) -> 48 (230) -> 30 (254) -> 75 (262) -> 0 (262)

Cost: 466.0
Executando instancia P76_4_23_4_2.fcvrp na seed 4
------------------------------------------------------------------------------------------------------------------------------------------------
|  Restart |       Iter |       Best Feas. |             Best |      Current |       CapPen |  MinVisPen |  MaxVisPen |   Pool |    Time(s) |
------------------------------------------------------------------------------------------------------------------------------------------------
|        1 |          0 |           542.00 |           542.00 |       542.00 |        68.94 |      68.94 |      68.94 |      4 |     0.0037 |
|        1 |        500 |           466.00 |           464.26 |       489.00 |         0.30 |       0.01 |       0.01 |    872 |     1.0965 |
|        1 |       1000 |           466.00 |           463.38 |       475.29 |         0.20 |       0.01 |       0.01 |   1379 |     1.9137 |
|        1 |       1500 |           466.00 |           463.38 |       470.53 |         0.83 |       0.01 |       0.01 |   1819 |     2.7692 |
|        1 |       2000 |           466.00 |           463.21 |       483.43 |         0.76 |       0.01 |       0.01 |   2181 |     3.5973 |
|        1 |       2500 |           466.00 |           463.21 |       475.00 |         0.13 |       0.01 |       0.01 |   2617 |     4.4085 |
|        1 |       3000 |           466.00 |           463.21 |       475.00 |         0.25 |       0.01 |       0.01 |   3093 |     5.2408 |
|        1 |       3500 |           466.00 |           463.21 |       478.00 |         0.91 |       0.01 |       0.01 |   3573 |     6.1014 |
|        1 |       4000 |           466.00 |           459.70 |       472.00 |         0.34 |       0.01 |       0.01 |   4014 |     6.9113 |
|        1 |       4500 |           466.00 |           459.70 |       491.00 |         0.43 |       0.01 |       0.01 |   4481 |     7.7447 |
|        1 |       5000 |           466.00 |           459.70 |       477.00 |         0.15 |       0.01 |       0.01 |   4878 |     8.5622 |
Version identifier: 22.1.1.0 | 2022-11-28 | 9160aff4d
CPXPARAM_MIP_Tolerances_UpperCutoff              466.5
Tried aggregator 1 time.
MIP Presolve eliminated 28 rows and 370 columns.
MIP Presolve modified 1 coefficients.
Reduced MIP has 74 rows, 2767 columns, and 59578 nonzeros.
Reduced MIP has 2767 binaries, 0 generals, 0 SOSs, and 0 indicators.
Presolve time = 0.13 sec. (78.90 ticks)
Tried aggregator 1 time.
Detecting symmetries...
MIP Presolve modified 1 coefficients.
Reduced MIP has 74 rows, 2767 columns, and 60033 nonzeros.
Reduced MIP has 2767 binaries, 0 generals, 0 SOSs, and 0 indicators.
Presolve time = 0.08 sec. (53.03 ticks)
Probing fixed 38 vars, tightened 0 bounds.
Probing time = 0.29 sec. (136.79 ticks)
Clique table members: 122.
MIP emphasis: balance optimality and feasibility.
MIP search method: dynamic search.
Parallel mode: deterministic, using up to 4 threads.
Root relaxation solution time = 0.05 sec. (22.10 ticks)

        Nodes                                         Cuts/
   Node  Left     Objective  IInf  Best Integer    Best Bound    ItCnt     Gap

      0     0      457.3897    38                    457.3897      282         
*     0+    0                          466.0000      457.3897             1.85%
      0     0      460.8567    38      466.0000      Cuts: 25      564    1.10%
      0     0      461.6690    48      466.0000      Cuts: 15      830    0.93%
Detecting symmetries...

Repeating presolve.
Tried aggregator 1 time.
MIP Presolve eliminated 8 rows and 2211 columns.
MIP Presolve modified 775 coefficients.
Reduced MIP has 65 rows, 556 columns, and 11323 nonzeros.
Reduced MIP has 556 binaries, 0 generals, 0 SOSs, and 0 indicators.
Presolve time = 0.09 sec. (55.24 ticks)
Probing fixed 134 vars, tightened 0 bounds.
Probing changed sense of 1 constraints.
Probing time = 0.04 sec. (11.69 ticks)
Tried aggregator 1 time.
MIP Presolve eliminated 3 rows and 134 columns.
MIP Presolve modified 305 coefficients.
Reduced MIP has 62 rows, 422 columns, and 8087 nonzeros.
Reduced MIP has 422 binaries, 0 generals, 0 SOSs, and 0 indicators.
Presolve time = 0.01 sec. (8.95 ticks)
Probing fixed 8 vars, tightened 0 bounds.
Probing time = 0.04 sec. (27.76 ticks)
Tried aggregator 1 time.
MIP Presolve eliminated 0 rows and 18 columns.
MIP Presolve modified 1 coefficients.
Reduced MIP has 62 rows, 404 columns, and 7742 nonzeros.
Reduced MIP has 404 binaries, 0 generals, 0 SOSs, and 0 indicators.
Presolve time = 0.01 sec. (7.46 ticks)
Probing time = 0.01 sec. (3.92 ticks)
Tried aggregator 1 time.
Detecting symmetries...
MIP Presolve modified 1 coefficients.
Reduced MIP has 62 rows, 404 columns, and 7746 nonzeros.
Reduced MIP has 404 binaries, 0 generals, 0 SOSs, and 0 indicators.
Presolve time = 0.01 sec. (6.22 ticks)
Represolve time = 0.25 sec. (138.38 ticks)
Probing time = 0.01 sec. (3.92 ticks)
Clique table members: 101.
MIP emphasis: balance optimality and feasibility.
MIP search method: dynamic search.
Parallel mode: deterministic, using up to 4 threads.
Root relaxation solution time = 0.01 sec. (8.95 ticks)

        Nodes                                         Cuts/
   Node  Left     Objective  IInf  Best Integer    Best Bound    ItCnt     Gap

*     0+    0                          466.0000      461.6690             0.93%
      0     0      463.1667    18      466.0000      463.1667     1064    0.61%
      0     0        cutoff            466.0000      466.0000     1194    0.00%
Elapsed time = 2.07 sec. (979.60 ticks, tree = 0.01 MB, solutions = 1)

GUB cover cuts applied:  5
Clique cuts applied:  22
Mixed integer rounding cuts applied:  2
Zero-half cuts applied:  8
Lift and project cuts applied:  7
Gomory fractional cuts applied:  7

Root node processing (before b&c):
  Real time             =    2.07 sec. (979.73 ticks)
Parallel b&c, 4 threads:
  Real time             =    0.00 sec. (0.00 ticks)
  Sync time (average)   =    0.00 sec.
  Wait time (average)   =    0.00 sec.
                          ------------
Total (root+branch&cut) =    2.07 sec. (979.73 ticks)
termination_status(sp) = OPTIMAL
objective_value(sp) = 466.0000000000001
#1: 0 (0) -> 75 (8) -> 30 (32) -> 48 (53) -> 5 (74) -> 37 (92) -> 20 (112) -> 70 (132) -> 60 (151) -> 71 (159) -> 36 (173) -> 21 (193) -> 61 (212) -> 74 (220) -> 2 (242) -> 68 (262) -> 0 (262)
#2: 0 (0) -> 67 (20) -> 34 (34) -> 46 (55) -> 8 (71) -> 52 (90) -> 27 (107) -> 13 (124) -> 57 (140) -> 15 (157) -> 29 (178) -> 45 (199) -> 4 (220) -> 0 (220)
#3: 0 (0) -> 51 (13) -> 3 (34) -> 16 (54) -> 63 (71) -> 23 (86) -> 56 (102) -> 41 (122) -> 42 (142) -> 64 (159) -> 22 (174) -> 62 (191) -> 73 (199) -> 1 (221) -> 33 (249) -> 6 (270) -> 0 (270)
#4: 0 (0) -> 7 (16) -> 35 (30) -> 14 (47) -> 59 (66) -> 66 (86) -> 65 (103) -> 38 (121) -> 10 (152) -> 31 (176) -> 39 (194) -> 72 (202) -> 58 (221) -> 12 (238) -> 17 (258) -> 0 (258)

Cost: 466.0
Executando instancia P76_4_23_4_2.fcvrp na seed 5
------------------------------------------------------------------------------------------------------------------------------------------------
|  Restart |       Iter |       Best Feas. |             Best |      Current |       CapPen |  MinVisPen |  MaxVisPen |   Pool |    Time(s) |
------------------------------------------------------------------------------------------------------------------------------------------------
|        1 |          0 |           503.00 |           503.00 |       503.00 |        70.34 |      70.34 |      70.34 |      4 |     0.0081 |
|        1 |        500 |           466.00 |           448.21 |       487.42 |         0.16 |       0.01 |       0.01 |    722 |     0.9850 |
|        1 |       1000 |           466.00 |           448.21 |       471.00 |         0.22 |       0.01 |       0.01 |   1222 |     1.7866 |
|        1 |       1500 |           466.00 |           448.21 |       488.02 |         0.74 |       0.01 |       0.01 |   1695 |     2.8181 |
|        1 |       2000 |           466.00 |           448.21 |       479.21 |         0.81 |       0.01 |       0.01 |   2174 |     3.7659 |
|        1 |       2500 |           466.00 |           448.21 |       483.00 |         0.10 |       0.01 |       0.01 |   2613 |     4.6180 |
|        1 |       3000 |           466.00 |           448.21 |       470.98 |         0.54 |       0.01 |       0.01 |   2983 |     5.4984 |
|        1 |       3500 |           466.00 |           448.21 |       483.55 |         0.42 |       0.01 |       0.01 |   3383 |     6.4143 |
|        1 |       4000 |           466.00 |           448.21 |       482.00 |         0.31 |       0.01 |       0.01 |   3739 |     7.2487 |
|        1 |       4500 |           466.00 |           448.21 |       479.00 |         0.42 |       0.01 |       0.01 |   4156 |     8.0709 |
|        1 |       5000 |           466.00 |           448.21 |       473.00 |         0.59 |       0.01 |       0.01 |   4511 |     9.0663 |
Version identifier: 22.1.1.0 | 2022-11-28 | 9160aff4d
CPXPARAM_MIP_Tolerances_UpperCutoff              466.5
Tried aggregator 1 time.
MIP Presolve eliminated 28 rows and 369 columns.
MIP Presolve modified 1 coefficients.
Reduced MIP has 74 rows, 2842 columns, and 61093 nonzeros.
Reduced MIP has 2842 binaries, 0 generals, 0 SOSs, and 0 indicators.
Presolve time = 0.14 sec. (83.04 ticks)
Tried aggregator 1 time.
Detecting symmetries...
MIP Presolve modified 1 coefficients.
Reduced MIP has 74 rows, 2842 columns, and 61488 nonzeros.
Reduced MIP has 2842 binaries, 0 generals, 0 SOSs, and 0 indicators.
Presolve time = 0.08 sec. (52.39 ticks)
Probing fixed 23 vars, tightened 0 bounds.
Probing time = 0.23 sec. (107.36 ticks)
Clique table members: 120.
MIP emphasis: balance optimality and feasibility.
MIP search method: dynamic search.
Parallel mode: deterministic, using up to 4 threads.
Root relaxation solution time = 0.06 sec. (24.31 ticks)

        Nodes                                         Cuts/
   Node  Left     Objective  IInf  Best Integer    Best Bound    ItCnt     Gap

      0     0      457.3021    36                    457.3021      311         
*     0+    0                          466.0000      457.3021             1.87%
      0     0      461.0797    55      466.0000      Cuts: 40      812    1.06%
      0     0      462.3952    55      466.0000      Cuts: 22     1070    0.77%
Detecting symmetries...

Repeating presolve.
Tried aggregator 1 time.
MIP Presolve eliminated 12 rows and 2317 columns.
MIP Presolve modified 615 coefficients.
Reduced MIP has 62 rows, 525 columns, and 10353 nonzeros.
Reduced MIP has 525 binaries, 0 generals, 0 SOSs, and 0 indicators.
Presolve time = 0.07 sec. (43.26 ticks)
Probing fixed 112 vars, tightened 0 bounds.
Probing time = 0.03 sec. (9.74 ticks)
Tried aggregator 1 time.
MIP Presolve eliminated 1 rows and 115 columns.
MIP Presolve modified 160 coefficients.
Reduced MIP has 61 rows, 410 columns, and 7970 nonzeros.
Reduced MIP has 410 binaries, 0 generals, 0 SOSs, and 0 indicators.
Presolve time = 0.01 sec. (9.09 ticks)
Probing fixed 7 vars, tightened 0 bounds.
Probing time = 0.03 sec. (25.66 ticks)
Tried aggregator 1 time.
Detecting symmetries...
MIP Presolve eliminated 0 rows and 7 columns.
MIP Presolve modified 1 coefficients.
Reduced MIP has 61 rows, 403 columns, and 7823 nonzeros.
Reduced MIP has 403 binaries, 0 generals, 0 SOSs, and 0 indicators.
Presolve time = 0.01 sec. (6.35 ticks)
Represolve time = 0.20 sec. (109.34 ticks)
Probing time = 0.00 sec. (3.88 ticks)
Clique table members: 117.
MIP emphasis: balance optimality and feasibility.
MIP search method: dynamic search.
Parallel mode: deterministic, using up to 4 threads.
Root relaxation solution time = 0.02 sec. (15.43 ticks)

        Nodes                                         Cuts/
   Node  Left     Objective  IInf  Best Integer    Best Bound    ItCnt     Gap

*     0+    0                          466.0000      462.3952             0.77%
      0     0      463.4264    36      466.0000      463.4264     1375    0.55%
      0     0        cutoff            466.0000      466.0000     1571    0.00%
Elapsed time = 2.16 sec. (953.62 ticks, tree = 0.01 MB, solutions = 1)

Clique cuts applied:  24
Zero-half cuts applied:  17
Lift and project cuts applied:  10
Gomory fractional cuts applied:  2

Root node processing (before b&c):
  Real time             =    2.16 sec. (953.76 ticks)
Parallel b&c, 4 threads:
  Real time             =    0.00 sec. (0.00 ticks)
  Sync time (average)   =    0.00 sec.
  Wait time (average)   =    0.00 sec.
                          ------------
Total (root+branch&cut) =    2.16 sec. (953.76 ticks)
termination_status(sp) = OPTIMAL
objective_value(sp) = 466.0
#1: 0 (0) -> 4 (21) -> 45 (42) -> 29 (63) -> 15 (80) -> 57 (96) -> 13 (113) -> 27 (130) -> 52 (149) -> 8 (165) -> 46 (186) -> 34 (200) -> 0 (200)
#2: 0 (0) -> 30 (24) -> 48 (45) -> 5 (66) -> 37 (84) -> 20 (104) -> 70 (124) -> 60 (143) -> 71 (151) -> 36 (165) -> 21 (185) -> 61 (204) -> 74 (212) -> 2 (234) -> 68 (254) -> 75 (262) -> 0 (262)
#3: 0 (0) -> 17 (20) -> 12 (37) -> 58 (56) -> 72 (64) -> 39 (82) -> 31 (106) -> 10 (137) -> 38 (155) -> 65 (172) -> 66 (192) -> 59 (211) -> 14 (228) -> 35 (242) -> 7 (258) -> 67 (278) -> 0 (278)
#4: 0 (0) -> 6 (21) -> 33 (49) -> 73 (57) -> 1 (79) -> 62 (96) -> 22 (111) -> 64 (128) -> 42 (148) -> 41 (168) -> 56 (184) -> 23 (199) -> 63 (216) -> 16 (236) -> 3 (257) -> 51 (270) -> 0 (270)

Cost: 466.0
