Executando com parâmetros:
  path       = instances/homogeneous_fleet/70_100/P76_3_23_2_2.fcvrp
  seed       = 1
  restarts   = 1
  iterMax    = 5000
  randShift  = 1
  randSwap   = 1
Executando instancia P76_3_23_2_2.fcvrp na seed 1
------------------------------------------------------------------------------------------------------------------------------------------------
|  Restart |       Iter |       Best Feas. |             Best |      Current |       CapPen |  MinVisPen |  MaxVisPen |   Pool |    Time(s) |
------------------------------------------------------------------------------------------------------------------------------------------------
|        1 |          0 |           318.00 |           318.00 |       318.00 |        83.45 |      83.45 |      83.45 |      3 |     0.5887 |
|        1 |        500 |           282.00 |           268.71 |       280.51 |         0.14 |       0.01 |       0.01 |    504 |     0.4828 |
|        1 |       1000 |           282.00 |           268.71 |       297.42 |         0.60 |       0.01 |       0.01 |    892 |     0.9046 |
|        1 |       1500 |           282.00 |           268.71 |       297.00 |         0.01 |       0.01 |       0.01 |   1262 |     1.4082 |
|        1 |       2000 |           282.00 |           268.71 |       289.00 |         0.01 |       0.01 |       0.01 |   1537 |     1.8846 |
|        1 |       2500 |           282.00 |           268.71 |       288.44 |         0.06 |       0.01 |       0.01 |   1852 |     2.3248 |
|        1 |       3000 |           282.00 |           267.86 |       307.85 |         0.22 |       0.01 |       0.01 |   2149 |     2.7980 |
|        1 |       3500 |           282.00 |           265.86 |       288.00 |         0.08 |       0.01 |       0.01 |   2430 |     3.2792 |
|        1 |       4000 |           282.00 |           265.86 |       291.36 |         0.31 |       0.01 |       0.01 |   2724 |     3.7345 |
|        1 |       4500 |           282.00 |           265.86 |       316.04 |         0.39 |       0.01 |       0.01 |   3006 |     4.1634 |
|        1 |       5000 |           282.00 |           265.86 |       290.00 |         0.01 |       0.01 |       0.01 |   3237 |     4.6012 |
Version identifier: 22.1.1.0 | 2022-11-28 | 9160aff4d
CPXPARAM_MIP_Tolerances_UpperCutoff              282.5
Tried aggregator 1 time.
MIP Presolve eliminated 63 rows and 343 columns.
MIP Presolve modified 2112 coefficients.
Reduced MIP has 37 rows, 900 columns, and 11071 nonzeros.
Reduced MIP has 900 binaries, 0 generals, 0 SOSs, and 0 indicators.
Presolve time = 0.03 sec. (23.66 ticks)
Probing fixed 65 vars, tightened 0 bounds.
Probing time = 0.05 sec. (18.70 ticks)
Tried aggregator 1 time.
Detecting symmetries...
MIP Presolve eliminated 0 rows and 65 columns.
Reduced MIP has 37 rows, 835 columns, and 10184 nonzeros.
Reduced MIP has 835 binaries, 0 generals, 0 SOSs, and 0 indicators.
Presolve time = 0.01 sec. (6.05 ticks)
Probing time = 0.01 sec. (4.67 ticks)
Clique table members: 131.
MIP emphasis: balance optimality and feasibility.
MIP search method: dynamic search.
Parallel mode: deterministic, using up to 4 threads.
Root relaxation solution time = 0.00 sec. (3.82 ticks)

        Nodes                                         Cuts/
   Node  Left     Objective  IInf  Best Integer    Best Bound    ItCnt     Gap

      0     0      273.6286    20                    273.6286      107         
      0     0      278.3555    27                    Cuts: 20      206         
*     0+    0                          282.0000      278.3555             1.29%
      0     0        cutoff            282.0000      278.3555      417    1.29%
Elapsed time = 0.22 sec. (100.84 ticks, tree = 0.01 MB, solutions = 1)

GUB cover cuts applied:  2
Clique cuts applied:  2
Zero-half cuts applied:  1
Gomory fractional cuts applied:  1

Root node processing (before b&c):
  Real time             =    0.22 sec. (100.92 ticks)
Parallel b&c, 4 threads:
  Real time             =    0.01 sec. (0.25 ticks)
  Sync time (average)   =    0.00 sec.
  Wait time (average)   =    0.00 sec.
                          ------------
Total (root+branch&cut) =    0.23 sec. (101.16 ticks)
termination_status(sp) = OPTIMAL
objective_value(sp) = 282.0
#1: 0 (0) -> 17 (20) -> 3 (41) -> 44 (62) -> 32 (90) -> 9 (121) -> 39 (139) -> 72 (147) -> 58 (166) -> 12 (183) -> 26 (200) -> 0 (200)
#2: 0 (0) -> 51 (13) -> 16 (33) -> 63 (50) -> 23 (65) -> 56 (81) -> 41 (101) -> 43 (121) -> 1 (143) -> 6 (164) -> 0 (164)
#3: 0 (0) -> 67 (20) -> 34 (34) -> 8 (50) -> 19 (70) -> 54 (89) -> 57 (105) -> 20 (125) -> 70 (145) -> 60 (164) -> 37 (182) -> 5 (203) -> 29 (224) -> 30 (248) -> 4 (269) -> 0 (269)

Cost: 282.0
Executando instancia P76_3_23_2_2.fcvrp na seed 2
------------------------------------------------------------------------------------------------------------------------------------------------
|  Restart |       Iter |       Best Feas. |             Best |      Current |       CapPen |  MinVisPen |  MaxVisPen |   Pool |    Time(s) |
------------------------------------------------------------------------------------------------------------------------------------------------
|        1 |          0 |           317.00 |           317.00 |       317.00 |        86.01 |      86.01 |      86.01 |      3 |     0.0013 |
|        1 |        500 |           282.00 |           268.56 |       284.15 |         0.05 |       0.01 |       0.01 |   1121 |     1.1545 |
|        1 |       1000 |           282.00 |           267.56 |       294.00 |         0.03 |       0.01 |       0.01 |   1450 |     1.5461 |
|        1 |       1500 |           282.00 |           267.34 |       326.00 |         0.26 |       0.01 |       0.01 |   1737 |     1.9230 |
|        1 |       2000 |           282.00 |           265.95 |       309.00 |         0.62 |       0.01 |       0.01 |   2053 |     2.3127 |
|        1 |       2500 |           282.00 |           265.95 |       300.50 |         0.07 |       0.01 |       0.01 |   2371 |     2.6943 |
|        1 |       3000 |           282.00 |           265.95 |       314.00 |         0.42 |       0.01 |       0.01 |   2634 |     3.0961 |
|        1 |       3500 |           282.00 |           265.95 |       298.00 |         0.01 |       0.01 |       0.01 |   2921 |     3.4687 |
|        1 |       4000 |           282.00 |           265.95 |       317.00 |         0.28 |       0.01 |       0.01 |   3164 |     3.8433 |
|        1 |       4500 |           282.00 |           265.95 |       298.04 |         0.16 |       0.01 |       0.01 |   3386 |     4.2302 |
|        1 |       5000 |           282.00 |           265.95 |       283.55 |         0.31 |       0.01 |       0.01 |   3701 |     4.6129 |
Version identifier: 22.1.1.0 | 2022-11-28 | 9160aff4d
CPXPARAM_MIP_Tolerances_UpperCutoff              282.5
Tried aggregator 1 time.
MIP Presolve eliminated 63 rows and 405 columns.
MIP Presolve modified 2705 coefficients.
Reduced MIP has 37 rows, 926 columns, and 11395 nonzeros.
Reduced MIP has 926 binaries, 0 generals, 0 SOSs, and 0 indicators.
Presolve time = 0.03 sec. (18.24 ticks)
Probing fixed 70 vars, tightened 0 bounds.
Probing time = 0.06 sec. (19.85 ticks)
Tried aggregator 1 time.
Detecting symmetries...
MIP Presolve eliminated 1 rows and 71 columns.
MIP Presolve modified 190 coefficients.
Reduced MIP has 36 rows, 855 columns, and 10262 nonzeros.
Reduced MIP has 855 binaries, 0 generals, 0 SOSs, and 0 indicators.
Presolve time = 0.01 sec. (7.62 ticks)
Probing fixed 3 vars, tightened 0 bounds.
Probing time = 0.05 sec. (17.41 ticks)
Clique table members: 127.
MIP emphasis: balance optimality and feasibility.
MIP search method: dynamic search.
Parallel mode: deterministic, using up to 4 threads.
Root relaxation solution time = 0.01 sec. (5.21 ticks)

        Nodes                                         Cuts/
   Node  Left     Objective  IInf  Best Integer    Best Bound    ItCnt     Gap

      0     0      272.8936    18                    272.8936      128         
      0     0      278.8055    33                    Cuts: 21      299         
      0     0      280.4788    33                    Cuts: 19      499         
*     0+    0                          282.0000      281.9537             0.02%
      0     0  -1.00000e+75     0      282.0000      281.9537      499    0.02%
      0     0        cutoff            282.0000      281.9537      499    0.02%
Elapsed time = 0.31 sec. (132.57 ticks, tree = 0.01 MB, solutions = 1)

Clique cuts applied:  3
Mixed integer rounding cuts applied:  1
Zero-half cuts applied:  4
Gomory fractional cuts applied:  3

Root node processing (before b&c):
  Real time             =    0.31 sec. (132.65 ticks)
Parallel b&c, 4 threads:
  Real time             =    0.00 sec. (0.00 ticks)
  Sync time (average)   =    0.00 sec.
  Wait time (average)   =    0.00 sec.
                          ------------
Total (root+branch&cut) =    0.31 sec. (132.65 ticks)
termination_status(sp) = OPTIMAL
objective_value(sp) = 282.0
#1: 0 (0) -> 51 (13) -> 16 (33) -> 63 (50) -> 23 (65) -> 56 (81) -> 41 (101) -> 43 (121) -> 1 (143) -> 6 (164) -> 0 (164)
#2: 0 (0) -> 67 (20) -> 34 (34) -> 8 (50) -> 19 (70) -> 54 (89) -> 57 (105) -> 20 (125) -> 70 (145) -> 60 (164) -> 37 (182) -> 5 (203) -> 29 (224) -> 30 (248) -> 4 (269) -> 0 (269)
#3: 0 (0) -> 26 (17) -> 12 (34) -> 58 (53) -> 72 (61) -> 39 (79) -> 9 (110) -> 32 (138) -> 44 (159) -> 3 (180) -> 17 (200) -> 0 (200)

Cost: 282.0
Executando instancia P76_3_23_2_2.fcvrp na seed 3
------------------------------------------------------------------------------------------------------------------------------------------------
|  Restart |       Iter |       Best Feas. |             Best |      Current |       CapPen |  MinVisPen |  MaxVisPen |   Pool |    Time(s) |
------------------------------------------------------------------------------------------------------------------------------------------------
|        1 |          0 |           339.00 |           339.00 |       339.00 |        78.57 |      78.57 |      78.57 |      3 |     0.0018 |
|        1 |        500 |           283.00 |           268.70 |       312.97 |         0.37 |       0.01 |       0.01 |    566 |     0.4816 |
|        1 |       1000 |           283.00 |           268.70 |       291.17 |         0.16 |       0.01 |       0.01 |    882 |     0.8450 |
|        1 |        500 |           282.00 |           268.70 |       295.61 |         0.11 |       0.01 |       0.01 |   1234 |     1.3130 |
|        1 |       1000 |           282.00 |           268.70 |       288.00 |         0.05 |       0.01 |       0.01 |   1650 |     1.7130 |
|        1 |       1500 |           282.00 |           268.70 |       289.00 |         0.01 |       0.01 |       0.01 |   1900 |     2.0884 |
|        1 |       2000 |           282.00 |           268.70 |       295.00 |         0.14 |       0.01 |       0.01 |   2190 |     2.4666 |
|        1 |       2500 |           282.00 |           268.68 |       288.64 |         0.70 |       0.01 |       0.01 |   2453 |     2.8460 |
|        1 |       3000 |           282.00 |           268.68 |       293.00 |         0.31 |       0.01 |       0.01 |   2742 |     3.2371 |
|        1 |       3500 |           282.00 |           261.68 |       320.00 |         0.04 |       0.01 |       0.01 |   3001 |     3.6318 |
|        1 |       4000 |           282.00 |           261.68 |       307.65 |         0.49 |       0.01 |       0.01 |   3223 |     4.0204 |
|        1 |       4500 |           282.00 |           261.68 |       295.53 |         0.54 |       0.01 |       0.01 |   3518 |     4.4020 |
|        1 |       5000 |           282.00 |           261.68 |       289.25 |         0.45 |       0.01 |       0.01 |   3724 |     4.7816 |
Version identifier: 22.1.1.0 | 2022-11-28 | 9160aff4d
CPXPARAM_MIP_Tolerances_UpperCutoff              282.5
Tried aggregator 1 time.
MIP Presolve eliminated 63 rows and 432 columns.
MIP Presolve modified 1498 coefficients.
Reduced MIP has 38 rows, 1012 columns, and 13129 nonzeros.
Reduced MIP has 1012 binaries, 0 generals, 0 SOSs, and 0 indicators.
Presolve time = 0.03 sec. (19.00 ticks)
Probing fixed 84 vars, tightened 0 bounds.
Probing changed sense of 1 constraints.
Probing time = 0.07 sec. (25.30 ticks)
Tried aggregator 1 time.
Detecting symmetries...
MIP Presolve eliminated 2 rows and 86 columns.
MIP Presolve modified 569 coefficients.
Reduced MIP has 36 rows, 926 columns, and 11215 nonzeros.
Reduced MIP has 926 binaries, 0 generals, 0 SOSs, and 0 indicators.
Presolve time = 0.02 sec. (10.50 ticks)
Probing fixed 1 vars, tightened 0 bounds.
Probing time = 0.04 sec. (13.49 ticks)
Clique table members: 119.
MIP emphasis: balance optimality and feasibility.
MIP search method: dynamic search.
Parallel mode: deterministic, using up to 4 threads.
Root relaxation solution time = 0.01 sec. (5.69 ticks)

        Nodes                                         Cuts/
   Node  Left     Objective  IInf  Best Integer    Best Bound    ItCnt     Gap

      0     0      273.1000    18                    273.1000      117         
      0     0      277.5000     5                    Cuts: 13      241         
      0     0      280.2273    21                    Cuts: 18      435         
Detecting symmetries...

Repeating presolve.
Tried aggregator 1 time.
MIP Presolve eliminated 11 rows and 841 columns.
MIP Presolve modified 525 coefficients.
Reduced MIP has 23 rows, 85 columns, and 696 nonzeros.
Reduced MIP has 85 binaries, 0 generals, 0 SOSs, and 0 indicators.
Presolve time = 0.01 sec. (5.47 ticks)
Probing fixed 59 vars, tightened 0 bounds.
Probing changed sense of 1 constraints.
Probing time = 0.00 sec. (0.39 ticks)
Cover probing fixed 7 vars, tightened 0 bounds.
Tried aggregator 1 time.
MIP Presolve eliminated 10 rows and 71 columns.
MIP Presolve modified 21 coefficients.
Reduced MIP has 11 rows, 14 columns, and 57 nonzeros.
Reduced MIP has 14 binaries, 0 generals, 0 SOSs, and 0 indicators.
Presolve time = 0.00 sec. (0.14 ticks)
Probing fixed 1 vars, tightened 0 bounds.
Probing changed sense of 3 constraints.
Probing time = 0.00 sec. (0.02 ticks)
Tried aggregator 2 times.
MIP Presolve eliminated 6 rows and 8 columns.
Aggregator did 1 substitutions.
Reduced MIP has 4 rows, 5 columns, and 12 nonzeros.
Reduced MIP has 5 binaries, 0 generals, 0 SOSs, and 0 indicators.
Presolve time = 0.00 sec. (0.03 ticks)
Probing time = 0.00 sec. (0.00 ticks)
Tried aggregator 1 time.
MIP Presolve eliminated 4 rows and 5 columns.
All rows and columns eliminated.
Presolve time = 0.00 sec. (0.00 ticks)
Represolve time = 0.01 sec. (6.74 ticks)

Root node processing (before b&c):
  Real time             =    0.32 sec. (138.53 ticks)
Parallel b&c, 4 threads:
  Real time             =    0.00 sec. (0.00 ticks)
  Sync time (average)   =    0.00 sec.
  Wait time (average)   =    0.00 sec.
                          ------------
Total (root+branch&cut) =    0.32 sec. (138.53 ticks)
ERROR: LoadError: Result index of attribute MathOptInterface.ObjectiveValue(1) out of bounds. There are currently 0 solution(s) in the model.
Stacktrace:
  [1] check_result_index_bounds
    @ ~/.julia/packages/MathOptInterface/zq9bo/src/attributes.jl:207 [inlined]
  [2] get(model::CPLEX.Optimizer, attr::MathOptInterface.ObjectiveValue)
    @ CPLEX ~/.julia/packages/CPLEX/5jmjD/src/MOI/MOI_wrapper.jl:3263
  [3] get(b::MathOptInterface.Bridges.LazyBridgeOptimizer{CPLEX.Optimizer}, attr::MathOptInterface.ObjectiveValue)
    @ MathOptInterface.Bridges ~/.julia/packages/MathOptInterface/zq9bo/src/Bridges/bridge_optimizer.jl:1247
  [4] _get_model_attribute(model::MathOptInterface.Utilities.CachingOptimizer{MathOptInterface.Bridges.LazyBridgeOptimizer{CPLEX.Optimizer}, MathOptInterface.Utilities.UniversalFallback{MathOptInterface.Utilities.Model{Float64}}}, attr::MathOptInterface.ObjectiveValue)
    @ MathOptInterface.Utilities ~/.julia/packages/MathOptInterface/zq9bo/src/Utilities/cachingoptimizer.jl:851
  [5] get
    @ ~/.julia/packages/MathOptInterface/zq9bo/src/Utilities/cachingoptimizer.jl:914 [inlined]
  [6] _moi_get_result(model::MathOptInterface.Utilities.CachingOptimizer{MathOptInterface.Bridges.LazyBridgeOptimizer{CPLEX.Optimizer}, MathOptInterface.Utilities.UniversalFallback{MathOptInterface.Utilities.Model{Float64}}}, args::MathOptInterface.ObjectiveValue)
    @ JuMP ~/.julia/packages/JuMP/N7h14/src/optimizer_interface.jl:1199
  [7] get(model::Model, attr::MathOptInterface.ObjectiveValue)
    @ JuMP ~/.julia/packages/JuMP/N7h14/src/optimizer_interface.jl:1219
  [8] objective_value(model::Model; result::Int64)
    @ JuMP ~/.julia/packages/JuMP/N7h14/src/objective.jl:122
  [9] objective_value
    @ ~/.julia/packages/JuMP/N7h14/src/objective.jl:118 [inlined]
 [10] macro expansion
    @ ./show.jl:1270 [inlined]
 [11] setPartitioning(solver::Solver)
    @ Main ~/Documentos/GitHub/ILS-FCVRP/src/setPartitioning.jl:86
 [12] ILS(solver::Solver)
    @ Main ~/Documentos/GitHub/ILS-FCVRP/src/algorithms.jl:44
 [13] macro expansion
    @ ./timing.jl:461 [inlined]
 [14] main(instance::String; plot::Bool, plotPath::String, plotName::String, seed::Int64, restarts::Int64, iterMax::Int64, nbGranular::Int64, penalty::Int64, randShift::Int64, randSwap::Int64, neighborhoods::Vector{Int64})
    @ Main ~/Documentos/GitHub/ILS-FCVRP/src/main.jl:81
 [15] top-level scope
    @ ~/Documentos/GitHub/ILS-FCVRP/src/main.jl:124
 [16] include(mod::Module, _path::String)
    @ Base ./Base.jl:306
 [17] exec_options(opts::Base.JLOptions)
    @ Base ./client.jl:317
 [18] _start()
    @ Base ./client.jl:550
in expression starting at /home/bruno/Documentos/GitHub/ILS-FCVRP/src/main.jl:122
termination_status(sp) = INFEASIBLE
