Executando com parâmetros:
  path       = instances/homogeneous_fleet/70_100/P76_3_8_1_2.fcvrp
  seed       = 1
  restarts   = 1
  iterMax    = 5000
  randShift  = 1
  randSwap   = 1
Executando instancia P76_3_8_1_2.fcvrp na seed 1
------------------------------------------------------------------------------------------------------------------------------------------------
|  Restart |       Iter |       Best Feas. |             Best |      Current |       CapPen |  MinVisPen |  MaxVisPen |   Pool |    Time(s) |
------------------------------------------------------------------------------------------------------------------------------------------------
|        1 |          0 |           386.00 |           386.00 |       386.00 |        88.64 |      88.64 |      88.64 |      3 |     0.5618 |
|        1 |        500 |           347.00 |           329.78 |       370.41 |         0.27 |       0.01 |       0.01 |   1145 |     2.5879 |
|        1 |       1000 |           347.00 |           329.78 |       385.91 |         0.11 |       0.01 |       0.01 |   1644 |     3.9406 |
|        1 |       1500 |           347.00 |           329.78 |       355.00 |         0.01 |       0.01 |       0.01 |   2098 |     5.3287 |
|        1 |       2000 |           347.00 |           329.78 |       351.00 |         0.03 |       0.01 |       0.01 |   2580 |     6.6730 |
|        1 |       2500 |           347.00 |           329.78 |       348.40 |         0.21 |       0.01 |       0.01 |   3037 |     8.0556 |
|        1 |       3000 |           347.00 |           329.78 |       350.58 |         0.13 |       0.01 |       0.01 |   3492 |     9.3542 |
|        1 |       3500 |           347.00 |           329.78 |       369.00 |         0.04 |       0.01 |       0.01 |   3934 |    10.6085 |
|        1 |       4000 |           347.00 |           329.78 |       353.00 |         0.03 |       0.01 |       0.01 |   4329 |    11.8922 |
|        1 |       4500 |           347.00 |           329.78 |       362.00 |         0.04 |       0.01 |       0.01 |   4746 |    13.2200 |
|        1 |       5000 |           347.00 |           329.78 |       363.00 |         0.04 |       0.01 |       0.01 |   5145 |    14.6250 |
Version identifier: 22.1.1.0 | 2022-11-28 | 9160aff4d
CPXPARAM_MIP_Tolerances_UpperCutoff              347.5
Tried aggregator 1 time.
MIP Presolve eliminated 20 rows and 260 columns.
MIP Presolve modified 1241 coefficients.
Reduced MIP has 66 rows, 2166 columns, and 39546 nonzeros.
Reduced MIP has 2166 binaries, 0 generals, 0 SOSs, and 0 indicators.
Presolve time = 0.09 sec. (55.87 ticks)
Tried aggregator 1 time.
Detecting symmetries...
Reduced MIP has 66 rows, 2166 columns, and 39546 nonzeros.
Reduced MIP has 2166 binaries, 0 generals, 0 SOSs, and 0 indicators.
Presolve time = 0.04 sec. (24.48 ticks)
Probing time = 0.02 sec. (8.77 ticks)
Clique table members: 118.
MIP emphasis: balance optimality and feasibility.
MIP search method: dynamic search.
Parallel mode: deterministic, using up to 4 threads.
Root relaxation solution time = 0.02 sec. (19.98 ticks)

        Nodes                                         Cuts/
   Node  Left     Objective  IInf  Best Integer    Best Bound    ItCnt     Gap

      0     0      339.1087    21                    339.1087      160         
      0     0      340.1260    27                    Cuts: 25      252         
      0     0      340.6590    23                    Cuts: 16      303         
Detecting symmetries...

Repeating presolve.
Tried aggregator 1 time.
MIP Presolve eliminated 15 rows and 968 columns.
MIP Presolve modified 4 coefficients.
Reduced MIP has 51 rows, 1198 columns, and 20803 nonzeros.
Reduced MIP has 1198 binaries, 0 generals, 0 SOSs, and 0 indicators.
Presolve time = 0.04 sec. (28.47 ticks)
Probing fixed 12 vars, tightened 0 bounds.
Probing time = 0.11 sec. (42.77 ticks)
Tried aggregator 1 time.
Detecting symmetries...
MIP Presolve eliminated 0 rows and 12 columns.
Reduced MIP has 51 rows, 1186 columns, and 20566 nonzeros.
Reduced MIP has 1186 binaries, 0 generals, 0 SOSs, and 0 indicators.
Presolve time = 0.02 sec. (11.89 ticks)
Represolve time = 0.21 sec. (91.65 ticks)
Probing time = 0.02 sec. (6.49 ticks)
Clique table members: 106.
MIP emphasis: balance optimality and feasibility.
MIP search method: dynamic search.
Parallel mode: deterministic, using up to 4 threads.
Root relaxation solution time = 0.03 sec. (16.31 ticks)

        Nodes                                         Cuts/
   Node  Left     Objective  IInf  Best Integer    Best Bound    ItCnt     Gap

      0     0      340.6590    23                    340.6590      455         
      0     0      341.1650    31                    Cuts: 12      495         
      0     0      341.3611    30                     Cuts: 5      530         
      0     0      341.4718    31                     Cuts: 5      558         
      0     0      341.6317    32                     Cuts: 5      594         
      0     0      341.6634    34                     Cuts: 6      622         
      0     0      341.6767    34                     Cuts: 5      639         
*     0+    0                          347.0000      341.6767             1.53%
      0     0      341.6801    35      347.0000    Cliques: 3      653    1.46%
Detecting symmetries...
      0     2      341.6801    35      347.0000      341.9330      653    1.46%
Elapsed time = 1.73 sec. (769.35 ticks, tree = 0.02 MB, solutions = 1)
    243    15      344.7298    26      347.0000      344.3522     3418    0.76%

Clique cuts applied:  8
Zero-half cuts applied:  10
Gomory fractional cuts applied:  2

Root node processing (before b&c):
  Real time             =    1.72 sec. (768.86 ticks)
Parallel b&c, 4 threads:
  Real time             =    0.44 sec. (272.33 ticks)
  Sync time (average)   =    0.28 sec.
  Wait time (average)   =    0.00 sec.
                          ------------
Total (root+branch&cut) =    2.16 sec. (1041.18 ticks)
termination_status(sp) = OPTIMAL
objective_value(sp) = 347.0000000000001
#1: 0 (0) -> 46 (19) -> 8 (42) -> 35 (62) -> 53 (80) -> 11 (103) -> 66 (119) -> 65 (135) -> 38 (155) -> 58 (171) -> 72 (187) -> 26 (207) -> 0 (207)
#2: 0 (0) -> 17 (18) -> 40 (37) -> 25 (52) -> 50 (71) -> 24 (86) -> 49 (105) -> 23 (120) -> 56 (138) -> 41 (157) -> 42 (176) -> 22 (191) -> 62 (207) -> 73 (223) -> 33 (243) -> 6 (264) -> 0 (264)
#3: 0 (0) -> 75 (16) -> 68 (32) -> 2 (53) -> 74 (69) -> 47 (88) -> 36 (108) -> 71 (124) -> 60 (140) -> 70 (156) -> 20 (174) -> 15 (192) -> 57 (208) -> 54 (226) -> 52 (244) -> 34 (264) -> 67 (280) -> 0 (280)

Cost: 347.0
Executando instancia P76_3_8_1_2.fcvrp na seed 2
------------------------------------------------------------------------------------------------------------------------------------------------
|  Restart |       Iter |       Best Feas. |             Best |      Current |       CapPen |  MinVisPen |  MaxVisPen |   Pool |    Time(s) |
------------------------------------------------------------------------------------------------------------------------------------------------
|        1 |          0 |           381.00 |           381.00 |       381.00 |        73.97 |      73.97 |      73.97 |      3 |     0.0079 |
|        1 |        500 |           348.00 |           347.82 |       368.85 |         0.07 |       0.01 |       0.01 |    898 |     1.9367 |
|        1 |       1000 |           348.00 |           347.82 |       385.46 |         0.20 |       0.01 |       0.01 |   1461 |     3.2287 |
|        1 |        500 |           347.00 |           340.11 |       362.68 |         0.06 |       0.01 |       0.01 |   2257 |     5.1877 |
|        1 |       1000 |           347.00 |           331.33 |       359.00 |         0.13 |       0.01 |       0.01 |   2719 |     6.4768 |
|        1 |       1500 |           347.00 |           331.33 |       373.00 |         0.01 |       0.01 |       0.01 |   3159 |     7.7258 |
|        1 |       2000 |           347.00 |           331.33 |       349.88 |         0.31 |       0.01 |       0.01 |   3614 |     9.0036 |
|        1 |       2500 |           347.00 |           331.33 |       366.18 |         0.01 |       0.01 |       0.01 |   4010 |    10.2889 |
|        1 |       3000 |           347.00 |           331.33 |       355.00 |         0.14 |       0.01 |       0.01 |   4404 |    11.6191 |
|        1 |       3500 |           347.00 |           331.33 |       370.00 |         0.04 |       0.01 |       0.01 |   4860 |    13.1031 |
|        1 |       4000 |           347.00 |           331.33 |       361.00 |         0.18 |       0.01 |       0.01 |   5274 |    14.5743 |
|        1 |       4500 |           347.00 |           319.38 |       375.00 |         0.37 |       0.01 |       0.01 |   5552 |    15.9409 |
|        1 |       5000 |           347.00 |           319.38 |       392.00 |         0.22 |       0.01 |       0.01 |   5974 |    17.2860 |
Version identifier: 22.1.1.0 | 2022-11-28 | 9160aff4d
CPXPARAM_MIP_Tolerances_UpperCutoff              347.5
Tried aggregator 1 time.
MIP Presolve eliminated 20 rows and 307 columns.
MIP Presolve modified 1529 coefficients.
Reduced MIP has 66 rows, 2654 columns, and 47947 nonzeros.
Reduced MIP has 2654 binaries, 0 generals, 0 SOSs, and 0 indicators.
Presolve time = 0.11 sec. (63.29 ticks)
Tried aggregator 1 time.
Detecting symmetries...
Reduced MIP has 66 rows, 2654 columns, and 47947 nonzeros.
Reduced MIP has 2654 binaries, 0 generals, 0 SOSs, and 0 indicators.
Presolve time = 0.06 sec. (30.99 ticks)
Probing time = 0.02 sec. (9.87 ticks)
Clique table members: 128.
MIP emphasis: balance optimality and feasibility.
MIP search method: dynamic search.
Parallel mode: deterministic, using up to 4 threads.
Root relaxation solution time = 0.02 sec. (10.69 ticks)

        Nodes                                         Cuts/
   Node  Left     Objective  IInf  Best Integer    Best Bound    ItCnt     Gap

      0     0      339.1973    18                    339.1973      152         
      0     0      340.7936    23                    Cuts: 28      228         
*     0+    0                          347.0000      340.7936             1.79%
      0     0      340.9120    24      347.0000       Cuts: 8      248    1.75%
Detecting symmetries...

Repeating presolve.
Tried aggregator 1 time.
MIP Presolve eliminated 16 rows and 1638 columns.
MIP Presolve modified 6 coefficients.
Reduced MIP has 50 rows, 1016 columns, and 17849 nonzeros.
Reduced MIP has 1016 binaries, 0 generals, 0 SOSs, and 0 indicators.
Presolve time = 0.04 sec. (28.75 ticks)
Probing fixed 25 vars, tightened 0 bounds.
Probing time = 0.07 sec. (35.97 ticks)
Tried aggregator 1 time.
MIP Presolve eliminated 0 rows and 28 columns.
MIP Presolve modified 296 coefficients.
Reduced MIP has 50 rows, 988 columns, and 17575 nonzeros.
Reduced MIP has 988 binaries, 0 generals, 0 SOSs, and 0 indicators.
Presolve time = 0.02 sec. (16.69 ticks)
Probing fixed 8 vars, tightened 0 bounds.
Probing time = 0.07 sec. (34.51 ticks)
Tried aggregator 1 time.
Detecting symmetries...
MIP Presolve eliminated 0 rows and 8 columns.
Reduced MIP has 50 rows, 980 columns, and 17426 nonzeros.
Reduced MIP has 980 binaries, 0 generals, 0 SOSs, and 0 indicators.
Presolve time = 0.02 sec. (10.19 ticks)
Represolve time = 0.25 sec. (136.58 ticks)
Probing time = 0.01 sec. (5.83 ticks)
Clique table members: 106.
MIP emphasis: balance optimality and feasibility.
MIP search method: dynamic search.
Parallel mode: deterministic, using up to 4 threads.
Root relaxation solution time = 0.01 sec. (14.81 ticks)

        Nodes                                         Cuts/
   Node  Left     Objective  IInf  Best Integer    Best Bound    ItCnt     Gap

*     0+    0                          347.0000      340.9120             1.75%
      0     0      340.9266    23      347.0000      340.9266      430    1.75%
      0     0      340.9954    21      347.0000    MIRcuts: 2      452    1.73%
      0     0      341.2868    25      347.0000   ZeroHalf: 2      489    1.65%
      0     0      341.4311    27      347.0000       Cuts: 7      518    1.60%
      0     0      341.4856    30      347.0000       Cuts: 5      546    1.59%
      0     0      341.6304    30      347.0000       Cuts: 6      588    1.41%
Detecting symmetries...
      0     0      341.6521    30      347.0000       Cuts: 6      609    1.41%
      0     0      341.7600    27      347.0000   ZeroHalf: 3      637    1.41%
Detecting symmetries...
      0     2      341.7674    25      347.0000      343.9703      637    0.87%
Elapsed time = 1.64 sec. (829.60 ticks, tree = 0.02 MB, solutions = 1)
    197    10      343.9162    30      347.0000      343.9703     3402    0.87%

Clique cuts applied:  6
Mixed integer rounding cuts applied:  1
Zero-half cuts applied:  8
Gomory fractional cuts applied:  2

Root node processing (before b&c):
  Real time             =    1.64 sec. (829.19 ticks)
Parallel b&c, 4 threads:
  Real time             =    0.46 sec. (351.35 ticks)
  Sync time (average)   =    0.30 sec.
  Wait time (average)   =    0.00 sec.
                          ------------
Total (root+branch&cut) =    2.10 sec. (1180.54 ticks)
termination_status(sp) = OPTIMAL
objective_value(sp) = 347.00000000000006
#1: 0 (0) -> 34 (20) -> 52 (38) -> 54 (56) -> 57 (72) -> 15 (90) -> 20 (108) -> 70 (124) -> 60 (140) -> 71 (156) -> 36 (176) -> 47 (195) -> 74 (211) -> 2 (232) -> 68 (248) -> 75 (264) -> 0 (264)
#2: 0 (0) -> 67 (16) -> 46 (35) -> 8 (58) -> 35 (78) -> 53 (96) -> 11 (119) -> 66 (135) -> 65 (151) -> 38 (171) -> 58 (187) -> 72 (203) -> 26 (223) -> 0 (223)
#3: 0 (0) -> 17 (18) -> 40 (37) -> 32 (57) -> 25 (72) -> 50 (91) -> 24 (106) -> 49 (125) -> 23 (140) -> 56 (158) -> 41 (177) -> 42 (196) -> 22 (211) -> 62 (227) -> 73 (243) -> 6 (264) -> 0 (264)

Cost: 347.0
Executando instancia P76_3_8_1_2.fcvrp na seed 3
------------------------------------------------------------------------------------------------------------------------------------------------
|  Restart |       Iter |       Best Feas. |             Best |      Current |       CapPen |  MinVisPen |  MaxVisPen |   Pool |    Time(s) |
------------------------------------------------------------------------------------------------------------------------------------------------
|        1 |          0 |           388.00 |           388.00 |       388.00 |        81.79 |      81.79 |      81.79 |      3 |     0.0056 |
|        1 |        500 |           347.00 |           346.89 |       369.00 |         0.43 |       0.01 |       0.01 |    966 |     2.3674 |
|        1 |       1000 |           347.00 |           346.89 |       353.00 |         0.30 |       0.01 |       0.01 |   1527 |     3.8842 |
|        1 |       1500 |           347.00 |           346.30 |       351.00 |         0.02 |       0.01 |       0.01 |   2028 |     5.5039 |
|        1 |       2000 |           347.00 |           345.38 |       379.00 |         0.24 |       0.01 |       0.01 |   2534 |     7.0332 |
|        1 |       2500 |           347.00 |           342.81 |       379.00 |         0.41 |       0.01 |       0.01 |   3010 |     8.4332 |
|        1 |       3000 |           347.00 |           342.81 |       368.00 |         0.12 |       0.01 |       0.01 |   3496 |     9.8216 |
|        1 |       3500 |           347.00 |           332.52 |       364.64 |         0.04 |       0.01 |       0.01 |   3877 |    11.2407 |
|        1 |       4000 |           347.00 |           332.52 |       364.00 |         0.02 |       0.01 |       0.01 |   4309 |    12.7250 |
|        1 |       4500 |           347.00 |           332.52 |       396.00 |         0.63 |       0.01 |       0.01 |   4630 |    14.1623 |
|        1 |       5000 |           347.00 |           320.40 |       359.37 |         0.20 |       0.01 |       0.01 |   5060 |    15.5102 |
Version identifier: 22.1.1.0 | 2022-11-28 | 9160aff4d
CPXPARAM_MIP_Tolerances_UpperCutoff              347.5
Tried aggregator 1 time.
MIP Presolve eliminated 18 rows and 251 columns.
MIP Presolve modified 1320 coefficients.
Reduced MIP has 68 rows, 2248 columns, and 41344 nonzeros.
Reduced MIP has 2248 binaries, 0 generals, 0 SOSs, and 0 indicators.
Presolve time = 0.11 sec. (44.76 ticks)
Tried aggregator 1 time.
Detecting symmetries...
Reduced MIP has 68 rows, 2248 columns, and 41344 nonzeros.
Reduced MIP has 2248 binaries, 0 generals, 0 SOSs, and 0 indicators.
Presolve time = 0.06 sec. (25.52 ticks)
Probing fixed 2 vars, tightened 0 bounds.
Probing time = 0.09 sec. (26.20 ticks)
Clique table members: 124.
MIP emphasis: balance optimality and feasibility.
MIP search method: dynamic search.
Parallel mode: deterministic, using up to 4 threads.
Root relaxation solution time = 0.03 sec. (18.05 ticks)

        Nodes                                         Cuts/
   Node  Left     Objective  IInf  Best Integer    Best Bound    ItCnt     Gap

      0     0      339.4642    18                    339.4642      120         
      0     0      340.8653    25                    Cuts: 29      194         
      0     0      342.0645    25                     Cuts: 6      256         
Detecting symmetries...

Repeating presolve.
Tried aggregator 1 time.
MIP Presolve eliminated 22 rows and 1293 columns.
MIP Presolve modified 4 coefficients.
Reduced MIP has 46 rows, 955 columns, and 15857 nonzeros.
Reduced MIP has 955 binaries, 0 generals, 0 SOSs, and 0 indicators.
Presolve time = 0.03 sec. (22.20 ticks)
Probing fixed 17 vars, tightened 0 bounds.
Probing time = 0.06 sec. (30.89 ticks)
Tried aggregator 1 time.
Detecting symmetries...
MIP Presolve eliminated 0 rows and 17 columns.
MIP Presolve modified 382 coefficients.
Reduced MIP has 46 rows, 938 columns, and 15365 nonzeros.
Reduced MIP has 938 binaries, 0 generals, 0 SOSs, and 0 indicators.
Presolve time = 0.02 sec. (11.18 ticks)
Represolve time = 0.14 sec. (70.55 ticks)
Probing fixed 4 vars, tightened 0 bounds.
Probing time = 0.05 sec. (21.99 ticks)
Clique table members: 114.
MIP emphasis: balance optimality and feasibility.
MIP search method: dynamic search.
Parallel mode: deterministic, using up to 4 threads.
Root relaxation solution time = 0.01 sec. (12.14 ticks)

        Nodes                                         Cuts/
   Node  Left     Objective  IInf  Best Integer    Best Bound    ItCnt     Gap

      0     0      342.0645    25                    342.0645      404         
*     0+    0                          347.0000      342.0645             1.42%
      0     0      342.4501    28      347.0000      Cuts: 10      442    1.31%
      0     0      342.7330    29      347.0000       Cuts: 3      462    1.23%
Detecting symmetries...

Repeating presolve.
Tried aggregator 1 time.
MIP Presolve eliminated 2 rows and 386 columns.
MIP Presolve modified 4 coefficients.
Reduced MIP has 44 rows, 552 columns, and 9123 nonzeros.
Reduced MIP has 552 binaries, 0 generals, 0 SOSs, and 0 indicators.
Presolve time = 0.01 sec. (9.09 ticks)
Probing fixed 14 vars, tightened 0 bounds.
Probing time = 0.05 sec. (39.75 ticks)
Tried aggregator 1 time.
MIP Presolve eliminated 1 rows and 14 columns.
Reduced MIP has 43 rows, 538 columns, and 8705 nonzeros.
Reduced MIP has 538 binaries, 0 generals, 0 SOSs, and 0 indicators.
Presolve time = 0.01 sec. (5.07 ticks)
Probing time = 0.01 sec. (4.21 ticks)
Tried aggregator 1 time.
Detecting symmetries...
Reduced MIP has 43 rows, 538 columns, and 8705 nonzeros.
Reduced MIP has 538 binaries, 0 generals, 0 SOSs, and 0 indicators.
Presolve time = 0.01 sec. (4.86 ticks)
Represolve time = 0.10 sec. (69.52 ticks)
Probing time = 0.01 sec. (4.21 ticks)
Clique table members: 113.
MIP emphasis: balance optimality and feasibility.
MIP search method: dynamic search.
Parallel mode: deterministic, using up to 4 threads.
Root relaxation solution time = 0.01 sec. (6.94 ticks)

        Nodes                                         Cuts/
   Node  Left     Objective  IInf  Best Integer    Best Bound    ItCnt     Gap

*     0+    0                          347.0000      342.7330             1.23%
      0     0      342.7330    29      347.0000      342.7330      588    1.23%
      0     0      342.9909    29      347.0000       Cuts: 4      611    1.16%
      0     0      343.1124    31      347.0000       Cuts: 6      648    1.12%
      0     0      343.2666    36      347.0000       Cuts: 7      680    1.08%
      0     0      343.2958    33      347.0000    Cliques: 3      700    1.07%
      0     0      343.4052    36      347.0000   ZeroHalf: 3      739    1.04%
      0     0      343.4359    35      347.0000       Cuts: 2      753    1.03%
      0     0      343.4703    36      347.0000       Cuts: 4      780    1.02%
      0     0      343.4894    37      347.0000   ZeroHalf: 1      793    1.01%
      0     0      343.5410    37      347.0000   ZeroHalf: 1      813    1.00%
      0     0      343.7401    36      347.0000       Cuts: 3      868    0.82%
      0     0        cutoff            347.0000      347.0000      868    0.00%
Elapsed time = 1.54 sec. (703.38 ticks, tree = 0.01 MB, solutions = 1)

GUB cover cuts applied:  1
Clique cuts applied:  5
Zero-half cuts applied:  12
Gomory fractional cuts applied:  2

Root node processing (before b&c):
  Real time             =    1.54 sec. (703.50 ticks)
Parallel b&c, 4 threads:
  Real time             =    0.00 sec. (0.00 ticks)
  Sync time (average)   =    0.00 sec.
  Wait time (average)   =    0.00 sec.
                          ------------
Total (root+branch&cut) =    1.54 sec. (703.50 ticks)
termination_status(sp) = OPTIMAL
objective_value(sp) = 347.0
#1: 0 (0) -> 34 (20) -> 52 (38) -> 54 (56) -> 57 (72) -> 15 (90) -> 20 (108) -> 70 (124) -> 60 (140) -> 71 (156) -> 36 (176) -> 47 (195) -> 74 (211) -> 2 (232) -> 68 (248) -> 75 (264) -> 0 (264)
#2: 0 (0) -> 67 (16) -> 46 (35) -> 8 (58) -> 35 (78) -> 53 (96) -> 11 (119) -> 66 (135) -> 65 (151) -> 38 (171) -> 58 (187) -> 72 (203) -> 26 (223) -> 0 (223)
#3: 0 (0) -> 17 (18) -> 40 (37) -> 32 (57) -> 25 (72) -> 50 (91) -> 24 (106) -> 49 (125) -> 23 (140) -> 56 (158) -> 41 (177) -> 42 (196) -> 22 (211) -> 62 (227) -> 73 (243) -> 6 (264) -> 0 (264)

Cost: 347.0
Executando instancia P76_3_8_1_2.fcvrp na seed 4
------------------------------------------------------------------------------------------------------------------------------------------------
|  Restart |       Iter |       Best Feas. |             Best |      Current |       CapPen |  MinVisPen |  MaxVisPen |   Pool |    Time(s) |
------------------------------------------------------------------------------------------------------------------------------------------------
|        1 |          0 |           405.00 |           405.00 |       405.00 |        80.16 |      80.16 |      80.16 |      3 |     0.0042 |
|        1 |        500 |           347.00 |           347.00 |       357.00 |         0.05 |       0.01 |       0.01 |    800 |     1.7809 |
|        1 |       1000 |           347.00 |           337.81 |       369.27 |         0.04 |       0.01 |       0.01 |   1415 |     3.1505 |
|        1 |       1500 |           347.00 |           337.81 |       364.85 |         0.18 |       0.01 |       0.01 |   1926 |     4.4412 |
|        1 |       2000 |           347.00 |           329.48 |       356.00 |         0.08 |       0.01 |       0.01 |   2377 |     5.7302 |
|        1 |       2500 |           347.00 |           329.48 |       355.00 |         0.11 |       0.01 |       0.01 |   2803 |     6.9536 |
|        1 |       3000 |           347.00 |           329.48 |       381.00 |         0.10 |       0.01 |       0.01 |   3278 |     8.2520 |
|        1 |       3500 |           347.00 |           329.48 |       406.79 |         0.63 |       0.01 |       0.01 |   3636 |     9.6025 |
|        1 |       4000 |           347.00 |           329.48 |       357.00 |         0.01 |       0.01 |       0.01 |   4143 |    10.9215 |
|        1 |       4500 |           347.00 |           329.48 |       380.32 |         0.35 |       0.01 |       0.01 |   4542 |    12.2216 |
|        1 |       5000 |           347.00 |           329.48 |       355.00 |         0.02 |       0.01 |       0.01 |   5052 |    13.5792 |
Version identifier: 22.1.1.0 | 2022-11-28 | 9160aff4d
CPXPARAM_MIP_Tolerances_UpperCutoff              347.5
Tried aggregator 1 time.
MIP Presolve eliminated 25 rows and 288 columns.
MIP Presolve modified 1285 coefficients.
Reduced MIP has 61 rows, 2171 columns, and 38042 nonzeros.
Reduced MIP has 2171 binaries, 0 generals, 0 SOSs, and 0 indicators.
Presolve time = 0.09 sec. (55.60 ticks)
Tried aggregator 1 time.
Detecting symmetries...
Reduced MIP has 61 rows, 2171 columns, and 38042 nonzeros.
Reduced MIP has 2171 binaries, 0 generals, 0 SOSs, and 0 indicators.
Presolve time = 0.04 sec. (23.58 ticks)
Probing time = 0.02 sec. (8.89 ticks)
Clique table members: 126.
MIP emphasis: balance optimality and feasibility.
MIP search method: dynamic search.
Parallel mode: deterministic, using up to 4 threads.
Root relaxation solution time = 0.03 sec. (16.09 ticks)

        Nodes                                         Cuts/
   Node  Left     Objective  IInf  Best Integer    Best Bound    ItCnt     Gap

      0     0      339.6712    18                    339.6712      116         
      0     0      343.6301    27                    Cuts: 17      186         
      0     0      344.1291    32                    Cuts: 13      244         
*     0+    0                          347.0000      344.1291             0.83%
*     0+    0                          347.0000      344.1291             0.83%
Detecting symmetries...

Repeating presolve.
Tried aggregator 1 time.
MIP Presolve eliminated 21 rows and 1837 columns.
MIP Presolve modified 14 coefficients.
Reduced MIP has 40 rows, 334 columns, and 5575 nonzeros.
Reduced MIP has 334 binaries, 0 generals, 0 SOSs, and 0 indicators.
Presolve time = 0.03 sec. (16.13 ticks)
Probing fixed 23 vars, tightened 0 bounds.
Probing time = 0.02 sec. (15.05 ticks)
Tried aggregator 1 time.
MIP Presolve eliminated 3 rows and 28 columns.
MIP Presolve modified 110 coefficients.
Reduced MIP has 37 rows, 306 columns, and 4688 nonzeros.
Reduced MIP has 306 binaries, 0 generals, 0 SOSs, and 0 indicators.
Presolve time = 0.01 sec. (5.88 ticks)
Probing fixed 21 vars, tightened 0 bounds.
Probing time = 0.02 sec. (12.16 ticks)
Tried aggregator 1 time.
MIP Presolve eliminated 0 rows and 21 columns.
Reduced MIP has 37 rows, 285 columns, and 4364 nonzeros.
Reduced MIP has 285 binaries, 0 generals, 0 SOSs, and 0 indicators.
Presolve time = 0.00 sec. (3.12 ticks)
Probing fixed 3 vars, tightened 0 bounds.
Probing time = 0.02 sec. (10.87 ticks)
Tried aggregator 1 time.
Detecting symmetries...
MIP Presolve eliminated 0 rows and 3 columns.
Reduced MIP has 37 rows, 282 columns, and 4304 nonzeros.
Reduced MIP has 282 binaries, 0 generals, 0 SOSs, and 0 indicators.
Presolve time = 0.01 sec. (3.29 ticks)
Represolve time = 0.12 sec. (72.26 ticks)
Probing time = 0.00 sec. (3.31 ticks)
Clique table members: 114.
MIP emphasis: balance optimality and feasibility.
MIP search method: dynamic search.
Parallel mode: deterministic, using up to 4 threads.
Root relaxation solution time = 0.01 sec. (4.79 ticks)

        Nodes                                         Cuts/
   Node  Left     Objective  IInf  Best Integer    Best Bound    ItCnt     Gap

*     0+    0                          347.0000      344.1291             0.83%
      0     0      344.1906    28      347.0000      344.1906      371    0.81%
      0     0      345.1111    27      347.0000      Cuts: 21      458    0.54%
      0     0      345.5873    39      347.0000      Cuts: 26      538    0.41%
      0     0        cutoff            347.0000      347.0000      538    0.00%
Elapsed time = 0.90 sec. (375.53 ticks, tree = 0.01 MB, solutions = 2)

GUB cover cuts applied:  1
Clique cuts applied:  5
Zero-half cuts applied:  5
Lift and project cuts applied:  9
Gomory fractional cuts applied:  1

Root node processing (before b&c):
  Real time             =    0.90 sec. (375.61 ticks)
Parallel b&c, 4 threads:
  Real time             =    0.00 sec. (0.00 ticks)
  Sync time (average)   =    0.00 sec.
  Wait time (average)   =    0.00 sec.
                          ------------
Total (root+branch&cut) =    0.90 sec. (375.61 ticks)
termination_status(sp) = OPTIMAL
objective_value(sp) = 346.9999999999997
#1: 0 (0) -> 34 (20) -> 52 (38) -> 54 (56) -> 57 (72) -> 15 (90) -> 20 (108) -> 70 (124) -> 60 (140) -> 71 (156) -> 36 (176) -> 47 (195) -> 48 (214) -> 29 (234) -> 45 (253) -> 4 (274) -> 0 (274)
#2: 0 (0) -> 17 (18) -> 40 (37) -> 9 (60) -> 25 (75) -> 50 (94) -> 24 (109) -> 49 (128) -> 56 (146) -> 23 (161) -> 63 (177) -> 73 (193) -> 22 (208) -> 62 (224) -> 2 (245) -> 68 (261) -> 75 (277) -> 0 (277)
#3: 0 (0) -> 26 (20) -> 72 (36) -> 58 (52) -> 38 (72) -> 65 (88) -> 66 (104) -> 11 (127) -> 53 (145) -> 35 (165) -> 46 (184) -> 67 (200) -> 0 (200)

Cost: 347.0
Executando instancia P76_3_8_1_2.fcvrp na seed 5
------------------------------------------------------------------------------------------------------------------------------------------------
|  Restart |       Iter |       Best Feas. |             Best |      Current |       CapPen |  MinVisPen |  MaxVisPen |   Pool |    Time(s) |
------------------------------------------------------------------------------------------------------------------------------------------------
|        1 |          0 |           406.00 |           406.00 |       406.00 |        87.75 |      87.75 |      87.75 |      3 |     0.0053 |
|        1 |        500 |           347.00 |           325.29 |       360.00 |         0.34 |       0.01 |       0.01 |   1024 |     2.2409 |
|        1 |       1000 |           347.00 |           325.29 |       362.00 |         0.11 |       0.01 |       0.01 |   1517 |     3.5015 |
|        1 |       1500 |           347.00 |           325.29 |       352.94 |         0.19 |       0.01 |       0.01 |   2141 |     4.9079 |
|        1 |       2000 |           347.00 |           325.29 |       357.44 |         0.12 |       0.01 |       0.01 |   2618 |     6.5174 |
|        1 |       2500 |           347.00 |           325.29 |       349.00 |         0.05 |       0.01 |       0.01 |   3143 |     8.0310 |
|        1 |       3000 |           347.00 |           325.29 |       374.00 |         0.34 |       0.01 |       0.01 |   3561 |     9.3797 |
|        1 |       3500 |           347.00 |           325.29 |       379.00 |         0.07 |       0.01 |       0.01 |   4047 |    10.7484 |
|        1 |       4000 |           347.00 |           325.29 |       386.66 |         0.05 |       0.01 |       0.01 |   4500 |    12.0953 |
|        1 |       4500 |           347.00 |           325.29 |       357.38 |         0.14 |       0.01 |       0.01 |   4859 |    13.4702 |
|        1 |       5000 |           347.00 |           319.97 |       354.00 |         0.24 |       0.01 |       0.01 |   5235 |    14.8175 |
Version identifier: 22.1.1.0 | 2022-11-28 | 9160aff4d
CPXPARAM_MIP_Tolerances_UpperCutoff              347.5
Tried aggregator 1 time.
MIP Presolve eliminated 22 rows and 224 columns.
MIP Presolve modified 2 coefficients.
Reduced MIP has 64 rows, 2249 columns, and 40285 nonzeros.
Reduced MIP has 2249 binaries, 0 generals, 0 SOSs, and 0 indicators.
Presolve time = 0.10 sec. (59.06 ticks)
Tried aggregator 1 time.
Detecting symmetries...
Reduced MIP has 64 rows, 2249 columns, and 40285 nonzeros.
Reduced MIP has 2249 binaries, 0 generals, 0 SOSs, and 0 indicators.
Presolve time = 0.05 sec. (24.97 ticks)
Probing fixed 7 vars, tightened 0 bounds.
Probing time = 0.10 sec. (50.05 ticks)
Clique table members: 119.
MIP emphasis: balance optimality and feasibility.
MIP search method: dynamic search.
Parallel mode: deterministic, using up to 4 threads.
Root relaxation solution time = 0.02 sec. (16.43 ticks)

        Nodes                                         Cuts/
   Node  Left     Objective  IInf  Best Integer    Best Bound    ItCnt     Gap

      0     0      339.5488    18                    339.5488      106         
      0     0      340.6858    20                    Cuts: 19      170         
      0     0      341.1625    25                    Cuts: 11      196         
*     0+    0                          347.0000      341.1625             1.68%
Detecting symmetries...

Repeating presolve.
Tried aggregator 1 time.
MIP Presolve eliminated 14 rows and 1366 columns.
MIP Presolve modified 524 coefficients.
Reduced MIP has 50 rows, 883 columns, and 15725 nonzeros.
Reduced MIP has 883 binaries, 0 generals, 0 SOSs, and 0 indicators.
Presolve time = 0.04 sec. (23.25 ticks)
Probing fixed 29 vars, tightened 0 bounds.
Probing time = 0.06 sec. (26.73 ticks)
Tried aggregator 1 time.
MIP Presolve eliminated 2 rows and 29 columns.
Reduced MIP has 48 rows, 854 columns, and 14629 nonzeros.
Reduced MIP has 854 binaries, 0 generals, 0 SOSs, and 0 indicators.
Presolve time = 0.02 sec. (8.81 ticks)
Probing time = 0.04 sec. (5.44 ticks)
Tried aggregator 1 time.
Detecting symmetries...
Reduced MIP has 48 rows, 854 columns, and 14629 nonzeros.
Reduced MIP has 854 binaries, 0 generals, 0 SOSs, and 0 indicators.
Presolve time = 0.02 sec. (8.34 ticks)
Represolve time = 0.19 sec. (81.55 ticks)
Probing time = 0.01 sec. (5.44 ticks)
Clique table members: 110.
MIP emphasis: balance optimality and feasibility.
MIP search method: dynamic search.
Parallel mode: deterministic, using up to 4 threads.
Root relaxation solution time = 0.01 sec. (9.74 ticks)

        Nodes                                         Cuts/
   Node  Left     Objective  IInf  Best Integer    Best Bound    ItCnt     Gap

*     0+    0                          347.0000      341.4115             1.61%
      0     0      341.1625    24      347.0000      341.4115      340    1.61%
      0     0      341.3198    24      347.0000       Cuts: 4      355    1.61%
      0     0      341.3438    27      347.0000       Cuts: 6      372    1.61%
      0     0      341.5264    25      347.0000       Cuts: 6      417    1.58%
      0     0      341.6287    26      347.0000       Cuts: 3      446    1.55%
      0     0      341.7104    27      347.0000    Cliques: 9      480    1.52%
Detecting symmetries...
      0     0      341.7560    26      347.0000       Cuts: 3      497    1.51%
      0     0      342.0085    27      347.0000       Cuts: 3      550    1.29%
Detecting symmetries...

Repeating presolve.
Tried aggregator 1 time.
MIP Presolve eliminated 3 rows and 279 columns.
MIP Presolve modified 211 coefficients.
Reduced MIP has 45 rows, 575 columns, and 9791 nonzeros.
Reduced MIP has 575 binaries, 0 generals, 0 SOSs, and 0 indicators.
Presolve time = 0.02 sec. (11.66 ticks)
Probing fixed 16 vars, tightened 0 bounds.
Probing time = 0.06 sec. (44.50 ticks)
Tried aggregator 1 time.
MIP Presolve eliminated 2 rows and 16 columns.
MIP Presolve modified 1 coefficients.
Reduced MIP has 43 rows, 559 columns, and 9276 nonzeros.
Reduced MIP has 559 binaries, 0 generals, 0 SOSs, and 0 indicators.
Presolve time = 0.01 sec. (5.80 ticks)
Probing time = 0.01 sec. (4.45 ticks)
Tried aggregator 1 time.
Detecting symmetries...
Reduced MIP has 43 rows, 559 columns, and 9276 nonzeros.
Reduced MIP has 559 binaries, 0 generals, 0 SOSs, and 0 indicators.
Presolve time = 0.01 sec. (5.26 ticks)
Represolve time = 0.13 sec. (81.36 ticks)
Probing time = 0.01 sec. (4.45 ticks)
Clique table members: 115.
MIP emphasis: balance optimality and feasibility.
MIP search method: dynamic search.
Parallel mode: deterministic, using up to 4 threads.
Root relaxation solution time = 0.01 sec. (8.58 ticks)

        Nodes                                         Cuts/
   Node  Left     Objective  IInf  Best Integer    Best Bound    ItCnt     Gap

*     0+    0                          347.0000      343.0888             1.13%
      0     0      342.0700    27      347.0000      343.0888      712    1.13%
      0     0      342.4486    28      347.0000       Cuts: 5      741    1.13%
      0     0      342.5038    31      347.0000       Cuts: 4      759    1.13%
      0     0      342.6568    31      347.0000       Cuts: 6      790    1.13%
      0     0      342.7693    28      347.0000       Cuts: 6      821    1.13%
      0     0      342.7699    28      347.0000    MIRcuts: 1      824    1.13%
Detecting symmetries...
      0     2      342.7699    28      347.0000      343.6006      824    0.98%
Elapsed time = 1.77 sec. (774.93 ticks, tree = 0.02 MB, solutions = 1)

GUB cover cuts applied:  3
Clique cuts applied:  3
Mixed integer rounding cuts applied:  1
Zero-half cuts applied:  8
Gomory fractional cuts applied:  1

Root node processing (before b&c):
  Real time             =    1.76 sec. (774.69 ticks)
Parallel b&c, 4 threads:
  Real time             =    0.17 sec. (114.57 ticks)
  Sync time (average)   =    0.11 sec.
  Wait time (average)   =    0.00 sec.
                          ------------
Total (root+branch&cut) =    1.93 sec. (889.26 ticks)
termination_status(sp) = OPTIMAL
objective_value(sp) = 347.0
#1: 0 (0) -> 46 (19) -> 8 (42) -> 35 (62) -> 53 (80) -> 11 (103) -> 66 (119) -> 65 (135) -> 38 (155) -> 58 (171) -> 72 (187) -> 26 (207) -> 0 (207)
#2: 0 (0) -> 67 (16) -> 34 (36) -> 52 (54) -> 54 (72) -> 57 (88) -> 15 (106) -> 20 (124) -> 70 (140) -> 60 (156) -> 71 (172) -> 36 (192) -> 47 (211) -> 74 (227) -> 2 (248) -> 68 (264) -> 75 (280) -> 0 (280)
#3: 0 (0) -> 17 (18) -> 40 (37) -> 32 (57) -> 25 (72) -> 50 (91) -> 24 (106) -> 49 (125) -> 23 (140) -> 56 (158) -> 41 (177) -> 42 (196) -> 22 (211) -> 62 (227) -> 73 (243) -> 6 (264) -> 0 (264)

Cost: 347.0
