Executando com parâmetros:
  path       = instances/homogeneous_fleet/70_100/P76_4_38_4_1.fcvrp
  seed       = 1
  restarts   = 1
  iterMax    = 5000
  randShift  = 1
  randSwap   = 1
Executando instancia P76_4_38_4_1.fcvrp na seed 1
------------------------------------------------------------------------------------------------------------------------------------------------
|  Restart |       Iter |       Best Feas. |             Best |      Current |       CapPen |  MinVisPen |  MaxVisPen |   Pool |    Time(s) |
------------------------------------------------------------------------------------------------------------------------------------------------
|        1 |          0 |           542.00 |           542.00 |       542.00 |        51.51 |      51.51 |      51.51 |      4 |     0.9299 |
|        1 |        500 |           506.00 |           490.14 |       494.18 |         0.05 |       0.01 |       0.01 |    859 |     1.6441 |
|        1 |        500 |           505.00 |           490.14 |       553.00 |         0.37 |       0.01 |       0.01 |   1635 |     2.9499 |
|        1 |       1000 |           505.00 |           490.14 |       514.00 |         0.22 |       0.01 |       0.01 |   2027 |     3.6382 |
|        1 |       1500 |           505.00 |           490.14 |       553.00 |         0.14 |       0.01 |       0.01 |   2136 |     4.2706 |
|        1 |       2000 |           505.00 |           490.14 |       512.00 |         0.10 |       0.01 |       0.01 |   2502 |     5.0430 |
|        1 |       2500 |           505.00 |           490.14 |       512.00 |         0.61 |       0.01 |       0.01 |   2792 |     6.0604 |
|        1 |       3000 |           505.00 |           490.14 |       505.00 |         0.15 |       0.01 |       0.01 |   3004 |     7.1218 |
|        1 |       3500 |           505.00 |           490.14 |       562.00 |         0.33 |       0.01 |       0.01 |   3385 |     7.8862 |
|        1 |       4000 |           505.00 |           490.14 |       529.00 |         0.39 |       0.01 |       0.01 |   3686 |     8.6694 |
|        1 |       4500 |           505.00 |           490.14 |       507.32 |         0.08 |       0.01 |       0.01 |   4003 |     9.6085 |
|        1 |       5000 |           505.00 |           490.14 |       516.25 |         0.34 |       0.01 |       0.01 |   4340 |    10.2830 |
Version identifier: 22.1.1.0 | 2022-11-28 | 9160aff4d
CPXPARAM_MIP_Tolerances_UpperCutoff              505.5
Tried aggregator 1 time.
MIP Presolve eliminated 36 rows and 367 columns.
MIP Presolve modified 2456 coefficients.
Reduced MIP has 80 rows, 2200 columns, and 51502 nonzeros.
Reduced MIP has 2200 binaries, 0 generals, 0 SOSs, and 0 indicators.
Presolve time = 0.11 sec. (57.53 ticks)
Tried aggregator 1 time.
Detecting symmetries...
Reduced MIP has 80 rows, 2200 columns, and 51502 nonzeros.
Reduced MIP has 2200 binaries, 0 generals, 0 SOSs, and 0 indicators.
Presolve time = 0.06 sec. (36.05 ticks)
Probing fixed 119 vars, tightened 0 bounds.
Probing time = 0.46 sec. (197.86 ticks)
Clique table members: 168.
MIP emphasis: balance optimality and feasibility.
MIP search method: dynamic search.
Parallel mode: deterministic, using up to 4 threads.
Root relaxation solution time = 0.06 sec. (40.07 ticks)

        Nodes                                         Cuts/
   Node  Left     Objective  IInf  Best Integer    Best Bound    ItCnt     Gap

      0     0      492.3007    38                    492.3007      276         
*     0+    0                          505.0000      492.3007             2.51%
      0     0      496.7759    41      505.0000      Cuts: 48      568    1.63%
      0     0      499.3932    60      505.0000      Cuts: 26      955    1.11%
Detecting symmetries...

Repeating presolve.
Tried aggregator 1 time.
MIP Presolve eliminated 13 rows and 1440 columns.
MIP Presolve modified 3047 coefficients.
Reduced MIP has 65 rows, 760 columns, and 14566 nonzeros.
Reduced MIP has 760 binaries, 0 generals, 0 SOSs, and 0 indicators.
Presolve time = 0.10 sec. (73.99 ticks)
Probing fixed 140 vars, tightened 0 bounds.
Probing changed sense of 2 constraints.
Probing time = 0.07 sec. (18.56 ticks)
Tried aggregator 1 time.
MIP Presolve eliminated 4 rows and 141 columns.
MIP Presolve modified 780 coefficients.
Reduced MIP has 61 rows, 619 columns, and 10693 nonzeros.
Reduced MIP has 619 binaries, 0 generals, 0 SOSs, and 0 indicators.
Presolve time = 0.01 sec. (8.74 ticks)
Probing fixed 24 vars, tightened 0 bounds.
Probing changed sense of 2 constraints.
Probing time = 0.05 sec. (11.28 ticks)
Tried aggregator 1 time.
MIP Presolve eliminated 0 rows and 24 columns.
MIP Presolve modified 152 coefficients.
Reduced MIP has 61 rows, 595 columns, and 10182 nonzeros.
Reduced MIP has 595 binaries, 0 generals, 0 SOSs, and 0 indicators.
Presolve time = 0.01 sec. (6.50 ticks)
Probing fixed 12 vars, tightened 0 bounds.
Probing changed sense of 1 constraints.
Probing time = 0.04 sec. (10.22 ticks)
Tried aggregator 1 time.
Detecting symmetries...
MIP Presolve eliminated 0 rows and 12 columns.
Reduced MIP has 61 rows, 583 columns, and 9981 nonzeros.
Reduced MIP has 583 binaries, 0 generals, 0 SOSs, and 0 indicators.
Presolve time = 0.01 sec. (5.55 ticks)
Represolve time = 0.35 sec. (152.57 ticks)
Probing time = 0.01 sec. (4.24 ticks)
Clique table members: 143.
MIP emphasis: balance optimality and feasibility.
MIP search method: dynamic search.
Parallel mode: deterministic, using up to 4 threads.
Root relaxation solution time = 0.01 sec. (12.68 ticks)

        Nodes                                         Cuts/
   Node  Left     Objective  IInf  Best Integer    Best Bound    ItCnt     Gap

*     0+    0                          505.0000      499.3932             1.11%
      0     0      501.5358    41      505.0000      501.5358     1195    0.69%
      0     0        cutoff            505.0000                   1428    0.00%
Elapsed time = 2.63 sec. (1118.94 ticks, tree = 0.01 MB, solutions = 1)

Clique cuts applied:  7
Zero-half cuts applied:  9
Gomory fractional cuts applied:  3

Root node processing (before b&c):
  Real time             =    2.63 sec. (1119.06 ticks)
Parallel b&c, 4 threads:
  Real time             =    0.00 sec. (0.00 ticks)
  Sync time (average)   =    0.00 sec.
  Wait time (average)   =    0.00 sec.
                          ------------
Total (root+branch&cut) =    2.63 sec. (1119.06 ticks)
termination_status(sp) = OPTIMAL
objective_value(sp) = 505.0
#1: 0 (0) -> 34 (23) -> 52 (39) -> 27 (62) -> 13 (84) -> 57 (102) -> 15 (116) -> 5 (136) -> 37 (155) -> 20 (174) -> 70 (184) -> 60 (203) -> 71 (205) -> 69 (215) -> 21 (235) -> 61 (252) -> 28 (275) -> 22 (295) -> 62 (312) -> 2 (334) -> 0 (334)
#2: 0 (0) -> 6 (20) -> 51 (36) -> 16 (50) -> 63 (70) -> 33 (93) -> 73 (101) -> 1 (123) -> 43 (141) -> 41 (154) -> 56 (171) -> 23 (188) -> 49 (202) -> 24 (219) -> 18 (236) -> 55 (253) -> 25 (269) -> 50 (283) -> 32 (310) -> 44 (328) -> 17 (345) -> 0 (345)
#3: 0 (0) -> 4 (21) -> 45 (45) -> 29 (63) -> 48 (83) -> 30 (101) -> 75 (121) -> 0 (121)
#4: 0 (0) -> 26 (16) -> 58 (34) -> 72 (36) -> 39 (61) -> 9 (89) -> 31 (116) -> 10 (144) -> 38 (163) -> 65 (186) -> 66 (209) -> 11 (236) -> 53 (255) -> 14 (277) -> 35 (288) -> 8 (304) -> 46 (328) -> 67 (348) -> 0 (348)

Cost: 505.0
Executando instancia P76_4_38_4_1.fcvrp na seed 2
------------------------------------------------------------------------------------------------------------------------------------------------
|  Restart |       Iter |       Best Feas. |             Best |      Current |       CapPen |  MinVisPen |  MaxVisPen |   Pool |    Time(s) |
------------------------------------------------------------------------------------------------------------------------------------------------
|        1 |          0 |           546.00 |           546.00 |       546.00 |        62.98 |      62.98 |      62.98 |      4 |     0.0045 |
|        1 |        500 |           505.00 |           500.54 |       519.72 |         0.19 |       0.01 |       0.01 |   1449 |     2.5464 |
|        1 |       1000 |           505.00 |           500.54 |       526.00 |         0.04 |       0.01 |       0.01 |   1799 |     3.3224 |
|        1 |       1500 |           505.00 |           500.54 |       511.00 |         0.01 |       0.01 |       0.01 |   2129 |     4.0614 |
|        1 |       2000 |           505.00 |           500.54 |       523.00 |         0.14 |       0.01 |       0.01 |   2435 |     4.7914 |
|        1 |       2500 |           505.00 |           500.54 |       514.91 |         0.21 |       0.01 |       0.01 |   2565 |     5.4990 |
|        1 |       3000 |           505.00 |           497.08 |       521.00 |         0.18 |       0.01 |       0.01 |   2750 |     6.3077 |
|        1 |       3500 |           505.00 |           497.08 |       536.00 |         0.24 |       0.01 |       0.01 |   3151 |     7.2484 |
|        1 |       4000 |           505.00 |           495.24 |       540.00 |         0.10 |       0.01 |       0.01 |   3512 |     8.0564 |
|        1 |       4500 |           505.00 |           495.24 |       526.00 |         0.01 |       0.01 |       0.01 |   3828 |     8.7964 |
|        1 |       5000 |           505.00 |           487.75 |       520.00 |         0.28 |       0.01 |       0.01 |   4066 |     9.5773 |
Version identifier: 22.1.1.0 | 2022-11-28 | 9160aff4d
CPXPARAM_MIP_Tolerances_UpperCutoff              505.5
Tried aggregator 1 time.
MIP Presolve eliminated 36 rows and 505 columns.
MIP Presolve modified 3268 coefficients.
Reduced MIP has 80 rows, 2124 columns, and 48087 nonzeros.
Reduced MIP has 2124 binaries, 0 generals, 0 SOSs, and 0 indicators.
Presolve time = 0.10 sec. (57.51 ticks)
Tried aggregator 1 time.
Detecting symmetries...
Reduced MIP has 80 rows, 2124 columns, and 48087 nonzeros.
Reduced MIP has 2124 binaries, 0 generals, 0 SOSs, and 0 indicators.
Presolve time = 0.05 sec. (33.87 ticks)
Probing fixed 46 vars, tightened 0 bounds.
Probing time = 0.34 sec. (120.20 ticks)
Clique table members: 165.
MIP emphasis: balance optimality and feasibility.
MIP search method: dynamic search.
Parallel mode: deterministic, using up to 4 threads.
Root relaxation solution time = 0.04 sec. (38.21 ticks)

        Nodes                                         Cuts/
   Node  Left     Objective  IInf  Best Integer    Best Bound    ItCnt     Gap

      0     0      493.2986    38                    493.2986      251         
*     0+    0                          505.0000      493.2986             2.32%
      0     0      498.4429    47      505.0000      Cuts: 40      494    1.30%
      0     0      500.4930    46      505.0000      Cuts: 19      832    0.89%
Detecting symmetries...

Repeating presolve.
Tried aggregator 1 time.
MIP Presolve eliminated 14 rows and 1645 columns.
MIP Presolve modified 1862 coefficients.
Reduced MIP has 65 rows, 479 columns, and 9084 nonzeros.
Reduced MIP has 479 binaries, 0 generals, 0 SOSs, and 0 indicators.
Presolve time = 0.05 sec. (40.47 ticks)
Probing fixed 141 vars, tightened 0 bounds.
Probing changed sense of 7 constraints.
Probing time = 0.04 sec. (23.74 ticks)
Tried aggregator 1 time.
MIP Presolve eliminated 7 rows and 169 columns.
MIP Presolve modified 979 coefficients.
Reduced MIP has 55 rows, 310 columns, and 4562 nonzeros.
Reduced MIP has 310 binaries, 0 generals, 0 SOSs, and 0 indicators.
Presolve time = 0.02 sec. (11.59 ticks)
Probing fixed 25 vars, tightened 0 bounds.
Probing changed sense of 1 constraints.
Probing time = 0.02 sec. (8.40 ticks)
Tried aggregator 1 time.
MIP Presolve eliminated 0 rows and 25 columns.
Reduced MIP has 55 rows, 285 columns, and 4190 nonzeros.
Reduced MIP has 285 binaries, 0 generals, 0 SOSs, and 0 indicators.
Presolve time = 0.00 sec. (2.84 ticks)
Probing fixed 1 vars, tightened 0 bounds.
Probing time = 0.01 sec. (7.35 ticks)
Tried aggregator 1 time.
Detecting symmetries...
MIP Presolve eliminated 0 rows and 1 columns.
Reduced MIP has 55 rows, 284 columns, and 4177 nonzeros.
Reduced MIP has 284 binaries, 0 generals, 0 SOSs, and 0 indicators.
Presolve time = 0.01 sec. (3.09 ticks)
Represolve time = 0.18 sec. (109.22 ticks)
Probing time = 0.01 sec. (2.87 ticks)
Clique table members: 148.
MIP emphasis: balance optimality and feasibility.
MIP search method: dynamic search.
Parallel mode: deterministic, using up to 4 threads.
Root relaxation solution time = 0.00 sec. (2.72 ticks)

        Nodes                                         Cuts/
   Node  Left     Objective  IInf  Best Integer    Best Bound    ItCnt     Gap

*     0+    0                          505.0000      500.4930             0.89%
      0     0        cutoff            505.0000                    941    0.00%

Clique cuts applied:  12
Zero-half cuts applied:  2
Gomory fractional cuts applied:  1

Root node processing (before b&c):
  Real time             =    1.65 sec. (821.11 ticks)
Parallel b&c, 4 threads:
  Real time             =    0.00 sec. (0.00 ticks)
  Sync time (average)   =    0.00 sec.
  Wait time (average)   =    0.00 sec.
                          ------------
Total (root+branch&cut) =    1.65 sec. (821.11 ticks)
termination_status(sp) = OPTIMAL
objective_value(sp) = 504.9999999999999
#1: 0 (0) -> 67 (20) -> 46 (44) -> 8 (60) -> 35 (71) -> 53 (90) -> 14 (112) -> 11 (139) -> 66 (162) -> 65 (185) -> 38 (204) -> 10 (232) -> 31 (259) -> 9 (287) -> 39 (312) -> 72 (314) -> 58 (332) -> 26 (348) -> 0 (348)
#2: 0 (0) -> 34 (23) -> 52 (39) -> 27 (62) -> 13 (84) -> 57 (102) -> 15 (116) -> 5 (136) -> 37 (155) -> 20 (174) -> 70 (184) -> 60 (203) -> 71 (205) -> 69 (215) -> 21 (235) -> 61 (252) -> 22 (272) -> 28 (295) -> 62 (312) -> 2 (334) -> 0 (334)
#3: 0 (0) -> 4 (21) -> 45 (45) -> 29 (63) -> 48 (83) -> 30 (101) -> 75 (121) -> 0 (121)
#4: 0 (0) -> 17 (17) -> 44 (35) -> 32 (62) -> 50 (76) -> 25 (92) -> 55 (109) -> 18 (126) -> 24 (143) -> 49 (157) -> 23 (174) -> 56 (191) -> 41 (204) -> 43 (222) -> 1 (244) -> 73 (252) -> 33 (275) -> 63 (295) -> 16 (309) -> 51 (325) -> 6 (345) -> 0 (345)

Cost: 505.0
Executando instancia P76_4_38_4_1.fcvrp na seed 3
------------------------------------------------------------------------------------------------------------------------------------------------
|  Restart |       Iter |       Best Feas. |             Best |      Current |       CapPen |  MinVisPen |  MaxVisPen |   Pool |    Time(s) |
------------------------------------------------------------------------------------------------------------------------------------------------
|        1 |          0 |           545.00 |           545.00 |       545.00 |        68.26 |      68.26 |      68.26 |      4 |     0.0048 |
|        1 |        500 |           508.00 |           492.83 |       554.00 |         0.67 |       0.01 |       0.01 |    530 |     0.7611 |
|        1 |        500 |           506.00 |           492.83 |       514.89 |         0.13 |       0.01 |       0.01 |   1312 |     2.3457 |
|        1 |       1000 |           506.00 |           492.83 |       507.20 |         0.03 |       0.01 |       0.01 |   1572 |     3.0215 |
|        1 |       1500 |           506.00 |           492.83 |       524.00 |         0.08 |       0.01 |       0.01 |   1803 |     3.7397 |
|        1 |       2000 |           506.00 |           492.83 |       519.63 |         0.10 |       0.01 |       0.01 |   2006 |     4.4053 |
|        1 |        500 |           505.00 |           492.83 |       525.39 |         0.12 |       0.01 |       0.01 |   2517 |     5.6907 |
|        1 |       1000 |           505.00 |           492.83 |       516.00 |         0.22 |       0.01 |       0.01 |   2896 |     6.3975 |
|        1 |       1500 |           505.00 |           491.75 |       523.00 |         0.26 |       0.01 |       0.01 |   3173 |     7.0860 |
|        1 |       2000 |           505.00 |           491.75 |       527.00 |         0.63 |       0.01 |       0.01 |   3503 |     7.7759 |
|        1 |       2500 |           505.00 |           491.75 |       515.00 |         0.01 |       0.01 |       0.01 |   3854 |     8.4335 |
|        1 |       3000 |           505.00 |           491.75 |       505.65 |         0.18 |       0.01 |       0.01 |   4160 |     9.1494 |
|        1 |       3500 |           505.00 |           491.75 |       536.00 |         0.09 |       0.01 |       0.01 |   4450 |     9.8644 |
|        1 |       4000 |           505.00 |           491.75 |       515.00 |         0.09 |       0.01 |       0.01 |   4652 |    10.5705 |
|        1 |       4500 |           505.00 |           490.76 |       523.00 |         0.50 |       0.01 |       0.01 |   5018 |    11.2547 |
|        1 |       5000 |           505.00 |           490.76 |       549.00 |         0.65 |       0.01 |       0.01 |   5303 |    11.9259 |
Version identifier: 22.1.1.0 | 2022-11-28 | 9160aff4d
CPXPARAM_MIP_Tolerances_UpperCutoff              505.5
Tried aggregator 1 time.
MIP Presolve eliminated 39 rows and 577 columns.
MIP Presolve modified 2582 coefficients.
Reduced MIP has 78 rows, 2588 columns, and 58498 nonzeros.
Reduced MIP has 2588 binaries, 0 generals, 0 SOSs, and 0 indicators.
Presolve time = 0.13 sec. (74.73 ticks)
Tried aggregator 1 time.
Detecting symmetries...
Reduced MIP has 78 rows, 2588 columns, and 58498 nonzeros.
Reduced MIP has 2588 binaries, 0 generals, 0 SOSs, and 0 indicators.
Presolve time = 0.07 sec. (46.32 ticks)
Probing fixed 49 vars, tightened 0 bounds.
Probing time = 0.34 sec. (143.63 ticks)
Clique table members: 165.
MIP emphasis: balance optimality and feasibility.
MIP search method: dynamic search.
Parallel mode: deterministic, using up to 4 threads.
Root relaxation solution time = 0.05 sec. (49.78 ticks)

        Nodes                                         Cuts/
   Node  Left     Objective  IInf  Best Integer    Best Bound    ItCnt     Gap

      0     0      492.2156    27                    492.2156      274         
      0     0      496.6048    55                    Cuts: 50      655         
      0     0      498.9812    64                    Cuts: 30     1018         
Detecting symmetries...

Repeating presolve.
Tried aggregator 1 time.
MIP Presolve eliminated 7 rows and 1156 columns.
MIP Presolve modified 2353 coefficients.
Reduced MIP has 70 rows, 1432 columns, and 30376 nonzeros.
Reduced MIP has 1432 binaries, 0 generals, 0 SOSs, and 0 indicators.
Presolve time = 0.05 sec. (29.97 ticks)
Tried aggregator 1 time.
Detecting symmetries...
Reduced MIP has 70 rows, 1432 columns, and 30376 nonzeros.
Reduced MIP has 1432 binaries, 0 generals, 0 SOSs, and 0 indicators.
Presolve time = 0.03 sec. (19.50 ticks)
Represolve time = 0.15 sec. (70.56 ticks)
Probing fixed 337 vars, tightened 0 bounds.
Probing time = 0.16 sec. (71.19 ticks)
Clique table members: 158.
MIP emphasis: balance optimality and feasibility.
MIP search method: dynamic search.
Parallel mode: deterministic, using up to 4 threads.
Root relaxation solution time = 0.04 sec. (37.69 ticks)

        Nodes                                         Cuts/
   Node  Left     Objective  IInf  Best Integer    Best Bound    ItCnt     Gap

      0     0      499.4575    53                    499.4575     1332         
*     0+    0                          505.0000      499.4575             1.10%
      0     0      500.8807    64      505.0000      Cuts: 32     1587    0.82%
      0     0      502.2645    73      505.0000      Cuts: 30     1849    0.54%
      0     0        cutoff            505.0000      505.0000     2105    0.00%
Elapsed time = 3.06 sec. (1410.73 ticks, tree = 0.01 MB, solutions = 1)

Clique cuts applied:  36
Zero-half cuts applied:  31

Root node processing (before b&c):
  Real time             =    3.06 sec. (1410.81 ticks)
Parallel b&c, 4 threads:
  Real time             =    0.00 sec. (0.00 ticks)
  Sync time (average)   =    0.00 sec.
  Wait time (average)   =    0.00 sec.
                          ------------
Total (root+branch&cut) =    3.06 sec. (1410.81 ticks)
termination_status(sp) = OPTIMAL
objective_value(sp) = 505.0
#1: 0 (0) -> 26 (16) -> 12 (43) -> 58 (61) -> 72 (63) -> 39 (88) -> 9 (116) -> 32 (143) -> 44 (161) -> 17 (178) -> 0 (178)
#2: 0 (0) -> 67 (20) -> 34 (43) -> 52 (59) -> 27 (82) -> 13 (104) -> 57 (122) -> 15 (136) -> 37 (155) -> 20 (174) -> 70 (184) -> 60 (203) -> 71 (205) -> 69 (215) -> 21 (235) -> 47 (255) -> 5 (275) -> 29 (293) -> 45 (317) -> 4 (338) -> 0 (338)
#3: 0 (0) -> 46 (24) -> 8 (40) -> 35 (51) -> 53 (70) -> 14 (92) -> 66 (115) -> 65 (138) -> 38 (157) -> 10 (185) -> 31 (212) -> 55 (229) -> 25 (245) -> 50 (259) -> 18 (276) -> 24 (293) -> 49 (307) -> 16 (321) -> 51 (337) -> 0 (337)
#4: 0 (0) -> 75 (20) -> 30 (38) -> 2 (60) -> 28 (83) -> 61 (100) -> 22 (120) -> 62 (137) -> 73 (145) -> 1 (167) -> 43 (185) -> 41 (198) -> 56 (215) -> 23 (232) -> 63 (252) -> 33 (275) -> 6 (295) -> 0 (295)

Cost: 505.0
Executando instancia P76_4_38_4_1.fcvrp na seed 4
------------------------------------------------------------------------------------------------------------------------------------------------
|  Restart |       Iter |       Best Feas. |             Best |      Current |       CapPen |  MinVisPen |  MaxVisPen |   Pool |    Time(s) |
------------------------------------------------------------------------------------------------------------------------------------------------
|        1 |          0 |           553.00 |           553.00 |       553.00 |        71.06 |      71.06 |      71.06 |      4 |     0.0046 |
|        1 |        500 |           508.00 |           505.11 |       514.55 |         0.20 |       0.01 |       0.01 |    662 |     1.1887 |
|        1 |        500 |           505.00 |           501.45 |       513.00 |         0.06 |       0.01 |       0.01 |    889 |     2.0786 |
|        1 |       1000 |           505.00 |           501.45 |       509.00 |         0.04 |       0.01 |       0.01 |   1267 |     2.8371 |
|        1 |       1500 |           505.00 |           501.45 |       524.00 |         0.26 |       0.01 |       0.01 |   1645 |     3.5554 |
|        1 |       2000 |           505.00 |           492.81 |       547.29 |         0.72 |       0.01 |       0.01 |   2050 |     4.3012 |
|        1 |       2500 |           505.00 |           491.26 |       513.00 |         0.03 |       0.01 |       0.01 |   2454 |     5.0732 |
|        1 |       3000 |           505.00 |           491.26 |       525.27 |         0.32 |       0.01 |       0.01 |   2782 |     5.7766 |
|        1 |       3500 |           505.00 |           491.26 |       507.94 |         0.21 |       0.01 |       0.01 |   3148 |     6.5375 |
|        1 |       4000 |           505.00 |           491.26 |       515.00 |         0.01 |       0.01 |       0.01 |   3293 |     7.3078 |
|        1 |       4500 |           505.00 |           491.26 |       529.00 |         0.57 |       0.01 |       0.01 |   3622 |     8.1029 |
|        1 |       5000 |           505.00 |           491.26 |       543.00 |         0.50 |       0.01 |       0.01 |   3914 |     8.8638 |
Version identifier: 22.1.1.0 | 2022-11-28 | 9160aff4d
CPXPARAM_MIP_Tolerances_UpperCutoff              505.5
Tried aggregator 1 time.
MIP Presolve eliminated 41 rows and 365 columns.
MIP Presolve modified 3247 coefficients.
Reduced MIP has 74 rows, 1802 columns, and 37681 nonzeros.
Reduced MIP has 1802 binaries, 0 generals, 0 SOSs, and 0 indicators.
Presolve time = 0.09 sec. (41.48 ticks)
Tried aggregator 1 time.
Detecting symmetries...
Reduced MIP has 74 rows, 1802 columns, and 37681 nonzeros.
Reduced MIP has 1802 binaries, 0 generals, 0 SOSs, and 0 indicators.
Presolve time = 0.04 sec. (25.11 ticks)
Probing fixed 104 vars, tightened 0 bounds.
Probing changed sense of 2 constraints.
Probing time = 0.31 sec. (117.43 ticks)
Clique table members: 143.
MIP emphasis: balance optimality and feasibility.
MIP search method: dynamic search.
Parallel mode: deterministic, using up to 4 threads.
Root relaxation solution time = 0.03 sec. (27.42 ticks)

        Nodes                                         Cuts/
   Node  Left     Objective  IInf  Best Integer    Best Bound    ItCnt     Gap

      0     0      493.2965    39                    493.2965      231         
      0     0      497.1483    45                    Cuts: 36      492         
      0     0      499.8790    56                    Cuts: 25      672         
Detecting symmetries...

Repeating presolve.
Tried aggregator 1 time.
MIP Presolve eliminated 3 rows and 967 columns.
MIP Presolve modified 365 coefficients.
Reduced MIP has 71 rows, 835 columns, and 17608 nonzeros.
Reduced MIP has 835 binaries, 0 generals, 0 SOSs, and 0 indicators.
Presolve time = 0.08 sec. (53.74 ticks)
Probing fixed 139 vars, tightened 0 bounds.
Probing time = 0.09 sec. (25.21 ticks)
Tried aggregator 1 time.
MIP Presolve eliminated 0 rows and 139 columns.
MIP Presolve modified 220 coefficients.
Reduced MIP has 71 rows, 696 columns, and 14613 nonzeros.
Reduced MIP has 696 binaries, 0 generals, 0 SOSs, and 0 indicators.
Presolve time = 0.02 sec. (9.67 ticks)
Probing fixed 24 vars, tightened 0 bounds.
Probing changed sense of 3 constraints.
Probing time = 0.10 sec. (18.49 ticks)
Tried aggregator 1 time.
MIP Presolve eliminated 0 rows and 24 columns.
MIP Presolve modified 335 coefficients.
Reduced MIP has 71 rows, 672 columns, and 13794 nonzeros.
Reduced MIP has 672 binaries, 0 generals, 0 SOSs, and 0 indicators.
Presolve time = 0.03 sec. (10.43 ticks)
Probing fixed 2 vars, tightened 0 bounds.
Probing time = 0.09 sec. (13.54 ticks)
Tried aggregator 1 time.
Detecting symmetries...
MIP Presolve eliminated 0 rows and 2 columns.
Reduced MIP has 71 rows, 670 columns, and 13749 nonzeros.
Reduced MIP has 670 binaries, 0 generals, 0 SOSs, and 0 indicators.
Presolve time = 0.02 sec. (7.97 ticks)
Represolve time = 0.50 sec. (153.81 ticks)
Probing time = 0.03 sec. (4.92 ticks)
Clique table members: 126.
MIP emphasis: balance optimality and feasibility.
MIP search method: dynamic search.
Parallel mode: deterministic, using up to 4 threads.
Root relaxation solution time = 0.02 sec. (17.67 ticks)

        Nodes                                         Cuts/
   Node  Left     Objective  IInf  Best Integer    Best Bound    ItCnt     Gap

      0     0      501.0464    44                    501.0464      949         
*     0+    0                          505.0000      501.0464             0.78%
      0     0        cutoff            505.0000      505.0000     1080    0.00%
Elapsed time = 1.93 sec. (774.90 ticks, tree = 0.01 MB, solutions = 1)

GUB cover cuts applied:  1
Clique cuts applied:  27
Zero-half cuts applied:  9
Lift and project cuts applied:  11
Gomory fractional cuts applied:  2

Root node processing (before b&c):
  Real time             =    1.93 sec. (775.05 ticks)
Parallel b&c, 4 threads:
  Real time             =    0.00 sec. (0.00 ticks)
  Sync time (average)   =    0.00 sec.
  Wait time (average)   =    0.00 sec.
                          ------------
Total (root+branch&cut) =    1.93 sec. (775.05 ticks)
termination_status(sp) = OPTIMAL
objective_value(sp) = 504.9999999999998
#1: 0 (0) -> 2 (22) -> 62 (39) -> 22 (59) -> 28 (82) -> 61 (99) -> 21 (119) -> 69 (129) -> 71 (131) -> 60 (150) -> 70 (160) -> 20 (179) -> 37 (198) -> 5 (218) -> 15 (232) -> 57 (250) -> 13 (272) -> 27 (295) -> 52 (311) -> 34 (334) -> 0 (334)
#2: 0 (0) -> 75 (20) -> 30 (38) -> 48 (58) -> 29 (76) -> 45 (100) -> 4 (121) -> 0 (121)
#3: 0 (0) -> 6 (20) -> 51 (36) -> 16 (50) -> 63 (70) -> 33 (93) -> 73 (101) -> 1 (123) -> 43 (141) -> 41 (154) -> 56 (171) -> 23 (188) -> 49 (202) -> 24 (219) -> 18 (236) -> 55 (253) -> 25 (269) -> 50 (283) -> 32 (310) -> 44 (328) -> 17 (345) -> 0 (345)
#4: 0 (0) -> 67 (20) -> 46 (44) -> 8 (60) -> 35 (71) -> 14 (93) -> 53 (112) -> 11 (139) -> 66 (162) -> 65 (185) -> 38 (204) -> 10 (232) -> 31 (259) -> 9 (287) -> 39 (312) -> 72 (314) -> 58 (332) -> 26 (348) -> 0 (348)

Cost: 505.0
Executando instancia P76_4_38_4_1.fcvrp na seed 5
------------------------------------------------------------------------------------------------------------------------------------------------
|  Restart |       Iter |       Best Feas. |             Best |      Current |       CapPen |  MinVisPen |  MaxVisPen |   Pool |    Time(s) |
------------------------------------------------------------------------------------------------------------------------------------------------
|        1 |          0 |           573.00 |           573.00 |       573.00 |        72.50 |      72.50 |      72.50 |      4 |     0.0040 |
|        1 |        500 |           506.00 |           505.27 |       516.00 |         0.03 |       0.01 |       0.01 |    685 |     0.9342 |
|        1 |        500 |           505.00 |           496.25 |       545.23 |         0.01 |       0.01 |       0.01 |   1294 |     2.0535 |
|        1 |       1000 |           505.00 |           496.25 |       513.07 |         0.06 |       0.01 |       0.01 |   1749 |     2.7557 |
|        1 |       1500 |           505.00 |           496.25 |       522.47 |         0.03 |       0.01 |       0.01 |   2085 |     3.4880 |
|        1 |       2000 |           505.00 |           496.25 |       525.00 |         0.10 |       0.01 |       0.01 |   2388 |     4.2766 |
|        1 |       2500 |           505.00 |           496.25 |       587.75 |         0.68 |       0.01 |       0.01 |   2590 |     4.9767 |
|        1 |       3000 |           505.00 |           496.25 |       515.00 |         0.32 |       0.01 |       0.01 |   2997 |     5.7104 |
|        1 |       3500 |           505.00 |           496.25 |       523.64 |         0.21 |       0.01 |       0.01 |   3263 |     6.4149 |
|        1 |       4000 |           505.00 |           492.40 |       560.38 |         0.42 |       0.01 |       0.01 |   3572 |     7.1230 |
|        1 |       4500 |           505.00 |           492.40 |       533.33 |         0.04 |       0.01 |       0.01 |   3891 |     7.8657 |
|        1 |       5000 |           505.00 |           492.40 |       535.98 |         0.36 |       0.01 |       0.01 |   4150 |     8.9780 |
Version identifier: 22.1.1.0 | 2022-11-28 | 9160aff4d
CPXPARAM_MIP_Tolerances_UpperCutoff              505.5
Tried aggregator 1 time.
MIP Presolve eliminated 37 rows and 383 columns.
MIP Presolve modified 2923 coefficients.
Reduced MIP has 78 rows, 1950 columns, and 42849 nonzeros.
Reduced MIP has 1950 binaries, 0 generals, 0 SOSs, and 0 indicators.
Presolve time = 0.12 sec. (47.50 ticks)
Tried aggregator 1 time.
Detecting symmetries...
Reduced MIP has 78 rows, 1950 columns, and 42849 nonzeros.
Reduced MIP has 1950 binaries, 0 generals, 0 SOSs, and 0 indicators.
Presolve time = 0.07 sec. (29.40 ticks)
Probing fixed 110 vars, tightened 0 bounds.
Probing changed sense of 2 constraints.
Probing time = 0.62 sec. (145.00 ticks)
Clique table members: 157.
MIP emphasis: balance optimality and feasibility.
MIP search method: dynamic search.
Parallel mode: deterministic, using up to 4 threads.
Root relaxation solution time = 0.05 sec. (32.14 ticks)

        Nodes                                         Cuts/
   Node  Left     Objective  IInf  Best Integer    Best Bound    ItCnt     Gap

      0     0      494.5392    41                    494.5392      247         
      0     0      498.5556    56                    Cuts: 42      633         
      0     0      500.6329    61                    Cuts: 30      926         
Detecting symmetries...

Repeating presolve.
Tried aggregator 1 time.
MIP Presolve eliminated 9 rows and 1266 columns.
MIP Presolve modified 2469 coefficients.
Reduced MIP has 64 rows, 684 columns, and 12477 nonzeros.
Reduced MIP has 684 binaries, 0 generals, 0 SOSs, and 0 indicators.
Presolve time = 0.08 sec. (53.91 ticks)
Probing fixed 101 vars, tightened 0 bounds.
Probing changed sense of 4 constraints.
Probing time = 0.08 sec. (13.56 ticks)
Tried aggregator 1 time.
MIP Presolve eliminated 5 rows and 101 columns.
MIP Presolve modified 689 coefficients.
Reduced MIP has 59 rows, 583 columns, and 9329 nonzeros.
Reduced MIP has 583 binaries, 0 generals, 0 SOSs, and 0 indicators.
Presolve time = 0.01 sec. (7.40 ticks)
Probing fixed 21 vars, tightened 0 bounds.
Probing changed sense of 2 constraints.
Probing time = 0.06 sec. (32.66 ticks)
Tried aggregator 1 time.
MIP Presolve eliminated 0 rows and 21 columns.
MIP Presolve modified 127 coefficients.
Reduced MIP has 59 rows, 562 columns, and 8884 nonzeros.
Reduced MIP has 562 binaries, 0 generals, 0 SOSs, and 0 indicators.
Presolve time = 0.01 sec. (5.41 ticks)
Probing fixed 5 vars, tightened 0 bounds.
Probing time = 0.05 sec. (29.91 ticks)
Tried aggregator 1 time.
Detecting symmetries...
MIP Presolve eliminated 0 rows and 5 columns.
Reduced MIP has 59 rows, 557 columns, and 8793 nonzeros.
Reduced MIP has 557 binaries, 0 generals, 0 SOSs, and 0 indicators.
Presolve time = 0.01 sec. (4.90 ticks)
Represolve time = 0.36 sec. (165.00 ticks)
Probing time = 0.01 sec. (3.88 ticks)
Clique table members: 171.
MIP emphasis: balance optimality and feasibility.
MIP search method: dynamic search.
Parallel mode: deterministic, using up to 4 threads.
Root relaxation solution time = 0.02 sec. (16.40 ticks)

        Nodes                                         Cuts/
   Node  Left     Objective  IInf  Best Integer    Best Bound    ItCnt     Gap

      0     0      501.4390    45                    501.4390     1215         
      0     0      503.4294    41                    Cuts: 30     1379         
      0     0      503.6695    41                    Cuts: 17     1438         
*     0+    0                          505.0000      503.6695             0.26%
      0     0        cutoff            505.0000      503.6695     1438    0.26%
Elapsed time = 3.01 sec. (899.22 ticks, tree = 0.01 MB, solutions = 1)

Clique cuts applied:  10
Zero-half cuts applied:  3
Lift and project cuts applied:  3
Gomory fractional cuts applied:  1

Root node processing (before b&c):
  Real time             =    3.01 sec. (899.32 ticks)
Parallel b&c, 4 threads:
  Real time             =    0.03 sec. (0.19 ticks)
  Sync time (average)   =    0.01 sec.
  Wait time (average)   =    0.00 sec.
                          ------------
Total (root+branch&cut) =    3.04 sec. (899.51 ticks)
termination_status(sp) = OPTIMAL
objective_value(sp) = 505.0000000000033
#1: 0 (0) -> 7 (16) -> 35 (27) -> 53 (46) -> 14 (68) -> 11 (95) -> 66 (118) -> 65 (141) -> 38 (160) -> 10 (188) -> 31 (215) -> 55 (232) -> 25 (248) -> 50 (262) -> 18 (279) -> 24 (296) -> 49 (310) -> 16 (324) -> 51 (340) -> 0 (340)
#2: 0 (0) -> 6 (20) -> 33 (43) -> 63 (63) -> 23 (80) -> 56 (97) -> 41 (110) -> 43 (128) -> 1 (150) -> 62 (167) -> 22 (187) -> 61 (204) -> 28 (227) -> 74 (235) -> 30 (253) -> 2 (275) -> 68 (295) -> 75 (315) -> 0 (315)
#3: 0 (0) -> 17 (17) -> 44 (35) -> 32 (62) -> 9 (90) -> 39 (115) -> 72 (117) -> 58 (135) -> 26 (151) -> 0 (151)
#4: 0 (0) -> 34 (23) -> 46 (47) -> 52 (63) -> 27 (86) -> 13 (108) -> 57 (126) -> 15 (140) -> 37 (159) -> 20 (178) -> 70 (188) -> 60 (207) -> 71 (209) -> 69 (219) -> 21 (239) -> 47 (259) -> 5 (279) -> 29 (297) -> 45 (321) -> 4 (342) -> 0 (342)

Cost: 505.0
