Executando com parâmetros:
  path       = instances/homogeneous_fleet/70_100/P76_3_23_4_1.fcvrp
  seed       = 1
  restarts   = 1
  iterMax    = 5000
  randShift  = 1
  randSwap   = 1
Executando instancia P76_3_23_4_1.fcvrp na seed 1
------------------------------------------------------------------------------------------------------------------------------------------------
|  Restart |       Iter |       Best Feas. |             Best |      Current |       CapPen |  MinVisPen |  MaxVisPen |   Pool |    Time(s) |
------------------------------------------------------------------------------------------------------------------------------------------------
|        1 |          0 |           573.00 |           573.00 |       573.00 |        70.34 |      70.34 |      70.34 |      3 |     0.5559 |
|        1 |        500 |           436.00 |           435.24 |       440.00 |         0.20 |       0.01 |       0.01 |    575 |     0.9137 |
|        1 |       1000 |           436.00 |           435.24 |       446.85 |         0.30 |       0.01 |       0.01 |    957 |     1.6931 |
|        1 |       1500 |           436.00 |           435.24 |       440.00 |         0.55 |       0.01 |       0.01 |   1195 |     2.4736 |
|        1 |       2000 |           436.00 |           435.24 |       446.00 |         0.25 |       0.01 |       0.01 |   1581 |     3.3238 |
|        1 |       2500 |           436.00 |           435.18 |       447.40 |         0.14 |       0.01 |       0.01 |   1869 |     4.1175 |
|        1 |       3000 |           436.00 |           435.18 |       447.44 |         0.47 |       0.01 |       0.01 |   2181 |     5.1717 |
|        1 |       3500 |           436.00 |           435.18 |       451.00 |         0.28 |       0.01 |       0.01 |   2413 |     6.0645 |
|        1 |       4000 |           436.00 |           435.18 |       503.00 |         0.30 |       0.01 |       0.01 |   2875 |     6.8990 |
|        1 |       4500 |           436.00 |           435.18 |       440.00 |         0.16 |       0.01 |       0.01 |   3194 |     7.8120 |
|        1 |       5000 |           436.00 |           435.18 |       504.83 |         1.03 |       0.01 |       0.01 |   3382 |     8.7464 |
Version identifier: 22.1.1.0 | 2022-11-28 | 9160aff4d
CPXPARAM_MIP_Tolerances_UpperCutoff              436.5
Tried aggregator 1 time.
MIP Presolve eliminated 39 rows and 522 columns.
MIP Presolve modified 2847 coefficients.
Reduced MIP has 62 rows, 1118 columns, and 26212 nonzeros.
Reduced MIP has 1118 binaries, 0 generals, 0 SOSs, and 0 indicators.
Presolve time = 0.06 sec. (38.51 ticks)
Probing fixed 110 vars, tightened 0 bounds.
Probing time = 0.14 sec. (67.21 ticks)
Tried aggregator 1 time.
Detecting symmetries...
MIP Presolve eliminated 0 rows and 110 columns.
MIP Presolve modified 295 coefficients.
Reduced MIP has 62 rows, 1008 columns, and 23225 nonzeros.
Reduced MIP has 1008 binaries, 0 generals, 0 SOSs, and 0 indicators.
Presolve time = 0.03 sec. (18.11 ticks)
Probing time = 0.01 sec. (6.99 ticks)
Clique table members: 105.
MIP emphasis: balance optimality and feasibility.
MIP search method: dynamic search.
Parallel mode: deterministic, using up to 4 threads.
Root relaxation solution time = 0.02 sec. (12.02 ticks)

        Nodes                                         Cuts/
   Node  Left     Objective  IInf  Best Integer    Best Bound    ItCnt     Gap

      0     0      435.5000    22                    435.5000      162         
*     0+    0                          436.0000      435.5000             0.11%
      0     0        cutoff            436.0000      436.0000      198    0.00%
Elapsed time = 0.32 sec. (161.74 ticks, tree = 0.01 MB, solutions = 1)

Clique cuts applied:  4
Zero-half cuts applied:  5
Gomory fractional cuts applied:  2

Root node processing (before b&c):
  Real time             =    0.32 sec. (161.86 ticks)
Parallel b&c, 4 threads:
  Real time             =    0.00 sec. (0.00 ticks)
  Sync time (average)   =    0.00 sec.
  Wait time (average)   =    0.00 sec.
                          ------------
Total (root+branch&cut) =    0.32 sec. (161.86 ticks)
termination_status(sp) = OPTIMAL
objective_value(sp) = 435.9999999999999
#1: 0 (0) -> 17 (20) -> 51 (33) -> 3 (54) -> 16 (74) -> 63 (91) -> 23 (106) -> 56 (122) -> 41 (142) -> 42 (162) -> 64 (179) -> 22 (194) -> 61 (213) -> 28 (234) -> 62 (251) -> 1 (273) -> 73 (281) -> 33 (309) -> 6 (330) -> 0 (330)
#2: 0 (0) -> 4 (21) -> 52 (40) -> 13 (57) -> 57 (73) -> 15 (90) -> 5 (111) -> 37 (129) -> 20 (149) -> 70 (169) -> 60 (188) -> 71 (196) -> 36 (210) -> 47 (231) -> 48 (252) -> 30 (276) -> 74 (284) -> 2 (306) -> 68 (326) -> 75 (334) -> 0 (334)
#3: 0 (0) -> 67 (20) -> 34 (34) -> 46 (55) -> 8 (71) -> 7 (87) -> 35 (101) -> 19 (121) -> 14 (138) -> 59 (157) -> 66 (177) -> 65 (194) -> 38 (212) -> 10 (243) -> 31 (267) -> 39 (285) -> 72 (293) -> 58 (312) -> 12 (329) -> 26 (346) -> 0 (346)

Cost: 436.0
Executando instancia P76_3_23_4_1.fcvrp na seed 2
------------------------------------------------------------------------------------------------------------------------------------------------
|  Restart |       Iter |       Best Feas. |             Best |      Current |       CapPen |  MinVisPen |  MaxVisPen |   Pool |    Time(s) |
------------------------------------------------------------------------------------------------------------------------------------------------
|        1 |          0 |           551.00 |           551.00 |       551.00 |        79.36 |      79.36 |      79.36 |      3 |     0.0027 |
|        1 |        500 |           436.00 |           435.16 |       459.00 |         0.11 |       0.01 |       0.01 |    624 |     1.0880 |
|        1 |       1000 |           436.00 |           435.16 |       439.50 |         0.55 |       0.01 |       0.01 |   1007 |     1.8156 |
|        1 |       1500 |           436.00 |           435.16 |       438.00 |         0.24 |       0.01 |       0.01 |   1446 |     2.5423 |
|        1 |       2000 |           436.00 |           435.16 |       442.00 |         0.06 |       0.01 |       0.01 |   1797 |     3.2594 |
|        1 |       2500 |           436.00 |           435.16 |       443.42 |         0.39 |       0.01 |       0.01 |   2138 |     4.1057 |
|        1 |       3000 |           436.00 |           435.16 |       456.10 |         1.20 |       0.01 |       0.01 |   2412 |     4.8851 |
|        1 |       3500 |           436.00 |           435.16 |       449.86 |         0.66 |       0.01 |       0.01 |   2669 |     5.6321 |
|        1 |       4000 |           436.00 |           435.16 |       476.00 |         0.12 |       0.01 |       0.01 |   3091 |     6.3538 |
|        1 |       4500 |           436.00 |           435.16 |       448.09 |         0.10 |       0.01 |       0.01 |   3403 |     7.1470 |
|        1 |       5000 |           436.00 |           435.08 |       441.00 |         0.13 |       0.01 |       0.01 |   3585 |     8.0177 |
Version identifier: 22.1.1.0 | 2022-11-28 | 9160aff4d
CPXPARAM_MIP_Tolerances_UpperCutoff              436.5
Tried aggregator 1 time.
MIP Presolve eliminated 37 rows and 512 columns.
MIP Presolve modified 2911 coefficients.
Reduced MIP has 64 rows, 1242 columns, and 29222 nonzeros.
Reduced MIP has 1242 binaries, 0 generals, 0 SOSs, and 0 indicators.
Presolve time = 0.10 sec. (57.28 ticks)
Probing fixed 92 vars, tightened 0 bounds.
Probing changed sense of 6 constraints.
Probing time = 0.17 sec. (78.79 ticks)
Tried aggregator 2 times.
Detecting symmetries...
MIP Presolve eliminated 7 rows and 93 columns.
MIP Presolve modified 3238 coefficients.
Aggregator did 1 substitutions.
Reduced MIP has 56 rows, 1148 columns, and 21985 nonzeros.
Reduced MIP has 1148 binaries, 0 generals, 0 SOSs, and 0 indicators.
Presolve time = 0.06 sec. (27.43 ticks)
Probing time = 0.05 sec. (6.70 ticks)
Clique table members: 92.
MIP emphasis: balance optimality and feasibility.
MIP search method: dynamic search.
Parallel mode: deterministic, using up to 4 threads.
Root relaxation solution time = 0.02 sec. (14.69 ticks)

        Nodes                                         Cuts/
   Node  Left     Objective  IInf  Best Integer    Best Bound    ItCnt     Gap

      0     0      435.9286    20                    435.9286      193         
*     0+    0                          436.0000      435.9286             0.02%
      0     0        cutoff            436.0000      436.0000      238    0.00%
Elapsed time = 0.49 sec. (202.52 ticks, tree = 0.01 MB, solutions = 1)

Clique cuts applied:  1
Zero-half cuts applied:  2
Gomory fractional cuts applied:  2

Root node processing (before b&c):
  Real time             =    0.49 sec. (202.64 ticks)
Parallel b&c, 4 threads:
  Real time             =    0.00 sec. (0.00 ticks)
  Sync time (average)   =    0.00 sec.
  Wait time (average)   =    0.00 sec.
                          ------------
Total (root+branch&cut) =    0.49 sec. (202.64 ticks)
termination_status(sp) = OPTIMAL
objective_value(sp) = 436.0
#1: 0 (0) -> 4 (21) -> 52 (40) -> 13 (57) -> 57 (73) -> 15 (90) -> 5 (111) -> 37 (129) -> 20 (149) -> 70 (169) -> 60 (188) -> 71 (196) -> 36 (210) -> 47 (231) -> 48 (252) -> 30 (276) -> 74 (284) -> 2 (306) -> 68 (326) -> 75 (334) -> 0 (334)
#2: 0 (0) -> 26 (17) -> 12 (34) -> 58 (53) -> 72 (61) -> 39 (79) -> 31 (103) -> 10 (134) -> 38 (152) -> 65 (169) -> 66 (189) -> 59 (208) -> 14 (225) -> 19 (245) -> 35 (259) -> 7 (275) -> 8 (291) -> 46 (312) -> 34 (326) -> 67 (346) -> 0 (346)
#3: 0 (0) -> 6 (21) -> 33 (49) -> 1 (71) -> 73 (79) -> 62 (96) -> 28 (117) -> 61 (136) -> 22 (151) -> 64 (168) -> 42 (188) -> 41 (208) -> 56 (224) -> 23 (239) -> 63 (256) -> 16 (276) -> 3 (297) -> 51 (310) -> 17 (330) -> 0 (330)

Cost: 436.0
Executando instancia P76_3_23_4_1.fcvrp na seed 3
------------------------------------------------------------------------------------------------------------------------------------------------
|  Restart |       Iter |       Best Feas. |             Best |      Current |       CapPen |  MinVisPen |  MaxVisPen |   Pool |    Time(s) |
------------------------------------------------------------------------------------------------------------------------------------------------
|        1 |          0 |           521.00 |           521.00 |       521.00 |        67.57 |      67.57 |      67.57 |      3 |     0.0043 |
|        1 |        500 |           436.00 |           435.14 |       436.00 |         0.28 |       0.01 |       0.01 |    569 |     1.2798 |
|        1 |       1000 |           436.00 |           435.14 |       462.00 |         0.26 |       0.01 |       0.01 |    856 |     2.0876 |
|        1 |       1500 |           436.00 |           435.14 |       436.42 |         0.46 |       0.01 |       0.01 |   1374 |     2.8410 |
|        1 |       2000 |           436.00 |           435.14 |       460.38 |         0.42 |       0.01 |       0.01 |   1649 |     3.5708 |
|        1 |       2500 |           436.00 |           435.14 |       438.95 |         0.25 |       0.01 |       0.01 |   2031 |     4.3825 |
|        1 |       3000 |           436.00 |           435.14 |       449.00 |         0.38 |       0.01 |       0.01 |   2307 |     5.4177 |
|        1 |       3500 |           436.00 |           435.14 |       467.00 |         0.19 |       0.01 |       0.01 |   2692 |     6.3898 |
|        1 |       4000 |           436.00 |           435.13 |       441.33 |         0.34 |       0.01 |       0.01 |   2933 |     7.2943 |
|        1 |       4500 |           436.00 |           435.13 |       468.41 |         0.44 |       0.01 |       0.01 |   3152 |     8.2539 |
|        1 |       5000 |           436.00 |           435.13 |       453.00 |         0.23 |       0.01 |       0.01 |   3469 |     9.0825 |
Version identifier: 22.1.1.0 | 2022-11-28 | 9160aff4d
CPXPARAM_MIP_Tolerances_UpperCutoff              436.5
Tried aggregator 1 time.
MIP Presolve eliminated 39 rows and 523 columns.
MIP Presolve modified 2737 coefficients.
Reduced MIP has 61 rows, 1239 columns, and 28696 nonzeros.
Reduced MIP has 1239 binaries, 0 generals, 0 SOSs, and 0 indicators.
Presolve time = 0.07 sec. (35.64 ticks)
Probing fixed 133 vars, tightened 0 bounds.
Probing changed sense of 1 constraints.
Probing time = 0.16 sec. (80.41 ticks)
Tried aggregator 1 time.
MIP Presolve eliminated 1 rows and 134 columns.
MIP Presolve modified 1635 coefficients.
Reduced MIP has 60 rows, 1105 columns, and 24087 nonzeros.
Reduced MIP has 1105 binaries, 0 generals, 0 SOSs, and 0 indicators.
Presolve time = 0.03 sec. (18.00 ticks)
Probing fixed 2 vars, tightened 0 bounds.
Probing time = 0.04 sec. (20.58 ticks)
Tried aggregator 1 time.
Detecting symmetries...
MIP Presolve eliminated 0 rows and 2 columns.
Reduced MIP has 60 rows, 1103 columns, and 24038 nonzeros.
Reduced MIP has 1103 binaries, 0 generals, 0 SOSs, and 0 indicators.
Presolve time = 0.02 sec. (14.66 ticks)
Probing time = 0.02 sec. (7.00 ticks)
Clique table members: 98.
MIP emphasis: balance optimality and feasibility.
MIP search method: dynamic search.
Parallel mode: deterministic, using up to 4 threads.
Root relaxation solution time = 0.01 sec. (12.02 ticks)

        Nodes                                         Cuts/
   Node  Left     Objective  IInf  Best Integer    Best Bound    ItCnt     Gap

      0     0      436.0000     7                    436.0000      151         
*     0+    0                          436.0000      436.0000             0.00%
      0     0        cutoff            436.0000      436.0000      187    0.00%
Elapsed time = 0.40 sec. (206.67 ticks, tree = 0.01 MB, solutions = 1)

Clique cuts applied:  1
Zero-half cuts applied:  2
Gomory fractional cuts applied:  1

Root node processing (before b&c):
  Real time             =    0.40 sec. (206.72 ticks)
Parallel b&c, 4 threads:
  Real time             =    0.00 sec. (0.00 ticks)
  Sync time (average)   =    0.00 sec.
  Wait time (average)   =    0.00 sec.
                          ------------
Total (root+branch&cut) =    0.40 sec. (206.72 ticks)
termination_status(sp) = OPTIMAL
objective_value(sp) = 436.0
#1: 0 (0) -> 51 (13) -> 44 (34) -> 3 (55) -> 16 (75) -> 63 (92) -> 23 (107) -> 56 (123) -> 41 (143) -> 42 (163) -> 64 (180) -> 22 (195) -> 61 (214) -> 28 (235) -> 62 (252) -> 73 (260) -> 1 (282) -> 33 (310) -> 6 (331) -> 0 (331)
#2: 0 (0) -> 4 (21) -> 52 (40) -> 27 (57) -> 13 (74) -> 57 (90) -> 15 (107) -> 5 (128) -> 37 (146) -> 20 (166) -> 70 (186) -> 60 (205) -> 71 (213) -> 36 (227) -> 47 (248) -> 21 (268) -> 74 (276) -> 30 (300) -> 2 (322) -> 68 (342) -> 75 (350) -> 0 (350)
#3: 0 (0) -> 67 (20) -> 34 (34) -> 46 (55) -> 8 (71) -> 7 (87) -> 35 (101) -> 14 (118) -> 59 (137) -> 66 (157) -> 65 (174) -> 38 (192) -> 10 (223) -> 31 (247) -> 39 (265) -> 72 (273) -> 58 (292) -> 12 (309) -> 17 (329) -> 0 (329)

Cost: 436.0
Executando instancia P76_3_23_4_1.fcvrp na seed 4
------------------------------------------------------------------------------------------------------------------------------------------------
|  Restart |       Iter |       Best Feas. |             Best |      Current |       CapPen |  MinVisPen |  MaxVisPen |   Pool |    Time(s) |
------------------------------------------------------------------------------------------------------------------------------------------------
|        1 |          0 |           455.00 |           455.00 |       455.00 |        60.50 |      60.50 |      60.50 |      3 |     0.0061 |
|        1 |        500 |           436.00 |           435.31 |       472.00 |         0.55 |       0.01 |       0.01 |    718 |     1.4047 |
|        1 |       1000 |           436.00 |           435.27 |       454.94 |         0.33 |       0.01 |       0.01 |   1061 |     2.2296 |
|        1 |       1500 |           436.00 |           435.27 |       440.00 |         0.73 |       0.01 |       0.01 |   1388 |     3.0837 |
|        1 |       2000 |           436.00 |           435.27 |       452.00 |         0.19 |       0.01 |       0.01 |   1761 |     3.8656 |
|        1 |       2500 |           436.00 |           435.27 |       448.14 |         0.18 |       0.01 |       0.01 |   2080 |     4.7446 |
|        1 |       3000 |           436.00 |           435.27 |       476.73 |         0.24 |       0.01 |       0.01 |   2321 |     5.7197 |
|        1 |       3500 |           436.00 |           435.21 |       460.00 |         0.20 |       0.01 |       0.01 |   2653 |     6.9125 |
|        1 |       4000 |           436.00 |           435.21 |       440.84 |         0.23 |       0.01 |       0.01 |   2845 |     8.1623 |
|        1 |       4500 |           436.00 |           435.21 |       498.00 |         0.39 |       0.01 |       0.01 |   3305 |     9.6519 |
|        1 |       5000 |           436.00 |           435.21 |       480.00 |         0.54 |       0.01 |       0.01 |   3624 |    11.2448 |
Version identifier: 22.1.1.0 | 2022-11-28 | 9160aff4d
CPXPARAM_MIP_Tolerances_UpperCutoff              436.5
Tried aggregator 1 time.
MIP Presolve eliminated 39 rows and 580 columns.
MIP Presolve modified 3906 coefficients.
Reduced MIP has 61 rows, 1187 columns, and 26966 nonzeros.
Reduced MIP has 1187 binaries, 0 generals, 0 SOSs, and 0 indicators.
Presolve time = 0.11 sec. (33.40 ticks)
Probing fixed 121 vars, tightened 0 bounds.
Probing changed sense of 1 constraints.
Probing time = 0.34 sec. (69.51 ticks)
Tried aggregator 2 times.
MIP Presolve eliminated 2 rows and 121 columns.
MIP Presolve modified 1440 coefficients.
Aggregator did 1 substitutions.
Reduced MIP has 58 rows, 1065 columns, and 21988 nonzeros.
Reduced MIP has 1065 binaries, 0 generals, 0 SOSs, and 0 indicators.
Presolve time = 0.04 sec. (23.92 ticks)
Probing fixed 15 vars, tightened 0 bounds.
Probing time = 0.28 sec. (48.03 ticks)
Tried aggregator 1 time.
Detecting symmetries...
MIP Presolve eliminated 0 rows and 15 columns.
Reduced MIP has 58 rows, 1050 columns, and 21677 nonzeros.
Reduced MIP has 1050 binaries, 0 generals, 0 SOSs, and 0 indicators.
Presolve time = 0.03 sec. (12.54 ticks)
Probing time = 0.07 sec. (6.55 ticks)
Clique table members: 95.
MIP emphasis: balance optimality and feasibility.
MIP search method: dynamic search.
Parallel mode: deterministic, using up to 4 threads.
Root relaxation solution time = 0.02 sec. (11.33 ticks)

        Nodes                                         Cuts/
   Node  Left     Objective  IInf  Best Integer    Best Bound    ItCnt     Gap

      0     0      436.0000    11                    436.0000      164         
*     0+    0                          436.0000      436.0000             0.00%
      0     0        cutoff            436.0000      436.0000      195    0.00%
Elapsed time = 0.97 sec. (219.53 ticks, tree = 0.01 MB, solutions = 1)

Root node processing (before b&c):
  Real time             =    0.97 sec. (219.58 ticks)
Parallel b&c, 4 threads:
  Real time             =    0.00 sec. (0.00 ticks)
  Sync time (average)   =    0.00 sec.
  Wait time (average)   =    0.00 sec.
                          ------------
Total (root+branch&cut) =    0.97 sec. (219.58 ticks)
termination_status(sp) = OPTIMAL
objective_value(sp) = 436.0
#1: 0 (0) -> 51 (13) -> 44 (34) -> 3 (55) -> 16 (75) -> 63 (92) -> 23 (107) -> 56 (123) -> 41 (143) -> 42 (163) -> 64 (180) -> 22 (195) -> 61 (214) -> 28 (235) -> 62 (252) -> 1 (274) -> 73 (282) -> 33 (310) -> 6 (331) -> 0 (331)
#2: 0 (0) -> 4 (21) -> 52 (40) -> 27 (57) -> 13 (74) -> 57 (90) -> 15 (107) -> 5 (128) -> 37 (146) -> 20 (166) -> 70 (186) -> 60 (205) -> 71 (213) -> 36 (227) -> 47 (248) -> 21 (268) -> 74 (276) -> 30 (300) -> 2 (322) -> 68 (342) -> 75 (350) -> 0 (350)
#3: 0 (0) -> 67 (20) -> 34 (34) -> 46 (55) -> 8 (71) -> 7 (87) -> 35 (101) -> 14 (118) -> 59 (137) -> 66 (157) -> 65 (174) -> 38 (192) -> 10 (223) -> 31 (247) -> 39 (265) -> 72 (273) -> 58 (292) -> 12 (309) -> 17 (329) -> 0 (329)

Cost: 436.0
Executando instancia P76_3_23_4_1.fcvrp na seed 5
------------------------------------------------------------------------------------------------------------------------------------------------
|  Restart |       Iter |       Best Feas. |             Best |      Current |       CapPen |  MinVisPen |  MaxVisPen |   Pool |    Time(s) |
------------------------------------------------------------------------------------------------------------------------------------------------
|        1 |          0 |           482.00 |           482.00 |       482.00 |        64.91 |      64.91 |      64.91 |      3 |     0.0083 |
|        1 |        500 |           437.00 |           437.00 |       462.00 |         0.19 |       0.01 |       0.01 |    845 |     1.4566 |
|        1 |        500 |           436.00 |           435.29 |       441.00 |         0.17 |       0.01 |       0.01 |   1188 |     2.5045 |
|        1 |       1000 |           436.00 |           435.27 |       456.00 |         0.33 |       0.01 |       0.01 |   1498 |     3.2724 |
|        1 |       1500 |           436.00 |           435.27 |       470.00 |         0.12 |       0.01 |       0.01 |   1985 |     4.2373 |
|        1 |       2000 |           436.00 |           435.27 |       436.93 |         1.02 |       0.01 |       0.01 |   2409 |     5.1089 |
|        1 |       2500 |           436.00 |           435.16 |       457.17 |         0.26 |       0.01 |       0.01 |   2627 |     5.8522 |
|        1 |       3000 |           436.00 |           435.16 |       441.60 |         0.32 |       0.01 |       0.01 |   2959 |     6.6550 |
|        1 |       3500 |           436.00 |           435.16 |       454.00 |         0.18 |       0.01 |       0.01 |   3223 |     7.4533 |
|        1 |       4000 |           436.00 |           435.16 |       478.89 |         0.49 |       0.01 |       0.01 |   3632 |     8.2686 |
|        1 |       4500 |           436.00 |           435.16 |       441.19 |         0.16 |       0.01 |       0.01 |   3948 |     9.0542 |
|        1 |       5000 |           436.00 |           435.16 |       446.00 |         0.12 |       0.01 |       0.01 |   4202 |     9.8177 |
Version identifier: 22.1.1.0 | 2022-11-28 | 9160aff4d
CPXPARAM_MIP_Tolerances_UpperCutoff              436.5
Tried aggregator 1 time.
MIP Presolve eliminated 39 rows and 500 columns.
MIP Presolve modified 1948 coefficients.
Reduced MIP has 62 rows, 1325 columns, and 31702 nonzeros.
Reduced MIP has 1325 binaries, 0 generals, 0 SOSs, and 0 indicators.
Presolve time = 0.07 sec. (39.86 ticks)
Tried aggregator 1 time.
Detecting symmetries...
Reduced MIP has 62 rows, 1325 columns, and 31702 nonzeros.
Reduced MIP has 1325 binaries, 0 generals, 0 SOSs, and 0 indicators.
Presolve time = 0.03 sec. (20.23 ticks)
Probing fixed 132 vars, tightened 0 bounds.
Probing changed sense of 2 constraints.
Probing time = 0.18 sec. (95.47 ticks)
Clique table members: 98.
MIP emphasis: balance optimality and feasibility.
MIP search method: dynamic search.
Parallel mode: deterministic, using up to 4 threads.
Root relaxation solution time = 0.02 sec. (20.96 ticks)

        Nodes                                         Cuts/
   Node  Left     Objective  IInf  Best Integer    Best Bound    ItCnt     Gap

      0     0      435.5714    14                    435.5714      206         
*     0+    0                          436.0000      435.5714             0.10%
      0     0        cutoff            436.0000      436.0000      280    0.00%
Elapsed time = 0.36 sec. (198.44 ticks, tree = 0.01 MB, solutions = 1)

Clique cuts applied:  4
Zero-half cuts applied:  6
Gomory fractional cuts applied:  5

Root node processing (before b&c):
  Real time             =    0.36 sec. (198.58 ticks)
Parallel b&c, 4 threads:
  Real time             =    0.00 sec. (0.00 ticks)
  Sync time (average)   =    0.00 sec.
  Wait time (average)   =    0.00 sec.
                          ------------
Total (root+branch&cut) =    0.36 sec. (198.58 ticks)
termination_status(sp) = OPTIMAL
objective_value(sp) = 436.0000000000001
#1: 0 (0) -> 17 (20) -> 12 (37) -> 58 (56) -> 72 (64) -> 39 (82) -> 31 (106) -> 10 (137) -> 38 (155) -> 65 (172) -> 66 (192) -> 59 (211) -> 14 (228) -> 35 (242) -> 7 (258) -> 8 (274) -> 46 (295) -> 34 (309) -> 67 (329) -> 0 (329)
#2: 0 (0) -> 4 (21) -> 52 (40) -> 27 (57) -> 13 (74) -> 57 (90) -> 15 (107) -> 5 (128) -> 37 (146) -> 20 (166) -> 70 (186) -> 60 (205) -> 71 (213) -> 36 (227) -> 47 (248) -> 21 (268) -> 74 (276) -> 30 (300) -> 2 (322) -> 68 (342) -> 75 (350) -> 0 (350)
#3: 0 (0) -> 6 (21) -> 33 (49) -> 1 (71) -> 73 (79) -> 62 (96) -> 28 (117) -> 61 (136) -> 22 (151) -> 64 (168) -> 42 (188) -> 41 (208) -> 56 (224) -> 23 (239) -> 63 (256) -> 16 (276) -> 3 (297) -> 44 (318) -> 51 (331) -> 0 (331)

Cost: 436.0
