Executando com parâmetros:
  path       = instances/homogeneous_fleet/70_100/P76_2_23_2_1.fcvrp
  seed       = 1
  restarts   = 1
  iterMax    = 5000
  randShift  = 1
  randSwap   = 1
Executando instancia P76_2_23_2_1.fcvrp na seed 1
------------------------------------------------------------------------------------------------------------------------------------------------
|  Restart |       Iter |       Best Feas. |             Best |      Current |       CapPen |  MinVisPen |  MaxVisPen |   Pool |    Time(s) |
------------------------------------------------------------------------------------------------------------------------------------------------
|        1 |          0 |           336.00 |           336.00 |       336.00 |        86.01 |      86.01 |      86.01 |      2 |     0.5559 |
|        1 |        500 |           260.00 |           260.00 |       299.49 |         0.27 |       0.01 |       0.01 |    427 |     0.4064 |
|        1 |       1000 |           260.00 |           260.00 |       312.59 |         0.19 |       0.01 |       0.01 |    758 |     0.7730 |
|        1 |       1500 |           260.00 |           260.00 |       266.25 |         0.02 |       0.01 |       0.01 |   1058 |     1.1375 |
|        1 |       2000 |           260.00 |           260.00 |       288.06 |         0.02 |       0.01 |       0.01 |   1356 |     1.5381 |
|        1 |       2500 |           260.00 |           260.00 |       270.15 |         0.17 |       0.01 |       0.01 |   1690 |     1.9447 |
|        1 |       3000 |           260.00 |           260.00 |       281.00 |         0.31 |       0.01 |       0.01 |   1976 |     2.3288 |
|        1 |       3500 |           260.00 |           260.00 |       269.57 |         0.07 |       0.01 |       0.01 |   2264 |     2.6863 |
|        1 |       4000 |           260.00 |           260.00 |       294.00 |         0.02 |       0.01 |       0.01 |   2504 |     3.0737 |
|        1 |       4500 |           260.00 |           260.00 |       285.43 |         0.24 |       0.01 |       0.01 |   2749 |     3.4681 |
|        1 |       5000 |           260.00 |           260.00 |       270.00 |         0.06 |       0.01 |       0.01 |   2986 |     3.8890 |
Version identifier: 22.1.1.0 | 2022-11-28 | 9160aff4d
CPXPARAM_MIP_Tolerances_UpperCutoff              260.5
Tried aggregator 1 time.
MIP Presolve eliminated 83 rows and 288 columns.
MIP Presolve modified 2133 coefficients.
Reduced MIP has 17 rows, 114 columns, and 814 nonzeros.
Reduced MIP has 114 binaries, 0 generals, 0 SOSs, and 0 indicators.
Presolve time = 0.01 sec. (6.46 ticks)
Probing fixed 8 vars, tightened 0 bounds.
Probing time = 0.00 sec. (0.96 ticks)
Cover probing fixed 1 vars, tightened 0 bounds.
Tried aggregator 1 time.
MIP Presolve eliminated 3 rows and 38 columns.
Reduced MIP has 14 rows, 76 columns, and 465 nonzeros.
Reduced MIP has 76 binaries, 0 generals, 0 SOSs, and 0 indicators.
Presolve time = 0.00 sec. (0.72 ticks)
Probing fixed 1 vars, tightened 0 bounds.
Probing time = 0.00 sec. (0.42 ticks)
Tried aggregator 1 time.
Detecting symmetries...
MIP Presolve eliminated 0 rows and 13 columns.
Reduced MIP has 14 rows, 63 columns, and 383 nonzeros.
Reduced MIP has 63 binaries, 0 generals, 0 SOSs, and 0 indicators.
Presolve time = 0.00 sec. (0.60 ticks)
Probing time = 0.00 sec. (0.29 ticks)
Clique table members: 84.
MIP emphasis: balance optimality and feasibility.
MIP search method: dynamic search.
Parallel mode: deterministic, using up to 4 threads.
Root relaxation solution time = 0.00 sec. (0.09 ticks)

        Nodes                                         Cuts/
   Node  Left     Objective  IInf  Best Integer    Best Bound    ItCnt     Gap

*     0     0      integral     0      260.0000      260.0000       18    0.00%
Elapsed time = 0.02 sec. (11.16 ticks, tree = 0.00 MB, solutions = 1)

Root node processing (before b&c):
  Real time             =    0.02 sec. (11.17 ticks)
Parallel b&c, 4 threads:
  Real time             =    0.00 sec. (0.00 ticks)
  Sync time (average)   =    0.00 sec.
  Wait time (average)   =    0.00 sec.
                          ------------
Total (root+branch&cut) =    0.02 sec. (11.17 ticks)
termination_status(sp) = OPTIMAL
objective_value(sp) = 260.0
#1: 0 (0) -> 17 (20) -> 51 (33) -> 6 (54) -> 1 (76) -> 43 (96) -> 41 (116) -> 56 (132) -> 23 (147) -> 63 (164) -> 16 (184) -> 3 (205) -> 44 (226) -> 32 (254) -> 9 (285) -> 39 (303) -> 72 (311) -> 58 (330) -> 26 (347) -> 0 (347)
#2: 0 (0) -> 67 (20) -> 34 (34) -> 8 (50) -> 19 (70) -> 54 (89) -> 57 (105) -> 15 (122) -> 20 (142) -> 70 (162) -> 60 (181) -> 37 (199) -> 5 (220) -> 29 (241) -> 30 (265) -> 4 (286) -> 0 (286)

Cost: 260.0
Executando instancia P76_2_23_2_1.fcvrp na seed 2
------------------------------------------------------------------------------------------------------------------------------------------------
|  Restart |       Iter |       Best Feas. |             Best |      Current |       CapPen |  MinVisPen |  MaxVisPen |   Pool |    Time(s) |
------------------------------------------------------------------------------------------------------------------------------------------------
|        1 |          0 |           293.00 |           293.00 |       293.00 |        83.45 |      83.45 |      83.45 |      2 |     0.0018 |
|        1 |        500 |           260.00 |           260.00 |       278.00 |         0.20 |       0.01 |       0.01 |    854 |     0.9941 |
|        1 |       1000 |           260.00 |           260.00 |       285.83 |         0.17 |       0.01 |       0.01 |   1162 |     1.4395 |
|        1 |       1500 |           260.00 |           260.00 |       296.95 |         0.29 |       0.01 |       0.01 |   1446 |     1.9196 |
|        1 |       2000 |           260.00 |           260.00 |       276.32 |         0.34 |       0.01 |       0.01 |   1741 |     2.3821 |
|        1 |       2500 |           260.00 |           260.00 |       304.00 |         0.20 |       0.01 |       0.01 |   2035 |     2.8232 |
|        1 |       3000 |           260.00 |           260.00 |       283.19 |         0.02 |       0.01 |       0.01 |   2263 |     3.2134 |
|        1 |       3500 |           260.00 |           260.00 |       292.00 |         0.22 |       0.01 |       0.01 |   2506 |     3.6731 |
|        1 |       4000 |           260.00 |           260.00 |       266.33 |         0.02 |       0.01 |       0.01 |   2715 |     4.1441 |
|        1 |       4500 |           260.00 |           260.00 |       269.00 |         0.01 |       0.01 |       0.01 |   2895 |     4.6168 |
|        1 |       5000 |           260.00 |           260.00 |       278.00 |         0.04 |       0.01 |       0.01 |   3073 |     5.0172 |
Version identifier: 22.1.1.0 | 2022-11-28 | 9160aff4d
CPXPARAM_MIP_Tolerances_UpperCutoff              260.5
Tried aggregator 2 times.
MIP Presolve eliminated 77 rows and 306 columns.
MIP Presolve modified 2170 coefficients.
Aggregator did 1 substitutions.
Reduced MIP has 19 rows, 142 columns, and 1180 nonzeros.
Reduced MIP has 142 binaries, 0 generals, 0 SOSs, and 0 indicators.
Presolve time = 0.01 sec. (7.36 ticks)
Probing fixed 6 vars, tightened 0 bounds.
Probing time = 0.00 sec. (1.80 ticks)
Tried aggregator 1 time.
Detecting symmetries...
MIP Presolve eliminated 0 rows and 6 columns.
Reduced MIP has 19 rows, 136 columns, and 1128 nonzeros.
Reduced MIP has 136 binaries, 0 generals, 0 SOSs, and 0 indicators.
Presolve time = 0.00 sec. (0.97 ticks)
Probing time = 0.00 sec. (1.67 ticks)
Clique table members: 49.
MIP emphasis: balance optimality and feasibility.
MIP search method: dynamic search.
Parallel mode: deterministic, using up to 4 threads.
Root relaxation solution time = 0.00 sec. (0.21 ticks)

        Nodes                                         Cuts/
   Node  Left     Objective  IInf  Best Integer    Best Bound    ItCnt     Gap

*     0     0      integral     0      260.0000      260.0000       21    0.00%
Elapsed time = 0.04 sec. (14.83 ticks, tree = 0.00 MB, solutions = 1)

Root node processing (before b&c):
  Real time             =    0.04 sec. (14.84 ticks)
Parallel b&c, 4 threads:
  Real time             =    0.00 sec. (0.00 ticks)
  Sync time (average)   =    0.00 sec.
  Wait time (average)   =    0.00 sec.
                          ------------
Total (root+branch&cut) =    0.04 sec. (14.84 ticks)
termination_status(sp) = OPTIMAL
objective_value(sp) = 260.0
#1: 0 (0) -> 4 (21) -> 30 (45) -> 29 (66) -> 5 (87) -> 37 (105) -> 60 (124) -> 70 (144) -> 20 (164) -> 15 (181) -> 57 (197) -> 54 (216) -> 19 (236) -> 8 (252) -> 34 (266) -> 67 (286) -> 0 (286)
#2: 0 (0) -> 17 (20) -> 51 (33) -> 6 (54) -> 1 (76) -> 43 (96) -> 41 (116) -> 56 (132) -> 23 (147) -> 63 (164) -> 16 (184) -> 3 (205) -> 44 (226) -> 32 (254) -> 9 (285) -> 39 (303) -> 72 (311) -> 58 (330) -> 26 (347) -> 0 (347)

Cost: 260.0
Executando instancia P76_2_23_2_1.fcvrp na seed 3
------------------------------------------------------------------------------------------------------------------------------------------------
|  Restart |       Iter |       Best Feas. |             Best |      Current |       CapPen |  MinVisPen |  MaxVisPen |   Pool |    Time(s) |
------------------------------------------------------------------------------------------------------------------------------------------------
|        1 |          0 |           299.00 |           299.00 |       299.00 |        81.79 |      81.79 |      81.79 |      2 |     0.0015 |
|        1 |        500 |           260.00 |           260.00 |       287.18 |         0.04 |       0.01 |       0.01 |    552 |     0.6418 |
|        1 |       1000 |           260.00 |           256.38 |       274.00 |         0.02 |       0.01 |       0.01 |    861 |     1.0337 |
|        1 |       1500 |           260.00 |           256.38 |       297.59 |         0.01 |       0.01 |       0.01 |   1188 |     1.4636 |
|        1 |       2000 |           260.00 |           256.38 |       286.00 |         0.21 |       0.01 |       0.01 |   1461 |     1.8356 |
|        1 |       2500 |           260.00 |           256.38 |       283.00 |         0.03 |       0.01 |       0.01 |   1725 |     2.2173 |
|        1 |       3000 |           260.00 |           256.38 |       278.00 |         0.47 |       0.01 |       0.01 |   2067 |     2.6320 |
|        1 |       3500 |           260.00 |           256.38 |       283.00 |         0.09 |       0.01 |       0.01 |   2323 |     3.0236 |
|        1 |       4000 |           260.00 |           256.38 |       299.00 |         0.23 |       0.01 |       0.01 |   2560 |     3.4047 |
|        1 |       4500 |           260.00 |           256.38 |       281.00 |         0.19 |       0.01 |       0.01 |   2785 |     3.7789 |
|        1 |       5000 |           260.00 |           256.38 |       270.00 |         0.02 |       0.01 |       0.01 |   3006 |     4.2644 |
Version identifier: 22.1.1.0 | 2022-11-28 | 9160aff4d
CPXPARAM_MIP_Tolerances_UpperCutoff              260.5
Tried aggregator 2 times.
MIP Presolve eliminated 74 rows and 337 columns.
MIP Presolve modified 1852 coefficients.
Aggregator did 1 substitutions.
Reduced MIP has 21 rows, 133 columns, and 1281 nonzeros.
Reduced MIP has 133 binaries, 0 generals, 0 SOSs, and 0 indicators.
Presolve time = 0.02 sec. (16.05 ticks)
Probing fixed 15 vars, tightened 0 bounds.
Probing time = 0.00 sec. (1.74 ticks)
Tried aggregator 1 time.
MIP Presolve eliminated 0 rows and 15 columns.
MIP Presolve modified 13 coefficients.
Reduced MIP has 21 rows, 118 columns, and 1131 nonzeros.
Reduced MIP has 118 binaries, 0 generals, 0 SOSs, and 0 indicators.
Presolve time = 0.00 sec. (1.13 ticks)
Probing fixed 1 vars, tightened 0 bounds.
Probing time = 0.00 sec. (1.46 ticks)
Tried aggregator 1 time.
Detecting symmetries...
MIP Presolve eliminated 0 rows and 1 columns.
Reduced MIP has 21 rows, 117 columns, and 1120 nonzeros.
Reduced MIP has 117 binaries, 0 generals, 0 SOSs, and 0 indicators.
Presolve time = 0.00 sec. (0.89 ticks)
Probing time = 0.00 sec. (1.43 ticks)
Clique table members: 47.
MIP emphasis: balance optimality and feasibility.
MIP search method: dynamic search.
Parallel mode: deterministic, using up to 4 threads.
Root relaxation solution time = 0.00 sec. (0.27 ticks)

        Nodes                                         Cuts/
   Node  Left     Objective  IInf  Best Integer    Best Bound    ItCnt     Gap

      0     0      260.0000     4                    260.0000       31         
*     0+    0                          260.0000      260.0000             0.00%
      0     0        cutoff            260.0000      260.0000       31    0.00%
Elapsed time = 0.04 sec. (27.54 ticks, tree = 0.01 MB, solutions = 1)

Root node processing (before b&c):
  Real time             =    0.04 sec. (27.55 ticks)
Parallel b&c, 4 threads:
  Real time             =    0.00 sec. (0.00 ticks)
  Sync time (average)   =    0.00 sec.
  Wait time (average)   =    0.00 sec.
                          ------------
Total (root+branch&cut) =    0.04 sec. (27.55 ticks)
termination_status(sp) = OPTIMAL
objective_value(sp) = 260.0
#1: 0 (0) -> 17 (20) -> 51 (33) -> 6 (54) -> 1 (76) -> 43 (96) -> 41 (116) -> 56 (132) -> 23 (147) -> 63 (164) -> 16 (184) -> 3 (205) -> 32 (233) -> 9 (264) -> 39 (282) -> 72 (290) -> 58 (309) -> 26 (326) -> 0 (326)
#2: 0 (0) -> 4 (21) -> 30 (45) -> 29 (66) -> 5 (87) -> 37 (105) -> 60 (124) -> 70 (144) -> 20 (164) -> 15 (181) -> 57 (197) -> 54 (216) -> 19 (236) -> 8 (252) -> 46 (273) -> 34 (287) -> 67 (307) -> 0 (307)

Cost: 260.0
Executando instancia P76_2_23_2_1.fcvrp na seed 4
------------------------------------------------------------------------------------------------------------------------------------------------
|  Restart |       Iter |       Best Feas. |             Best |      Current |       CapPen |  MinVisPen |  MaxVisPen |   Pool |    Time(s) |
------------------------------------------------------------------------------------------------------------------------------------------------
|        1 |          0 |           305.00 |           305.00 |       305.00 |        73.23 |      73.23 |      73.23 |      2 |     0.0017 |
|        1 |        500 |           260.00 |           260.00 |       266.00 |         0.01 |       0.01 |       0.01 |    599 |     0.5832 |
|        1 |       1000 |           260.00 |           255.81 |       275.00 |         0.01 |       0.01 |       0.01 |    906 |     0.9513 |
|        1 |       1500 |           260.00 |           255.81 |       291.00 |         0.05 |       0.01 |       0.01 |   1235 |     1.3506 |
|        1 |       2000 |           260.00 |           255.81 |       287.42 |         0.12 |       0.01 |       0.01 |   1495 |     1.7367 |
|        1 |       2500 |           260.00 |           255.81 |       282.00 |         0.01 |       0.01 |       0.01 |   1733 |     2.1577 |
|        1 |       3000 |           260.00 |           255.81 |       281.00 |         0.40 |       0.01 |       0.01 |   2010 |     2.5753 |
|        1 |       3500 |           260.00 |           255.81 |       287.42 |         0.29 |       0.01 |       0.01 |   2272 |     2.9532 |
|        1 |       4000 |           260.00 |           255.81 |       302.19 |         0.05 |       0.01 |       0.01 |   2510 |     3.3451 |
|        1 |       4500 |           260.00 |           255.81 |       293.00 |         0.20 |       0.01 |       0.01 |   2733 |     3.7929 |
|        1 |       5000 |           260.00 |           255.81 |       286.00 |         0.09 |       0.01 |       0.01 |   3003 |     4.2042 |
Version identifier: 22.1.1.0 | 2022-11-28 | 9160aff4d
CPXPARAM_MIP_Tolerances_UpperCutoff              260.5
Tried aggregator 2 times.
MIP Presolve eliminated 73 rows and 299 columns.
MIP Presolve modified 1622 coefficients.
Aggregator did 1 substitutions.
Reduced MIP has 21 rows, 125 columns, and 1194 nonzeros.
Reduced MIP has 125 binaries, 0 generals, 0 SOSs, and 0 indicators.
Presolve time = 0.02 sec. (12.41 ticks)
Probing fixed 10 vars, tightened 0 bounds.
Probing changed sense of 1 constraints.
Probing time = 0.00 sec. (1.52 ticks)
Tried aggregator 1 time.
Detecting symmetries...
MIP Presolve eliminated 0 rows and 10 columns.
Reduced MIP has 21 rows, 115 columns, and 1101 nonzeros.
Reduced MIP has 115 binaries, 0 generals, 0 SOSs, and 0 indicators.
Presolve time = 0.00 sec. (0.89 ticks)
Probing fixed 1 vars, tightened 0 bounds.
Probing time = 0.00 sec. (1.36 ticks)
Clique table members: 105.
MIP emphasis: balance optimality and feasibility.
MIP search method: dynamic search.
Parallel mode: deterministic, using up to 4 threads.
Root relaxation solution time = 0.00 sec. (0.26 ticks)

        Nodes                                         Cuts/
   Node  Left     Objective  IInf  Best Integer    Best Bound    ItCnt     Gap

*     0     0      integral     0      260.0000      260.0000       22    0.00%
Elapsed time = 0.03 sec. (19.36 ticks, tree = 0.00 MB, solutions = 1)

Root node processing (before b&c):
  Real time             =    0.04 sec. (19.37 ticks)
Parallel b&c, 4 threads:
  Real time             =    0.00 sec. (0.00 ticks)
  Sync time (average)   =    0.00 sec.
  Wait time (average)   =    0.00 sec.
                          ------------
Total (root+branch&cut) =    0.04 sec. (19.37 ticks)
termination_status(sp) = OPTIMAL
objective_value(sp) = 260.0
#1: 0 (0) -> 4 (21) -> 30 (45) -> 29 (66) -> 5 (87) -> 37 (105) -> 60 (124) -> 70 (144) -> 20 (164) -> 15 (181) -> 57 (197) -> 54 (216) -> 19 (236) -> 8 (252) -> 34 (266) -> 67 (286) -> 0 (286)
#2: 0 (0) -> 17 (20) -> 51 (33) -> 6 (54) -> 1 (76) -> 43 (96) -> 41 (116) -> 56 (132) -> 23 (147) -> 63 (164) -> 16 (184) -> 3 (205) -> 44 (226) -> 32 (254) -> 9 (285) -> 39 (303) -> 72 (311) -> 58 (330) -> 26 (347) -> 0 (347)

Cost: 260.0
Executando instancia P76_2_23_2_1.fcvrp na seed 5
------------------------------------------------------------------------------------------------------------------------------------------------
|  Restart |       Iter |       Best Feas. |             Best |      Current |       CapPen |  MinVisPen |  MaxVisPen |   Pool |    Time(s) |
------------------------------------------------------------------------------------------------------------------------------------------------
|        1 |          0 |           307.00 |           307.00 |       307.00 |        62.98 |      62.98 |      62.98 |      2 |     0.0023 |
|        1 |        500 |           260.00 |           260.00 |       292.00 |         0.03 |       0.01 |       0.01 |    442 |     0.4237 |
|        1 |       1000 |           260.00 |           260.00 |       282.00 |         0.10 |       0.01 |       0.01 |    776 |     0.7887 |
|        1 |       1500 |           260.00 |           260.00 |       270.00 |         0.13 |       0.01 |       0.01 |   1106 |     1.1668 |
|        1 |       2000 |           260.00 |           260.00 |       279.48 |         0.03 |       0.01 |       0.01 |   1403 |     1.5488 |
|        1 |       2500 |           260.00 |           260.00 |       270.00 |         0.04 |       0.01 |       0.01 |   1671 |     1.9330 |
|        1 |       3000 |           260.00 |           260.00 |       268.00 |         0.01 |       0.01 |       0.01 |   1906 |     2.3869 |
|        1 |       3500 |           260.00 |           260.00 |       282.00 |         0.14 |       0.01 |       0.01 |   2174 |     2.7836 |
|        1 |       4000 |           260.00 |           260.00 |       297.81 |         0.01 |       0.01 |       0.01 |   2475 |     3.1636 |
|        1 |       4500 |           260.00 |           260.00 |       299.00 |         0.32 |       0.01 |       0.01 |   2768 |     3.5597 |
|        1 |       5000 |           260.00 |           260.00 |       283.44 |         0.22 |       0.01 |       0.01 |   3012 |     3.9497 |
Version identifier: 22.1.1.0 | 2022-11-28 | 9160aff4d
CPXPARAM_MIP_Tolerances_UpperCutoff              260.5
Tried aggregator 2 times.
MIP Presolve eliminated 79 rows and 307 columns.
MIP Presolve modified 2002 coefficients.
Aggregator did 1 substitutions.
Reduced MIP has 18 rows, 120 columns, and 929 nonzeros.
Reduced MIP has 120 binaries, 0 generals, 0 SOSs, and 0 indicators.
Presolve time = 0.01 sec. (8.04 ticks)
Probing fixed 14 vars, tightened 0 bounds.
Probing changed sense of 1 constraints.
Probing time = 0.00 sec. (1.04 ticks)
Tried aggregator 1 time.
MIP Presolve eliminated 4 rows and 49 columns.
MIP Presolve modified 2 coefficients.
Reduced MIP has 14 rows, 71 columns, and 437 nonzeros.
Reduced MIP has 71 binaries, 0 generals, 0 SOSs, and 0 indicators.
Presolve time = 0.00 sec. (0.80 ticks)
Probing time = 0.00 sec. (0.36 ticks)
Tried aggregator 1 time.
Detecting symmetries...
MIP Presolve eliminated 3 rows and 13 columns.
MIP Presolve modified 1 coefficients.
Reduced MIP has 11 rows, 58 columns, and 322 nonzeros.
Reduced MIP has 58 binaries, 0 generals, 0 SOSs, and 0 indicators.
Presolve time = 0.00 sec. (0.39 ticks)
Probing time = 0.00 sec. (0.23 ticks)
Clique table members: 53.
MIP emphasis: balance optimality and feasibility.
MIP search method: dynamic search.
Parallel mode: deterministic, using up to 4 threads.
Root relaxation solution time = 0.00 sec. (0.06 ticks)

        Nodes                                         Cuts/
   Node  Left     Objective  IInf  Best Integer    Best Bound    ItCnt     Gap

*     0     0      integral     0      260.0000      260.0000       12    0.00%
Elapsed time = 0.02 sec. (12.55 ticks, tree = 0.00 MB, solutions = 1)

Root node processing (before b&c):
  Real time             =    0.02 sec. (12.56 ticks)
Parallel b&c, 4 threads:
  Real time             =    0.00 sec. (0.00 ticks)
  Sync time (average)   =    0.00 sec.
  Wait time (average)   =    0.00 sec.
                          ------------
Total (root+branch&cut) =    0.02 sec. (12.56 ticks)
termination_status(sp) = OPTIMAL
objective_value(sp) = 260.0
#1: 0 (0) -> 17 (20) -> 51 (33) -> 6 (54) -> 1 (76) -> 43 (96) -> 41 (116) -> 56 (132) -> 23 (147) -> 63 (164) -> 16 (184) -> 3 (205) -> 44 (226) -> 32 (254) -> 9 (285) -> 39 (303) -> 72 (311) -> 58 (330) -> 26 (347) -> 0 (347)
#2: 0 (0) -> 67 (20) -> 34 (34) -> 8 (50) -> 19 (70) -> 54 (89) -> 57 (105) -> 15 (122) -> 20 (142) -> 70 (162) -> 60 (181) -> 37 (199) -> 5 (220) -> 29 (241) -> 30 (265) -> 4 (286) -> 0 (286)

Cost: 260.0
